Archive member included to satisfy reference by file (symbol)

/opt/st/stm32cubeide_1.16.1/plugins/com.st.stm32cube.ide.mcu.externaltools.gnu-tools-for-stm32.12.3.rel1.linux64_1.0.200.202406132123/tools/bin/../lib/gcc/arm-none-eabi/12.3.1/../../../../arm-none-eabi/lib/thumb/v7e-m+fp/hard/libc_nano.a(libc_a-exit.o)
                              /opt/st/stm32cubeide_1.16.1/plugins/com.st.stm32cube.ide.mcu.externaltools.gnu-tools-for-stm32.12.3.rel1.linux64_1.0.200.202406132123/tools/bin/../lib/gcc/arm-none-eabi/12.3.1/../../../../arm-none-eabi/lib/thumb/v7e-m+fp/hard/crt0.o (exit)
/opt/st/stm32cubeide_1.16.1/plugins/com.st.stm32cube.ide.mcu.externaltools.gnu-tools-for-stm32.12.3.rel1.linux64_1.0.200.202406132123/tools/bin/../lib/gcc/arm-none-eabi/12.3.1/../../../../arm-none-eabi/lib/thumb/v7e-m+fp/hard/libc_nano.a(libc_a-malloc.o)
                              ./ThreadSafe/newlib_lock_glue.o (malloc)
/opt/st/stm32cubeide_1.16.1/plugins/com.st.stm32cube.ide.mcu.externaltools.gnu-tools-for-stm32.12.3.rel1.linux64_1.0.200.202406132123/tools/bin/../lib/gcc/arm-none-eabi/12.3.1/../../../../arm-none-eabi/lib/thumb/v7e-m+fp/hard/libc_nano.a(libc_a-mallocr.o)
                              /opt/st/stm32cubeide_1.16.1/plugins/com.st.stm32cube.ide.mcu.externaltools.gnu-tools-for-stm32.12.3.rel1.linux64_1.0.200.202406132123/tools/bin/../lib/gcc/arm-none-eabi/12.3.1/../../../../arm-none-eabi/lib/thumb/v7e-m+fp/hard/libc_nano.a(libc_a-malloc.o) (_malloc_r)
/opt/st/stm32cubeide_1.16.1/plugins/com.st.stm32cube.ide.mcu.externaltools.gnu-tools-for-stm32.12.3.rel1.linux64_1.0.200.202406132123/tools/bin/../lib/gcc/arm-none-eabi/12.3.1/../../../../arm-none-eabi/lib/thumb/v7e-m+fp/hard/libc_nano.a(libc_a-mlock.o)
                              /opt/st/stm32cubeide_1.16.1/plugins/com.st.stm32cube.ide.mcu.externaltools.gnu-tools-for-stm32.12.3.rel1.linux64_1.0.200.202406132123/tools/bin/../lib/gcc/arm-none-eabi/12.3.1/../../../../arm-none-eabi/lib/thumb/v7e-m+fp/hard/libc_nano.a(libc_a-mallocr.o) (__malloc_lock)
/opt/st/stm32cubeide_1.16.1/plugins/com.st.stm32cube.ide.mcu.externaltools.gnu-tools-for-stm32.12.3.rel1.linux64_1.0.200.202406132123/tools/bin/../lib/gcc/arm-none-eabi/12.3.1/../../../../arm-none-eabi/lib/thumb/v7e-m+fp/hard/libc_nano.a(libc_a-ctype_.o)
                              ./Src/usbserial.o (_ctype_)
/opt/st/stm32cubeide_1.16.1/plugins/com.st.stm32cube.ide.mcu.externaltools.gnu-tools-for-stm32.12.3.rel1.linux64_1.0.200.202406132123/tools/bin/../lib/gcc/arm-none-eabi/12.3.1/../../../../arm-none-eabi/lib/thumb/v7e-m+fp/hard/libc_nano.a(libc_a-findfp.o)
                              ./Middlewares/Third_Party/FreeRTOS/Source/tasks.o (__sf)
/opt/st/stm32cubeide_1.16.1/plugins/com.st.stm32cube.ide.mcu.externaltools.gnu-tools-for-stm32.12.3.rel1.linux64_1.0.200.202406132123/tools/bin/../lib/gcc/arm-none-eabi/12.3.1/../../../../arm-none-eabi/lib/thumb/v7e-m+fp/hard/libc_nano.a(libc_a-fwalk.o)
                              /opt/st/stm32cubeide_1.16.1/plugins/com.st.stm32cube.ide.mcu.externaltools.gnu-tools-for-stm32.12.3.rel1.linux64_1.0.200.202406132123/tools/bin/../lib/gcc/arm-none-eabi/12.3.1/../../../../arm-none-eabi/lib/thumb/v7e-m+fp/hard/libc_nano.a(libc_a-findfp.o) (_fwalk_sglue)
/opt/st/stm32cubeide_1.16.1/plugins/com.st.stm32cube.ide.mcu.externaltools.gnu-tools-for-stm32.12.3.rel1.linux64_1.0.200.202406132123/tools/bin/../lib/gcc/arm-none-eabi/12.3.1/../../../../arm-none-eabi/lib/thumb/v7e-m+fp/hard/libc_nano.a(libc_a-stdio.o)
                              /opt/st/stm32cubeide_1.16.1/plugins/com.st.stm32cube.ide.mcu.externaltools.gnu-tools-for-stm32.12.3.rel1.linux64_1.0.200.202406132123/tools/bin/../lib/gcc/arm-none-eabi/12.3.1/../../../../arm-none-eabi/lib/thumb/v7e-m+fp/hard/libc_nano.a(libc_a-findfp.o) (__sread)
/opt/st/stm32cubeide_1.16.1/plugins/com.st.stm32cube.ide.mcu.externaltools.gnu-tools-for-stm32.12.3.rel1.linux64_1.0.200.202406132123/tools/bin/../lib/gcc/arm-none-eabi/12.3.1/../../../../arm-none-eabi/lib/thumb/v7e-m+fp/hard/libc_nano.a(libc_a-vsnprintf.o)
                              ./Src/usbserial.o (vsnprintf)
/opt/st/stm32cubeide_1.16.1/plugins/com.st.stm32cube.ide.mcu.externaltools.gnu-tools-for-stm32.12.3.rel1.linux64_1.0.200.202406132123/tools/bin/../lib/gcc/arm-none-eabi/12.3.1/../../../../arm-none-eabi/lib/thumb/v7e-m+fp/hard/libc_nano.a(libc_a-memset.o)
                              /opt/st/stm32cubeide_1.16.1/plugins/com.st.stm32cube.ide.mcu.externaltools.gnu-tools-for-stm32.12.3.rel1.linux64_1.0.200.202406132123/tools/bin/../lib/gcc/arm-none-eabi/12.3.1/../../../../arm-none-eabi/lib/thumb/v7e-m+fp/hard/crt0.o (memset)
/opt/st/stm32cubeide_1.16.1/plugins/com.st.stm32cube.ide.mcu.externaltools.gnu-tools-for-stm32.12.3.rel1.linux64_1.0.200.202406132123/tools/bin/../lib/gcc/arm-none-eabi/12.3.1/../../../../arm-none-eabi/lib/thumb/v7e-m+fp/hard/libc_nano.a(libc_a-closer.o)
[...]
Memory Configuration

Name             Origin             Length             Attributes
RAM              0x20000000         0x00050000         xrw
RAM2             0x10000000         0x00010000         xrw
FLASH            0x08000000         0x00080000         xr
*default*        0x00000000         0xffffffff

Linker script and memory map

LOAD /opt/st/stm32cubeide_1.16.1/plugins/com.st.stm32cube.ide.mcu.externaltools.gnu-tools-for-stm32.12.3.rel1.linux64_1.0.200.202406132123/tools/bin/../lib/gcc/arm-none-eabi/12.3.1/thumb/v7e-m+fp/hard/crti.o
LOAD /opt/st/stm32cubeide_1.16.1/plugins/com.st.stm32cube.ide.mcu.externaltools.gnu-tools-for-stm32.12.3.rel1.linux64_1.0.200.202406132123/tools/bin/../lib/gcc/arm-none-eabi/12.3.1/thumb/v7e-m+fp/hard/crtbegin.o
LOAD /opt/st/stm32cubeide_1.16.1/plugins/com.st.stm32cube.ide.mcu.externaltools.gnu-tools-for-stm32.12.3.rel1.linux64_1.0.200.202406132123/tools/bin/../lib/gcc/arm-none-eabi/12.3.1/../../../../arm-none-eabi/lib/thumb/v7e-m+fp/hard/crt0.o
LOAD ./Drivers/STM32L4xx_HAL_Driver/Src/stm32l4xx_hal.o
LOAD ./Drivers/STM32L4xx_HAL_Driver/Src/stm32l4xx_hal_adc.o
LOAD ./Drivers/STM32L4xx_HAL_Driver/Src/stm32l4xx_hal_adc_ex.o
LOAD ./Drivers/STM32L4xx_HAL_Driver/Src/stm32l4xx_hal_comp.o
LOAD ./Drivers/STM32L4xx_HAL_Driver/Src/stm32l4xx_hal_cortex.o
LOAD ./Drivers/STM32L4xx_HAL_Driver/Src/stm32l4xx_hal_dac.o
LOAD ./Drivers/STM32L4xx_HAL_Driver/Src/stm32l4xx_hal_dac_ex.o
LOAD ./Drivers/STM32L4xx_HAL_Driver/Src/stm32l4xx_hal_dma.o
LOAD ./Drivers/STM32L4xx_HAL_Driver/Src/stm32l4xx_hal_dma_ex.o
LOAD ./Drivers/STM32L4xx_HAL_Driver/Src/stm32l4xx_hal_exti.o
LOAD ./Drivers/STM32L4xx_HAL_Driver/Src/stm32l4xx_hal_flash.o
LOAD ./Drivers/STM32L4xx_HAL_Driver/Src/stm32l4xx_hal_flash_ex.o
LOAD ./Drivers/STM32L4xx_HAL_Driver/Src/stm32l4xx_hal_flash_ramfunc.o
LOAD ./Drivers/STM32L4xx_HAL_Driver/Src/stm32l4xx_hal_gpio.o
LOAD ./Drivers/STM32L4xx_HAL_Driver/Src/stm32l4xx_hal_i2c.o
LOAD ./Drivers/STM32L4xx_HAL_Driver/Src/stm32l4xx_hal_i2c_ex.o
LOAD ./Drivers/STM32L4xx_HAL_Driver/Src/stm32l4xx_hal_lcd.o
LOAD ./Drivers/STM32L4xx_HAL_Driver/Src/stm32l4xx_hal_opamp.o
LOAD ./Drivers/STM32L4xx_HAL_Driver/Src/stm32l4xx_hal_opamp_ex.o
LOAD ./Drivers/STM32L4xx_HAL_Driver/Src/stm32l4xx_hal_pcd.o
LOAD ./Drivers/STM32L4xx_HAL_Driver/Src/stm32l4xx_hal_pcd_ex.o
LOAD ./Drivers/STM32L4xx_HAL_Driver/Src/stm32l4xx_hal_pwr.o
LOAD ./Drivers/STM32L4xx_HAL_Driver/Src/stm32l4xx_hal_pwr_ex.o
LOAD ./Drivers/STM32L4xx_HAL_Driver/Src/stm32l4xx_hal_rcc.o
LOAD ./Drivers/STM32L4xx_HAL_Driver/Src/stm32l4xx_hal_rcc_ex.o
LOAD ./Drivers/STM32L4xx_HAL_Driver/Src/stm32l4xx_hal_sram.o
LOAD ./Drivers/STM32L4xx_HAL_Driver/Src/stm32l4xx_hal_tim.o
LOAD ./Drivers/STM32L4xx_HAL_Driver/Src/stm32l4xx_hal_tim_ex.o
LOAD ./Drivers/STM32L4xx_HAL_Driver/Src/stm32l4xx_ll_exti.o
LOAD ./Drivers/STM32L4xx_HAL_Driver/Src/stm32l4xx_ll_fmc.o
LOAD ./Drivers/STM32L4xx_HAL_Driver/Src/stm32l4xx_ll_gpio.o
LOAD ./Drivers/STM32L4xx_HAL_Driver/Src/stm32l4xx_ll_usb.o
LOAD ./Drivers/STM32L4xx_HAL_Driver/Src/stm32l4xx_ll_utils.o
LOAD ./Middlewares/ST/STM32_USB_Device_Library/Class/CDC/Src/usbd_cdc.o
LOAD ./Middlewares/ST/STM32_USB_Device_Library/Core/Src/usbd_core.o
LOAD ./Middlewares/ST/STM32_USB_Device_Library/Core/Src/usbd_ctlreq.o
LOAD ./Middlewares/ST/STM32_USB_Device_Library/Core/Src/usbd_ioreq.o
LOAD ./Middlewares/Third_Party/FreeRTOS/Source/CMSIS_RTOS_V2/cmsis_os2.o
LOAD ./Middlewares/Third_Party/FreeRTOS/Source/croutine.o
LOAD ./Middlewares/Third_Party/FreeRTOS/Source/event_groups.o
LOAD ./Middlewares/Third_Party/FreeRTOS/Source/list.o
LOAD ./Middlewares/Third_Party/FreeRTOS/Source/queue.o
LOAD ./Middlewares/Third_Party/FreeRTOS/Source/stream_buffer.o
LOAD ./Middlewares/Third_Party/FreeRTOS/Source/tasks.o
LOAD ./Middlewares/Third_Party/FreeRTOS/Source/timers.o
LOAD ./Middlewares/Third_Party/FreeRTOS/Source/portable/GCC/ARM_CM4F/port.o
LOAD ./Middlewares/Third_Party/FreeRTOS/Source/portable/MemMang/heap_4.o
LOAD ./Src/application.o
LOAD ./Src/freertos.o
LOAD ./Src/io.o
LOAD ./Src/main.o
LOAD ./Src/stm32l4xx_hal_msp.o
LOAD ./Src/stm32l4xx_hal_timebase_tim.o
LOAD ./Src/stm32l4xx_it.o
LOAD ./Src/syscalls.o
LOAD ./Src/sysmem.o
LOAD ./Src/system_stm32l4xx.o
LOAD ./Src/usb_device.o
LOAD ./Src/usbd_cdc_if.o
LOAD ./Src/usbd_conf.o
LOAD ./Src/usbd_desc.o
LOAD ./Src/usbserial.o
LOAD ./Startup/startup_stm32l496vetx.o
LOAD ./ThreadSafe/newlib_lock_glue.o
START GROUP
LOAD /opt/st/stm32cubeide_1.16.1/plugins/com.st.stm32cube.ide.mcu.externaltools.gnu-tools-for-stm32.12.3.rel1.linux64_1.0.200.202406132123/tools/bin/../lib/gcc/arm-none-eabi/12.3.1/../../../../arm-none-eabi/lib/thumb/v7e-m+fp/hard/libc_nano.a
LOAD /opt/st/stm32cubeide_1.16.1/plugins/com.st.stm32cube.ide.mcu.externaltools.gnu-tools-for-stm32.12.3.rel1.linux64_1.0.200.202406132123/tools/bin/../lib/gcc/arm-none-eabi/12.3.1/../../../../arm-none-eabi/lib/thumb/v7e-m+fp/hard/libm.a
END GROUP
START GROUP
LOAD /opt/st/stm32cubeide_1.16.1/plugins/com.st.stm32cube.ide.mcu.externaltools.gnu-tools-for-stm32.12.3.rel1.linux64_1.0.200.202406132123/tools/bin/../lib/gcc/arm-none-eabi/12.3.1/thumb/v7e-m+fp/hard/libgcc.a
LOAD /opt/st/stm32cubeide_1.16.1/plugins/com.st.stm32cube.ide.mcu.externaltools.gnu-tools-for-stm32.12.3.rel1.linux64_1.0.200.202406132123/tools/bin/../lib/gcc/arm-none-eabi/12.3.1/../../../../arm-none-eabi/lib/thumb/v7e-m+fp/hard/libc_nano.a
END GROUP
START GROUP
LOAD /opt/st/stm32cubeide_1.16.1/plugins/com.st.stm32cube.ide.mcu.externaltools.gnu-tools-for-stm32.12.3.rel1.linux64_1.0.200.202406132123/tools/bin/../lib/gcc/arm-none-eabi/12.3.1/thumb/v7e-m+fp/hard/libgcc.a
LOAD /opt/st/stm32cubeide_1.16.1/plugins/com.st.stm32cube.ide.mcu.externaltools.gnu-tools-for-stm32.12.3.rel1.linux64_1.0.200.202406132123/tools/bin/../lib/gcc/arm-none-eabi/12.3.1/../../../../arm-none-eabi/lib/thumb/v7e-m+fp/hard/libc_nano.a
LOAD /opt/st/stm32cubeide_1.16.1/plugins/com.st.stm32cube.ide.mcu.externaltools.gnu-tools-for-stm32.12.3.rel1.linux64_1.0.200.202406132123/tools/bin/../lib/gcc/arm-none-eabi/12.3.1/../../../../arm-none-eabi/lib/thumb/v7e-m+fp/hard/libnosys.a
END GROUP
START GROUP
LOAD /opt/st/stm32cubeide_1.16.1/plugins/com.st.stm32cube.ide.mcu.externaltools.gnu-tools-for-stm32.12.3.rel1.linux64_1.0.200.202406132123/tools/bin/../lib/gcc/arm-none-eabi/12.3.1/thumb/v7e-m+fp/hard/libgcc.a
LOAD /opt/st/stm32cubeide_1.16.1/plugins/com.st.stm32cube.ide.mcu.externaltools.gnu-tools-for-stm32.12.3.rel1.linux64_1.0.200.202406132123/tools/bin/../lib/gcc/arm-none-eabi/12.3.1/../../../../arm-none-eabi/lib/thumb/v7e-m+fp/hard/libc_nano.a
LOAD /opt/st/stm32cubeide_1.16.1/plugins/com.st.stm32cube.ide.mcu.externaltools.gnu-tools-for-stm32.12.3.rel1.linux64_1.0.200.202406132123/tools/bin/../lib/gcc/arm-none-eabi/12.3.1/../../../../arm-none-eabi/lib/thumb/v7e-m+fp/hard/libnosys.a
END GROUP
LOAD /opt/st/stm32cubeide_1.16.1/plugins/com.st.stm32cube.ide.mcu.externaltools.gnu-tools-for-stm32.12.3.rel1.linux64_1.0.200.202406132123/tools/bin/../lib/gcc/arm-none-eabi/12.3.1/thumb/v7e-m+fp/hard/crtend.o
LOAD /opt/st/stm32cubeide_1.16.1/plugins/com.st.stm32cube.ide.mcu.externaltools.gnu-tools-for-stm32.12.3.rel1.linux64_1.0.200.202406132123/tools/bin/../lib/gcc/arm-none-eabi/12.3.1/thumb/v7e-m+fp/hard/crtn.o
                0x20050000                        _estack = (ORIGIN (RAM) + LENGTH (RAM))
                0x00000200                        _Min_Heap_Size = 0x200
                0x00000400                        _Min_Stack_Size = 0x400

.isr_vector     0x08000000      0x1ac
                0x08000000                        . = ALIGN (0x4)
 *(.isr_vector)
 .isr_vector    0x08000000      0x1ac ./Startup/startup_stm32l496vetx.o
                0x08000000                g_pfnVectors
                0x080001ac                        . = ALIGN (0x4)

.text           0x080001b0     0x8408
                0x080001b0                        . = ALIGN (0x4)
 *(.text)
 .text          0x080001b0       0x40 /opt/st/stm32cubeide_1.16.1/plugins/com.st.stm32cube.ide.mcu.externaltools.gnu-tools-for-stm32.12.3.rel1.linux64_1.0.200.202406132123/tools/bin/../lib/gcc/arm-none-eabi/12.3.1/thumb/v7e-m+fp/hard/crtbegin.o
 .text          0x080001f0       0x10 /opt/st/stm32cubeide_1.16.1/plugins/com.st.stm32cube.ide.mcu.externaltools.gnu-tools-for-stm32.12.3.rel1.linux64_1.0.200.202406132123/tools/bin/../lib/gcc/arm-none-eabi/12.3.1/../../../../arm-none-eabi/lib/thumb/v7e-m+fp/hard/libc_nano.a(libc_a-strlen.o)
                0x080001f0                strlen
 .text          0x08000200       0xa0 /opt/st/stm32cubeide_1.16.1/plugins/com.st.stm32cube.ide.mcu.externaltools.gnu-tools-for-stm32.12.3.rel1.linux64_1.0.200.202406132123/tools/bin/../lib/gcc/arm-none-eabi/12.3.1/../../../../arm-none-eabi/lib/thumb/v7e-m+fp/hard/libc_nano.a(libc_a-memchr.o)
                0x08000200                memchr
 *(.text*)
 .text.HAL_Init
                0x080002a0       0x1e ./Drivers/STM32L4xx_HAL_Driver/Src/stm32l4xx_hal.o
                0x080002a0                HAL_Init
 *fill*         0x080002be        0x2 
 .text.HAL_IncTick
                0x080002c0       0x18 ./Drivers/STM32L4xx_HAL_Driver/Src/stm32l4xx_hal.o
                0x080002c0                HAL_IncTick
 .text.HAL_GetTick
                0x080002d8        0xc ./Drivers/STM32L4xx_HAL_Driver/Src/stm32l4xx_hal.o
                0x080002d8                HAL_GetTick
 .text.HAL_Delay
                0x080002e4       0x28 ./Drivers/STM32L4xx_HAL_Driver/Src/stm32l4xx_hal.o
                0x080002e4                HAL_Delay
 .text.HAL_SYSCFG_VREFBUF_VoltageScalingConfig
                0x0800030c       0x14 ./Drivers/STM32L4xx_HAL_Driver/Src/stm32l4xx_hal.o
                0x0800030c                HAL_SYSCFG_VREFBUF_VoltageScalingConfig
 .text.HAL_SYSCFG_VREFBUF_HighImpedanceConfig
                0x08000320       0x14 ./Drivers/STM32L4xx_HAL_Driver/Src/stm32l4xx_hal.o
                0x08000320                HAL_SYSCFG_VREFBUF_HighImpedanceConfig
 .text.HAL_SYSCFG_EnableVREFBUF
                0x08000334       0x30 ./Drivers/STM32L4xx_HAL_Driver/Src/stm32l4xx_hal.o
                0x08000334                HAL_SYSCFG_EnableVREFBUF
 .text.LL_ADC_SetChannelSamplingTime
                0x08000364       0x20 ./Drivers/STM32L4xx_HAL_Driver/Src/stm32l4xx_hal_adc.o
 .text.LL_ADC_IsEnabled
                0x08000384        0x8 ./Drivers/STM32L4xx_HAL_Driver/Src/stm32l4xx_hal_adc.o
 .text.LL_ADC_REG_IsConversionOngoing
                0x0800038c        0x8 ./Drivers/STM32L4xx_HAL_Driver/Src/stm32l4xx_hal_adc.o
 .text.HAL_ADC_Init
                0x08000394      0x1bc ./Drivers/STM32L4xx_HAL_Driver/Src/stm32l4xx_hal_adc.o
                0x08000394                HAL_ADC_Init
 .text.HAL_ADC_ConfigChannel
                0x08000550      0x398 ./Drivers/STM32L4xx_HAL_Driver/Src/stm32l4xx_hal_adc.o
                0x08000550                HAL_ADC_ConfigChannel
 .text.LL_ADC_IsEnabled
                0x080008e8        0x8 ./Drivers/STM32L4xx_HAL_Driver/Src/stm32l4xx_hal_adc_ex.o
 .text.LL_ADC_REG_IsConversionOngoing
                0x080008f0        0x8 ./Drivers/STM32L4xx_HAL_Driver/Src/stm32l4xx_hal_adc_ex.o
 .text.HAL_ADCEx_MultiModeConfigChannel
                0x080008f8       0xe8 ./Drivers/STM32L4xx_HAL_Driver/Src/stm32l4xx_hal_adc_ex.o
                0x080008f8                HAL_ADCEx_MultiModeConfigChannel
 .text.HAL_COMP_Init
                0x080009e0      0x130 ./Drivers/STM32L4xx_HAL_Driver/Src/stm32l4xx_hal_comp.o
                0x080009e0                HAL_COMP_Init
 .text.HAL_NVIC_SetPriorityGrouping
                0x08000b10       0x24 ./Drivers/STM32L4xx_HAL_Driver/Src/stm32l4xx_hal_cortex.o
                0x08000b10                HAL_NVIC_SetPriorityGrouping
 .text.HAL_NVIC_SetPriority
                0x08000b34       0x64 ./Drivers/STM32L4xx_HAL_Driver/Src/stm32l4xx_hal_cortex.o
                0x08000b34                HAL_NVIC_SetPriority
 .text.HAL_NVIC_EnableIRQ
                0x08000b98       0x1c ./Drivers/STM32L4xx_HAL_Driver/Src/stm32l4xx_hal_cortex.o
                0x08000b98                HAL_NVIC_EnableIRQ
 .text.HAL_DAC_Init
                0x08000bb4       0x26 ./Drivers/STM32L4xx_HAL_Driver/Src/stm32l4xx_hal_dac.o
                0x08000bb4                HAL_DAC_Init
 .text.HAL_DAC_ConfigChannel
                0x08000bda      0x124 ./Drivers/STM32L4xx_HAL_Driver/Src/stm32l4xx_hal_dac.o
                0x08000bda                HAL_DAC_ConfigChannel
 *fill*         0x08000cfe        0x2 
 .text.HAL_GPIO_Init
                0x08000d00      0x1ac ./Drivers/STM32L4xx_HAL_Driver/Src/stm32l4xx_hal_gpio.o
                0x08000d00                HAL_GPIO_Init
 .text.HAL_GPIO_WritePin
                0x08000eac        0xa ./Drivers/STM32L4xx_HAL_Driver/Src/stm32l4xx_hal_gpio.o
                0x08000eac                HAL_GPIO_WritePin
 .text.LCD_WaitForSynchro
                0x08000eb6       0x2a ./Drivers/STM32L4xx_HAL_Driver/Src/stm32l4xx_hal_lcd.o
                0x08000eb6                LCD_WaitForSynchro
 .text.HAL_LCD_Init
                0x08000ee0       0xf6 ./Drivers/STM32L4xx_HAL_Driver/Src/stm32l4xx_hal_lcd.o
                0x08000ee0                HAL_LCD_Init
 *fill*         0x08000fd6        0x2 
 .text.HAL_OPAMP_Init
                0x08000fd8       0xf8 ./Drivers/STM32L4xx_HAL_Driver/Src/stm32l4xx_hal_opamp.o
                0x08000fd8                HAL_OPAMP_Init
 .text.HAL_PCD_Init
                0x080010d0       0xe2 ./Drivers/STM32L4xx_HAL_Driver/Src/stm32l4xx_hal_pcd.o
                0x080010d0                HAL_PCD_Init
 .text.HAL_PCD_Start
                0x080011b2       0x38 ./Drivers/STM32L4xx_HAL_Driver/Src/stm32l4xx_hal_pcd.o
                0x080011b2                HAL_PCD_Start
 .text.HAL_PCD_SetAddress
                0x080011ea       0x26 ./Drivers/STM32L4xx_HAL_Driver/Src/stm32l4xx_hal_pcd.o
                0x080011ea                HAL_PCD_SetAddress
 .text.HAL_PCD_EP_Open
                0x08001210       0x72 ./Drivers/STM32L4xx_HAL_Driver/Src/stm32l4xx_hal_pcd.o
                0x08001210                HAL_PCD_EP_Open
 .text.HAL_PCD_EP_Close
                0x08001282       0x5c ./Drivers/STM32L4xx_HAL_Driver/Src/stm32l4xx_hal_pcd.o
                0x08001282                HAL_PCD_EP_Close
 .text.HAL_PCD_EP_Receive
                0x080012de       0x2c ./Drivers/STM32L4xx_HAL_Driver/Src/stm32l4xx_hal_pcd.o
                0x080012de                HAL_PCD_EP_Receive
 .text.HAL_PCD_EP_GetRxCount
                0x0800130a       0x10 ./Drivers/STM32L4xx_HAL_Driver/Src/stm32l4xx_hal_pcd.o
                0x0800130a                HAL_PCD_EP_GetRxCount
 .text.HAL_PCD_EP_Transmit
                0x0800131a       0x28 ./Drivers/STM32L4xx_HAL_Driver/Src/stm32l4xx_hal_pcd.o
                0x0800131a                HAL_PCD_EP_Transmit
 .text.HAL_PCD_EP_SetStall
                0x08001342       0x6c ./Drivers/STM32L4xx_HAL_Driver/Src/stm32l4xx_hal_pcd.o
                0x08001342                HAL_PCD_EP_SetStall
 .text.HAL_PCD_EP_ClrStall
                0x080013ae       0x6a ./Drivers/STM32L4xx_HAL_Driver/Src/stm32l4xx_hal_pcd.o
                0x080013ae                HAL_PCD_EP_ClrStall
 .text.HAL_PCD_EP_Abort
                0x08001418       0x20 ./Drivers/STM32L4xx_HAL_Driver/Src/stm32l4xx_hal_pcd.o
                0x08001418                HAL_PCD_EP_Abort
 .text.HAL_PCD_IRQHandler
                0x08001438      0x604 ./Drivers/STM32L4xx_HAL_Driver/Src/stm32l4xx_hal_pcd.o
                0x08001438                HAL_PCD_IRQHandler
 .text.HAL_PCDEx_SetTxFiFo
                0x08001a3c       0x3e ./Drivers/STM32L4xx_HAL_Driver/Src/stm32l4xx_hal_pcd_ex.o
                0x08001a3c                HAL_PCDEx_SetTxFiFo
 .text.HAL_PCDEx_SetRxFiFo
                0x08001a7a        0x8 ./Drivers/STM32L4xx_HAL_Driver/Src/stm32l4xx_hal_pcd_ex.o
                0x08001a7a                HAL_PCDEx_SetRxFiFo
 .text.HAL_PCDEx_ActivateLPM
                0x08001a82       0x26 ./Drivers/STM32L4xx_HAL_Driver/Src/stm32l4xx_hal_pcd_ex.o
                0x08001a82                HAL_PCDEx_ActivateLPM
 .text.HAL_PCDEx_LPM_Callback
                0x08001aa8        0x2 ./Drivers/STM32L4xx_HAL_Driver/Src/stm32l4xx_hal_pcd_ex.o
                0x08001aa8                HAL_PCDEx_LPM_Callback
 *fill*         0x08001aaa        0x2 
 .text.HAL_PWREx_GetVoltageRange
                0x08001aac       0x10 ./Drivers/STM32L4xx_HAL_Driver/Src/stm32l4xx_hal_pwr_ex.o
                0x08001aac                HAL_PWREx_GetVoltageRange
 .text.HAL_PWREx_ControlVoltageScaling
                0x08001abc       0x6c ./Drivers/STM32L4xx_HAL_Driver/Src/stm32l4xx_hal_pwr_ex.o
                0x08001abc                HAL_PWREx_ControlVoltageScaling
 .text.HAL_PWREx_EnableVddUSB
                0x08001b28       0x10 ./Drivers/STM32L4xx_HAL_Driver/Src/stm32l4xx_hal_pwr_ex.o
                0x08001b28                HAL_PWREx_EnableVddUSB
 .text.RCC_SetFlashLatencyFromMSIRange
                0x08001b38       0x84 ./Drivers/STM32L4xx_HAL_Driver/Src/stm32l4xx_hal_rcc.o
 .text.HAL_RCC_GetSysClockFreq
                0x08001bbc       0x9c ./Drivers/STM32L4xx_HAL_Driver/Src/stm32l4xx_hal_rcc.o
                0x08001bbc                HAL_RCC_GetSysClockFreq
 .text.HAL_RCC_OscConfig
                0x08001c58      0x54c ./Drivers/STM32L4xx_HAL_Driver/Src/stm32l4xx_hal_rcc.o
                0x08001c58                HAL_RCC_OscConfig
 .text.HAL_RCC_ClockConfig
                0x080021a4      0x154 ./Drivers/STM32L4xx_HAL_Driver/Src/stm32l4xx_hal_rcc.o
                0x080021a4                HAL_RCC_ClockConfig
 .text.HAL_RCC_GetHCLKFreq
                0x080022f8        0xc ./Drivers/STM32L4xx_HAL_Driver/Src/stm32l4xx_hal_rcc.o
                0x080022f8                HAL_RCC_GetHCLKFreq
 .text.HAL_RCC_GetPCLK2Freq
                0x08002304       0x24 ./Drivers/STM32L4xx_HAL_Driver/Src/stm32l4xx_hal_rcc.o
                0x08002304                HAL_RCC_GetPCLK2Freq
 .text.HAL_RCC_GetClockConfig
                0x08002328       0x3c ./Drivers/STM32L4xx_HAL_Driver/Src/stm32l4xx_hal_rcc.o
                0x08002328                HAL_RCC_GetClockConfig
 .text.RCCEx_PLLSAI1_Config
                0x08002364      0x10c ./Drivers/STM32L4xx_HAL_Driver/Src/stm32l4xx_hal_rcc_ex.o
 .text.RCCEx_PLLSAI2_Config
                0x08002470       0xf4 ./Drivers/STM32L4xx_HAL_Driver/Src/stm32l4xx_hal_rcc_ex.o
 .text.HAL_RCCEx_PeriphCLKConfig
                0x08002564      0x408 ./Drivers/STM32L4xx_HAL_Driver/Src/stm32l4xx_hal_rcc_ex.o
                0x08002564                HAL_RCCEx_PeriphCLKConfig
 .text.HAL_SRAM_Init
                0x0800296c       0x5a ./Drivers/STM32L4xx_HAL_Driver/Src/stm32l4xx_hal_sram.o
                0x0800296c                HAL_SRAM_Init
 .text.HAL_TIM_Base_MspInit
                0x080029c6        0x2 ./Drivers/STM32L4xx_HAL_Driver/Src/stm32l4xx_hal_tim.o
                0x080029c6                HAL_TIM_Base_MspInit
 .text.HAL_TIM_Base_Start_IT
                0x080029c8       0x74 ./Drivers/STM32L4xx_HAL_Driver/Src/stm32l4xx_hal_tim.o
                0x080029c8                HAL_TIM_Base_Start_IT
 .text.HAL_TIM_OC_DelayElapsedCallback
                0x08002a3c        0x2 ./Drivers/STM32L4xx_HAL_Driver/Src/stm32l4xx_hal_tim.o
                0x08002a3c                HAL_TIM_OC_DelayElapsedCallback
 .text.HAL_TIM_IC_CaptureCallback
                0x08002a3e        0x2 ./Drivers/STM32L4xx_HAL_Driver/Src/stm32l4xx_hal_tim.o
                0x08002a3e                HAL_TIM_IC_CaptureCallback
 .text.HAL_TIM_PWM_PulseFinishedCallback
                0x08002a40        0x2 ./Drivers/STM32L4xx_HAL_Driver/Src/stm32l4xx_hal_tim.o
                0x08002a40                HAL_TIM_PWM_PulseFinishedCallback
 .text.HAL_TIM_TriggerCallback
                0x08002a42        0x2 ./Drivers/STM32L4xx_HAL_Driver/Src/stm32l4xx_hal_tim.o
                0x08002a42                HAL_TIM_TriggerCallback
 .text.HAL_TIM_IRQHandler
                0x08002a44      0x140 ./Drivers/STM32L4xx_HAL_Driver/Src/stm32l4xx_hal_tim.o
                0x08002a44                HAL_TIM_IRQHandler
 .text.TIM_Base_SetConfig
                0x08002b84       0xd8 ./Drivers/STM32L4xx_HAL_Driver/Src/stm32l4xx_hal_tim.o
                0x08002b84                TIM_Base_SetConfig
 .text.HAL_TIM_Base_Init
                0x08002c5c       0x60 ./Drivers/STM32L4xx_HAL_Driver/Src/stm32l4xx_hal_tim.o
                0x08002c5c                HAL_TIM_Base_Init
 .text.HAL_TIMEx_CommutCallback
                0x08002cbc        0x2 ./Drivers/STM32L4xx_HAL_Driver/Src/stm32l4xx_hal_tim_ex.o
                0x08002cbc                HAL_TIMEx_CommutCallback
 .text.HAL_TIMEx_BreakCallback
                0x08002cbe        0x2 ./Drivers/STM32L4xx_HAL_Driver/Src/stm32l4xx_hal_tim_ex.o
                0x08002cbe                HAL_TIMEx_BreakCallback
 .text.HAL_TIMEx_Break2Callback
                0x08002cc0        0x2 ./Drivers/STM32L4xx_HAL_Driver/Src/stm32l4xx_hal_tim_ex.o
                0x08002cc0                HAL_TIMEx_Break2Callback
 *fill*         0x08002cc2        0x2 
 .text.FMC_NORSRAM_Init
                0x08002cc4       0x88 ./Drivers/STM32L4xx_HAL_Driver/Src/stm32l4xx_ll_fmc.o
                0x08002cc4                FMC_NORSRAM_Init
 .text.FMC_NORSRAM_Timing_Init
                0x08002d4c       0x4c ./Drivers/STM32L4xx_HAL_Driver/Src/stm32l4xx_ll_fmc.o
                0x08002d4c                FMC_NORSRAM_Timing_Init
 .text.FMC_NORSRAM_Extended_Timing_Init
                0x08002d98       0x3c ./Drivers/STM32L4xx_HAL_Driver/Src/stm32l4xx_ll_fmc.o
                0x08002d98                FMC_NORSRAM_Extended_Timing_Init
 .text.LL_GPIO_Init
                0x08002dd4      0x138 ./Drivers/STM32L4xx_HAL_Driver/Src/stm32l4xx_ll_gpio.o
                0x08002dd4                LL_GPIO_Init
 .text.USB_CoreInit
                0x08002f0c       0x72 ./Drivers/STM32L4xx_HAL_Driver/Src/stm32l4xx_ll_usb.o
                0x08002f0c                USB_CoreInit
 *fill*         0x08002f7e        0x2 
 .text.USB_SetTurnaroundTime
                0x08002f80       0xe0 ./Drivers/STM32L4xx_HAL_Driver/Src/stm32l4xx_ll_usb.o
                0x08002f80                USB_SetTurnaroundTime
 .text.USB_EnableGlobalInt
                0x08003060        0xc ./Drivers/STM32L4xx_HAL_Driver/Src/stm32l4xx_ll_usb.o
                0x08003060                USB_EnableGlobalInt
 .text.USB_DisableGlobalInt
                0x0800306c        0xc ./Drivers/STM32L4xx_HAL_Driver/Src/stm32l4xx_ll_usb.o
                0x0800306c                USB_DisableGlobalInt
 .text.USB_SetCurrentMode
                0x08003078       0x60 ./Drivers/STM32L4xx_HAL_Driver/Src/stm32l4xx_ll_usb.o
                0x08003078                USB_SetCurrentMode
 .text.USB_FlushTxFifo
                0x080030d8       0x46 ./Drivers/STM32L4xx_HAL_Driver/Src/stm32l4xx_ll_usb.o
                0x080030d8                USB_FlushTxFifo
 .text.USB_FlushRxFifo
                0x0800311e       0x42 ./Drivers/STM32L4xx_HAL_Driver/Src/stm32l4xx_ll_usb.o
                0x0800311e                USB_FlushRxFifo
 .text.USB_SetDevSpeed
                0x08003160        0xe ./Drivers/STM32L4xx_HAL_Driver/Src/stm32l4xx_ll_usb.o
                0x08003160                USB_SetDevSpeed
 *fill*         0x0800316e        0x2 
 .text.USB_DevInit
                0x08003170      0x14c ./Drivers/STM32L4xx_HAL_Driver/Src/stm32l4xx_ll_usb.o
                0x08003170                USB_DevInit
 .text.USB_GetDevSpeed
                0x080032bc       0x14 ./Drivers/STM32L4xx_HAL_Driver/Src/stm32l4xx_ll_usb.o
                0x080032bc                USB_GetDevSpeed
 .text.USB_ActivateEndpoint
                0x080032d0       0x7e ./Drivers/STM32L4xx_HAL_Driver/Src/stm32l4xx_ll_usb.o
                0x080032d0                USB_ActivateEndpoint
 *fill*         0x0800334e        0x2 
 .text.USB_DeactivateEndpoint
                0x08003350       0xac ./Drivers/STM32L4xx_HAL_Driver/Src/stm32l4xx_ll_usb.o
                0x08003350                USB_DeactivateEndpoint
 .text.USB_EPStopXfer
                0x080033fc       0x84 ./Drivers/STM32L4xx_HAL_Driver/Src/stm32l4xx_ll_usb.o
                0x080033fc                USB_EPStopXfer
 .text.USB_WritePacket
                0x08003480       0x1e ./Drivers/STM32L4xx_HAL_Driver/Src/stm32l4xx_ll_usb.o
                0x08003480                USB_WritePacket
 *fill*         0x0800349e        0x2 
 .text.USB_EPStartXfer
                0x080034a0      0x188 ./Drivers/STM32L4xx_HAL_Driver/Src/stm32l4xx_ll_usb.o
                0x080034a0                USB_EPStartXfer
 .text.USB_ReadPacket
                0x08003628       0x40 ./Drivers/STM32L4xx_HAL_Driver/Src/stm32l4xx_ll_usb.o
                0x08003628                USB_ReadPacket
 .text.USB_EPSetStall
                0x08003668       0x56 ./Drivers/STM32L4xx_HAL_Driver/Src/stm32l4xx_ll_usb.o
                0x08003668                USB_EPSetStall
 .text.USB_EPClearStall
                0x080036be       0x52 ./Drivers/STM32L4xx_HAL_Driver/Src/stm32l4xx_ll_usb.o
                0x080036be                USB_EPClearStall
 .text.USB_SetDevAddress
                0x08003710       0x20 ./Drivers/STM32L4xx_HAL_Driver/Src/stm32l4xx_ll_usb.o
                0x08003710                USB_SetDevAddress
 .text.USB_DevConnect
                0x08003730       0x1c ./Drivers/STM32L4xx_HAL_Driver/Src/stm32l4xx_ll_usb.o
                0x08003730                USB_DevConnect
 .text.USB_DevDisconnect
                0x0800374c       0x1c ./Drivers/STM32L4xx_HAL_Driver/Src/stm32l4xx_ll_usb.o
                0x0800374c                USB_DevDisconnect
 .text.USB_ReadInterrupts
                0x08003768        0x8 ./Drivers/STM32L4xx_HAL_Driver/Src/stm32l4xx_ll_usb.o
                0x08003768                USB_ReadInterrupts
 .text.USB_ReadDevAllOutEpInterrupt
                0x08003770       0x10 ./Drivers/STM32L4xx_HAL_Driver/Src/stm32l4xx_ll_usb.o
                0x08003770                USB_ReadDevAllOutEpInterrupt
 .text.USB_ReadDevAllInEpInterrupt
                0x08003780       0x10 ./Drivers/STM32L4xx_HAL_Driver/Src/stm32l4xx_ll_usb.o
                0x08003780                USB_ReadDevAllInEpInterrupt
 .text.USB_ReadDevOutEPInterrupt
                0x08003790       0x12 ./Drivers/STM32L4xx_HAL_Driver/Src/stm32l4xx_ll_usb.o
                0x08003790                USB_ReadDevOutEPInterrupt
 .text.USB_ReadDevInEPInterrupt
                0x080037a2       0x22 ./Drivers/STM32L4xx_HAL_Driver/Src/stm32l4xx_ll_usb.o
                0x080037a2                USB_ReadDevInEPInterrupt
 .text.USB_GetMode
                0x080037c4        0x8 ./Drivers/STM32L4xx_HAL_Driver/Src/stm32l4xx_ll_usb.o
                0x080037c4                USB_GetMode
 .text.USB_ActivateSetup
                0x080037cc       0x20 ./Drivers/STM32L4xx_HAL_Driver/Src/stm32l4xx_ll_usb.o
                0x080037cc                USB_ActivateSetup
 .text.USB_EP0_OutStart
                0x080037ec       0x38 ./Drivers/STM32L4xx_HAL_Driver/Src/stm32l4xx_ll_usb.o
                0x080037ec                USB_EP0_OutStart
 .text.USBD_CDC_EP0_RxReady
                0x08003824       0x38 ./Middlewares/ST/STM32_USB_Device_Library/Class/CDC/Src/usbd_cdc.o
 .text.USBD_CDC_GetDeviceQualifierDescriptor
                0x0800385c        0xc ./Middlewares/ST/STM32_USB_Device_Library/Class/CDC/Src/usbd_cdc.o
                0x0800385c                USBD_CDC_GetDeviceQualifierDescriptor
 .text.USBD_CDC_GetFSCfgDesc
                0x08003868       0x48 ./Middlewares/ST/STM32_USB_Device_Library/Class/CDC/Src/usbd_cdc.o
 .text.USBD_CDC_GetOtherSpeedCfgDesc
                0x080038b0        0x4 ./Middlewares/ST/STM32_USB_Device_Library/Class/CDC/Src/usbd_cdc.o
 .text.USBD_CDC_GetHSCfgDesc
                0x080038b4       0x48 ./Middlewares/ST/STM32_USB_Device_Library/Class/CDC/Src/usbd_cdc.o
 .text.USBD_CDC_DataOut
                0x080038fc       0x38 ./Middlewares/ST/STM32_USB_Device_Library/Class/CDC/Src/usbd_cdc.o
 .text.USBD_CDC_DataIn
                0x08003934       0x64 ./Middlewares/ST/STM32_USB_Device_Library/Class/CDC/Src/usbd_cdc.o
 .text.USBD_CDC_Setup
                0x08003998       0xf0 ./Middlewares/ST/STM32_USB_Device_Library/Class/CDC/Src/usbd_cdc.o
 .text.USBD_CDC_DeInit
                0x08003a88       0x5a ./Middlewares/ST/STM32_USB_Device_Library/Class/CDC/Src/usbd_cdc.o
 .text.USBD_CDC_Init
                0x08003ae2       0xc6 ./Middlewares/ST/STM32_USB_Device_Library/Class/CDC/Src/usbd_cdc.o
 .text.USBD_CDC_RegisterInterface
                0x08003ba8       0x16 ./Middlewares/ST/STM32_USB_Device_Library/Class/CDC/Src/usbd_cdc.o
                0x08003ba8                USBD_CDC_RegisterInterface
 .text.USBD_CDC_SetTxBuffer
                0x08003bbe       0x1c ./Middlewares/ST/STM32_USB_Device_Library/Class/CDC/Src/usbd_cdc.o
                0x08003bbe                USBD_CDC_SetTxBuffer
 .text.USBD_CDC_SetRxBuffer
                0x08003bda       0x18 ./Middlewares/ST/STM32_USB_Device_Library/Class/CDC/Src/usbd_cdc.o
                0x08003bda                USBD_CDC_SetRxBuffer
 .text.USBD_CDC_TransmitPacket
                0x08003bf2       0x36 ./Middlewares/ST/STM32_USB_Device_Library/Class/CDC/Src/usbd_cdc.o
                0x08003bf2                USBD_CDC_TransmitPacket
 .text.USBD_CDC_ReceivePacket
                0x08003c28       0x2c ./Middlewares/ST/STM32_USB_Device_Library/Class/CDC/Src/usbd_cdc.o
                0x08003c28                USBD_CDC_ReceivePacket
 .text.USBD_Init
                0x08003c54       0x26 ./Middlewares/ST/STM32_USB_Device_Library/Core/Src/usbd_core.o
                0x08003c54                USBD_Init
 .text.USBD_RegisterClass
                0x08003c7a       0x32 ./Middlewares/ST/STM32_USB_Device_Library/Core/Src/usbd_core.o
                0x08003c7a                USBD_RegisterClass
 .text.USBD_Start
                0x08003cac        0x4 ./Middlewares/ST/STM32_USB_Device_Library/Core/Src/usbd_core.o
                0x08003cac                USBD_Start
 .text.USBD_SetClassConfig
                0x08003cb0        0xe ./Middlewares/ST/STM32_USB_Device_Library/Core/Src/usbd_core.o
                0x08003cb0                USBD_SetClassConfig
 .text.USBD_ClrClassConfig
                0x08003cbe       0x12 ./Middlewares/ST/STM32_USB_Device_Library/Core/Src/usbd_core.o
                0x08003cbe                USBD_ClrClassConfig
 .text.USBD_LL_SetupStage
                0x08003cd0       0x60 ./Middlewares/ST/STM32_USB_Device_Library/Core/Src/usbd_core.o
                0x08003cd0                USBD_LL_SetupStage
 .text.USBD_LL_DataOutStage
                0x08003d30       0x6a ./Middlewares/ST/STM32_USB_Device_Library/Core/Src/usbd_core.o
                0x08003d30                USBD_LL_DataOutStage
 .text.USBD_LL_DataInStage
                0x08003d9a       0xa6 ./Middlewares/ST/STM32_USB_Device_Library/Core/Src/usbd_core.o
                0x08003d9a                USBD_LL_DataInStage
 .text.USBD_LL_Reset
                0x08003e40       0x5e ./Middlewares/ST/STM32_USB_Device_Library/Core/Src/usbd_core.o
                0x08003e40                USBD_LL_Reset
 .text.USBD_LL_SetSpeed
                0x08003e9e        0x6 ./Middlewares/ST/STM32_USB_Device_Library/Core/Src/usbd_core.o
                0x08003e9e                USBD_LL_SetSpeed
 .text.USBD_LL_Suspend
                0x08003ea4       0x1c ./Middlewares/ST/STM32_USB_Device_Library/Core/Src/usbd_core.o
                0x08003ea4                USBD_LL_Suspend
 .text.USBD_LL_Resume
                0x08003ec0       0x16 ./Middlewares/ST/STM32_USB_Device_Library/Core/Src/usbd_core.o
                0x08003ec0                USBD_LL_Resume
 .text.USBD_LL_SOF
                0x08003ed6       0x1a ./Middlewares/ST/STM32_USB_Device_Library/Core/Src/usbd_core.o
                0x08003ed6                USBD_LL_SOF
 .text.USBD_LL_IsoINIncomplete
                0x08003ef0       0x26 ./Middlewares/ST/STM32_USB_Device_Library/Core/Src/usbd_core.o
                0x08003ef0                USBD_LL_IsoINIncomplete
 .text.USBD_LL_IsoOUTIncomplete
                0x08003f16       0x26 ./Middlewares/ST/STM32_USB_Device_Library/Core/Src/usbd_core.o
                0x08003f16                USBD_LL_IsoOUTIncomplete
 .text.USBD_LL_DevConnected
                0x08003f3c        0x4 ./Middlewares/ST/STM32_USB_Device_Library/Core/Src/usbd_core.o
                0x08003f3c                USBD_LL_DevConnected
 .text.USBD_LL_DevDisconnected
                0x08003f40       0x20 ./Middlewares/ST/STM32_USB_Device_Library/Core/Src/usbd_core.o
                0x08003f40                USBD_LL_DevDisconnected
 .text.USBD_CoreFindIF
                0x08003f60        0x4 ./Middlewares/ST/STM32_USB_Device_Library/Core/Src/usbd_core.o
                0x08003f60                USBD_CoreFindIF
 .text.USBD_CoreFindEP
                0x08003f64        0x4 ./Middlewares/ST/STM32_USB_Device_Library/Core/Src/usbd_core.o
                0x08003f64                USBD_CoreFindEP
 .text.USBD_GetEpDesc
                0x08003f68       0x24 ./Middlewares/ST/STM32_USB_Device_Library/Core/Src/usbd_core.o
                0x08003f68                USBD_GetEpDesc
 .text.USBD_CtlError.constprop.0
                0x08003f8c       0x16 ./Middlewares/ST/STM32_USB_Device_Library/Core/Src/usbd_ctlreq.o
 *fill*         0x08003fa2        0x2 
 .text.USBD_StdDevReq
                0x08003fa4      0x28c ./Middlewares/ST/STM32_USB_Device_Library/Core/Src/usbd_ctlreq.o
                0x08003fa4                USBD_StdDevReq
 .text.USBD_StdItfReq
                0x08004230       0x5a ./Middlewares/ST/STM32_USB_Device_Library/Core/Src/usbd_ctlreq.o
                0x08004230                USBD_StdItfReq
 .text.USBD_StdEPReq
                0x0800428a      0x13a ./Middlewares/ST/STM32_USB_Device_Library/Core/Src/usbd_ctlreq.o
                0x0800428a                USBD_StdEPReq
 .text.USBD_ParseSetupRequest
                0x080043c4       0x16 ./Middlewares/ST/STM32_USB_Device_Library/Core/Src/usbd_ctlreq.o
                0x080043c4                USBD_ParseSetupRequest
 .text.USBD_CtlError
                0x080043da       0x16 ./Middlewares/ST/STM32_USB_Device_Library/Core/Src/usbd_ctlreq.o
                0x080043da                USBD_CtlError
 .text.USBD_GetString
                0x080043f0       0x38 ./Middlewares/ST/STM32_USB_Device_Library/Core/Src/usbd_ctlreq.o
                0x080043f0                USBD_GetString
 .text.USBD_CtlSendData
                0x08004428       0x1a ./Middlewares/ST/STM32_USB_Device_Library/Core/Src/usbd_ioreq.o
                0x08004428                USBD_CtlSendData
 .text.USBD_CtlContinueSendData
                0x08004442       0x10 ./Middlewares/ST/STM32_USB_Device_Library/Core/Src/usbd_ioreq.o
                0x08004442                USBD_CtlContinueSendData
 .text.USBD_CtlPrepareRx
                0x08004452       0x1a ./Middlewares/ST/STM32_USB_Device_Library/Core/Src/usbd_ioreq.o
                0x08004452                USBD_CtlPrepareRx
 .text.USBD_CtlContinueRx
                0x0800446c       0x10 ./Middlewares/ST/STM32_USB_Device_Library/Core/Src/usbd_ioreq.o
                0x0800446c                USBD_CtlContinueRx
 .text.USBD_CtlSendStatus
                0x0800447c       0x16 ./Middlewares/ST/STM32_USB_Device_Library/Core/Src/usbd_ioreq.o
                0x0800447c                USBD_CtlSendStatus
 .text.USBD_CtlReceiveStatus
                0x08004492       0x16 ./Middlewares/ST/STM32_USB_Device_Library/Core/Src/usbd_ioreq.o
                0x08004492                USBD_CtlReceiveStatus
 .text.SysTick_Handler
                0x080044a8       0x1a ./Middlewares/Third_Party/FreeRTOS/Source/CMSIS_RTOS_V2/cmsis_os2.o
                0x080044a8                SysTick_Handler
 *fill*         0x080044c2        0x2 
 .text.osKernelInitialize
                0x080044c4       0x24 ./Middlewares/Third_Party/FreeRTOS/Source/CMSIS_RTOS_V2/cmsis_os2.o
                0x080044c4                osKernelInitialize
 .text.osKernelStart
                0x080044e8       0x34 ./Middlewares/Third_Party/FreeRTOS/Source/CMSIS_RTOS_V2/cmsis_os2.o
                0x080044e8                osKernelStart
 .text.osThreadNew
                0x0800451c       0x8e ./Middlewares/Third_Party/FreeRTOS/Source/CMSIS_RTOS_V2/cmsis_os2.o
                0x0800451c                osThreadNew
 .text.osThreadFlagsSet
                0x080045aa       0x74 ./Middlewares/Third_Party/FreeRTOS/Source/CMSIS_RTOS_V2/cmsis_os2.o
                0x080045aa                osThreadFlagsSet
 .text.osThreadFlagsWait
                0x0800461e       0x9c ./Middlewares/Third_Party/FreeRTOS/Source/CMSIS_RTOS_V2/cmsis_os2.o
                0x0800461e                osThreadFlagsWait
 .text.osDelay  0x080046ba       0x18 ./Middlewares/Third_Party/FreeRTOS/Source/CMSIS_RTOS_V2/cmsis_os2.o
                0x080046ba                osDelay
 *fill*         0x080046d2        0x2 
 .text.vApplicationGetIdleTaskMemory
                0x080046d4       0x18 ./Middlewares/Third_Party/FreeRTOS/Source/CMSIS_RTOS_V2/cmsis_os2.o
                0x080046d4                vApplicationGetIdleTaskMemory
 .text.vApplicationGetTimerTaskMemory
                0x080046ec       0x18 ./Middlewares/Third_Party/FreeRTOS/Source/CMSIS_RTOS_V2/cmsis_os2.o
                0x080046ec                vApplicationGetTimerTaskMemory
 .text.vListInitialise
                0x08004704       0x16 ./Middlewares/Third_Party/FreeRTOS/Source/list.o
                0x08004704                vListInitialise
 .text.vListInitialiseItem
                0x0800471a        0x6 ./Middlewares/Third_Party/FreeRTOS/Source/list.o
                0x0800471a                vListInitialiseItem
 .text.vListInsertEnd
                0x08004720       0x16 ./Middlewares/Third_Party/FreeRTOS/Source/list.o
                0x08004720                vListInsertEnd
 .text.vListInsert
                0x08004736       0x2e ./Middlewares/Third_Party/FreeRTOS/Source/list.o
                0x08004736                vListInsert
 .text.uxListRemove
                0x08004764       0x20 ./Middlewares/Third_Party/FreeRTOS/Source/list.o
                0x08004764                uxListRemove
 .text.prvIsQueueEmpty
                0x08004784       0x16 ./Middlewares/Third_Party/FreeRTOS/Source/queue.o
 .text.prvCopyDataToQueue
                0x0800479a       0x66 ./Middlewares/Third_Party/FreeRTOS/Source/queue.o
 .text.prvCopyDataFromQueue
                0x08004800       0x2c ./Middlewares/Third_Party/FreeRTOS/Source/queue.o
 .text.prvUnlockQueue
                0x0800482c       0x70 ./Middlewares/Third_Party/FreeRTOS/Source/queue.o
 .text.xQueueGenericReset
                0x0800489c       0x7e ./Middlewares/Third_Party/FreeRTOS/Source/queue.o
                0x0800489c                xQueueGenericReset
 .text.xQueueGenericCreateStatic
                0x0800491a       0x9c ./Middlewares/Third_Party/FreeRTOS/Source/queue.o
                0x0800491a                xQueueGenericCreateStatic
 .text.xQueueGenericSend
                0x080049b6      0x164 ./Middlewares/Third_Party/FreeRTOS/Source/queue.o
                0x080049b6                xQueueGenericSend
 .text.xQueueGenericSendFromISR
                0x08004b1a       0xba ./Middlewares/Third_Party/FreeRTOS/Source/queue.o
                0x08004b1a                xQueueGenericSendFromISR
 .text.xQueueReceive
                0x08004bd4      0x13c ./Middlewares/Third_Party/FreeRTOS/Source/queue.o
                0x08004bd4                xQueueReceive
 .text.vQueueAddToRegistry
                0x08004d10       0x24 ./Middlewares/Third_Party/FreeRTOS/Source/queue.o
                0x08004d10                vQueueAddToRegistry
 .text.vQueueWaitForMessageRestricted
                0x08004d34       0x46 ./Middlewares/Third_Party/FreeRTOS/Source/queue.o
                0x08004d34                vQueueWaitForMessageRestricted
 .text.prvBytesInBuffer
                0x08004d7a       0x12 ./Middlewares/Third_Party/FreeRTOS/Source/stream_buffer.o
 .text.prvReadBytesFromBuffer
                0x08004d8c       0x7a ./Middlewares/Third_Party/FreeRTOS/Source/stream_buffer.o
 .text.prvInitialiseNewStreamBuffer
                0x08004e06       0x46 ./Middlewares/Third_Party/FreeRTOS/Source/stream_buffer.o
 .text.prvWriteBytesToBuffer.part.0
                0x08004e4c       0x72 ./Middlewares/Third_Party/FreeRTOS/Source/stream_buffer.o
 .text.prvWriteMessageToBuffer
                0x08004ebe       0x54 ./Middlewares/Third_Party/FreeRTOS/Source/stream_buffer.o
 .text.xStreamBufferGenericCreateStatic
                0x08004f12       0xa2 ./Middlewares/Third_Party/FreeRTOS/Source/stream_buffer.o
                0x08004f12                xStreamBufferGenericCreateStatic
 .text.xStreamBufferSpacesAvailable
                0x08004fb4       0x28 ./Middlewares/Third_Party/FreeRTOS/Source/stream_buffer.o
                0x08004fb4                xStreamBufferSpacesAvailable
 .text.xStreamBufferSend
                0x08004fdc      0x10a ./Middlewares/Third_Party/FreeRTOS/Source/stream_buffer.o
                0x08004fdc                xStreamBufferSend
 .text.xStreamBufferSendFromISR
                0x080050e6       0x9a ./Middlewares/Third_Party/FreeRTOS/Source/stream_buffer.o
                0x080050e6                xStreamBufferSendFromISR
 .text.xStreamBufferReceive
                0x08005180       0xee ./Middlewares/Third_Party/FreeRTOS/Source/stream_buffer.o
                0x08005180                xStreamBufferReceive
 *fill*         0x0800526e        0x2 
 .text.prvAddNewTaskToReadyList
                0x08005270      0x100 ./Middlewares/Third_Party/FreeRTOS/Source/tasks.o
 .text.prvAddCurrentTaskToDelayedList
                0x08005370       0x70 ./Middlewares/Third_Party/FreeRTOS/Source/tasks.o
 .text.prvGetExpectedIdleTime
                0x080053e0       0x3c ./Middlewares/Third_Party/FreeRTOS/Source/tasks.o
 .text.prvResetNextTaskUnblockTime
                0x0800541c       0x24 ./Middlewares/Third_Party/FreeRTOS/Source/tasks.o
 .text.prvDeleteTCB
                0x08005440       0x3c ./Middlewares/Third_Party/FreeRTOS/Source/tasks.o
 .text.prvInitialiseNewTask.constprop.0
                0x0800547c       0xb8 ./Middlewares/Third_Party/FreeRTOS/Source/tasks.o
 .text.xTaskCreateStatic
                0x08005534       0x70 ./Middlewares/Third_Party/FreeRTOS/Source/tasks.o
                0x08005534                xTaskCreateStatic
 .text.xTaskCreate
                0x080055a4       0x5c ./Middlewares/Third_Party/FreeRTOS/Source/tasks.o
                0x080055a4                xTaskCreate
 .text.vTaskStartScheduler
                0x08005600       0xa0 ./Middlewares/Third_Party/FreeRTOS/Source/tasks.o
                0x08005600                vTaskStartScheduler
 .text.vTaskSuspendAll
                0x080056a0       0x10 ./Middlewares/Third_Party/FreeRTOS/Source/tasks.o
                0x080056a0                vTaskSuspendAll
 .text.xTaskGetTickCount
                0x080056b0        0xc ./Middlewares/Third_Party/FreeRTOS/Source/tasks.o
                0x080056b0                xTaskGetTickCount
 .text.xTaskIncrementTick
                0x080056bc      0x12c ./Middlewares/Third_Party/FreeRTOS/Source/tasks.o
                0x080056bc                xTaskIncrementTick
 .text.xTaskResumeAll
                0x080057e8       0xe8 ./Middlewares/Third_Party/FreeRTOS/Source/tasks.o
                0x080057e8                xTaskResumeAll
 .text.vTaskDelay
                0x080058d0       0x48 ./Middlewares/Third_Party/FreeRTOS/Source/tasks.o
                0x080058d0                vTaskDelay
 .text.prvIdleTask
                0x08005918       0xa4 ./Middlewares/Third_Party/FreeRTOS/Source/tasks.o
 .text.vTaskSwitchContext
                0x080059bc       0x80 ./Middlewares/Third_Party/FreeRTOS/Source/tasks.o
                0x080059bc                vTaskSwitchContext
 .text.vTaskPlaceOnEventList
                0x08005a3c       0x34 ./Middlewares/Third_Party/FreeRTOS/Source/tasks.o
                0x08005a3c                vTaskPlaceOnEventList
 .text.vTaskPlaceOnEventListRestricted
                0x08005a70       0x3c ./Middlewares/Third_Party/FreeRTOS/Source/tasks.o
                0x08005a70                vTaskPlaceOnEventListRestricted
 .text.xTaskRemoveFromEventList
                0x08005aac       0x88 ./Middlewares/Third_Party/FreeRTOS/Source/tasks.o
                0x08005aac                xTaskRemoveFromEventList
 .text.vTaskSetTimeOutState
                0x08005b34       0x38 ./Middlewares/Third_Party/FreeRTOS/Source/tasks.o
                0x08005b34                vTaskSetTimeOutState
 .text.vTaskInternalSetTimeOutState
                0x08005b6c       0x18 ./Middlewares/Third_Party/FreeRTOS/Source/tasks.o
                0x08005b6c                vTaskInternalSetTimeOutState
 .text.xTaskCheckForTimeOut
                0x08005b84       0x78 ./Middlewares/Third_Party/FreeRTOS/Source/tasks.o
                0x08005b84                xTaskCheckForTimeOut
 .text.vTaskMissedYield
                0x08005bfc        0xc ./Middlewares/Third_Party/FreeRTOS/Source/tasks.o
                0x08005bfc                vTaskMissedYield
 .text.xTaskGetCurrentTaskHandle
                0x08005c08        0xc ./Middlewares/Third_Party/FreeRTOS/Source/tasks.o
                0x08005c08                xTaskGetCurrentTaskHandle
 .text.xTaskGetSchedulerState
                0x08005c14       0x20 ./Middlewares/Third_Party/FreeRTOS/Source/tasks.o
                0x08005c14                xTaskGetSchedulerState
 .text.xTaskPriorityDisinherit
                0x08005c34       0x84 ./Middlewares/Third_Party/FreeRTOS/Source/tasks.o
                0x08005c34                xTaskPriorityDisinherit
 .text.xTaskNotifyWait
                0x08005cb8       0x94 ./Middlewares/Third_Party/FreeRTOS/Source/tasks.o
                0x08005cb8                xTaskNotifyWait
 .text.xTaskGenericNotify
                0x08005d4c       0xf4 ./Middlewares/Third_Party/FreeRTOS/Source/tasks.o
                0x08005d4c                xTaskGenericNotify
 .text.xTaskGenericNotifyFromISR
                0x08005e40      0x120 ./Middlewares/Third_Party/FreeRTOS/Source/tasks.o
                0x08005e40                xTaskGenericNotifyFromISR
 .text.xTaskNotifyStateClear
                0x08005f60       0x2c ./Middlewares/Third_Party/FreeRTOS/Source/tasks.o
                0x08005f60                xTaskNotifyStateClear
 .text.prvInsertTimerInActiveList
                0x08005f8c       0x3c ./Middlewares/Third_Party/FreeRTOS/Source/timers.o
 .text.prvCheckForValidListAndQueue
                0x08005fc8       0x68 ./Middlewares/Third_Party/FreeRTOS/Source/timers.o
 .text.xTimerCreateTimerTask
                0x08006030       0x64 ./Middlewares/Third_Party/FreeRTOS/Source/timers.o
                0x08006030                xTimerCreateTimerTask
 .text.xTimerGenericCommand
                0x08006094       0x58 ./Middlewares/Third_Party/FreeRTOS/Source/timers.o
                0x08006094                xTimerGenericCommand
 .text.prvSampleTimeNow
                0x080060ec       0xa4 ./Middlewares/Third_Party/FreeRTOS/Source/timers.o
 .text.prvTimerTask
                0x08006190      0x1cc ./Middlewares/Third_Party/FreeRTOS/Source/timers.o
 .text.prvPortStartFirstTask
                0x0800635c       0x28 ./Middlewares/Third_Party/FreeRTOS/Source/portable/GCC/ARM_CM4F/port.o
 .text.vPortEnableVFP
                0x08006384       0x14 ./Middlewares/Third_Party/FreeRTOS/Source/portable/GCC/ARM_CM4F/port.o
 .text.prvTaskExitError
                0x08006398       0x40 ./Middlewares/Third_Party/FreeRTOS/Source/portable/GCC/ARM_CM4F/port.o
 .text.pxPortInitialiseStack
                0x080063d8       0x2c ./Middlewares/Third_Party/FreeRTOS/Source/portable/GCC/ARM_CM4F/port.o
                0x080063d8                pxPortInitialiseStack
 *fill*         0x08006404        0xc 
 .text.SVC_Handler
                0x08006410       0x24 ./Middlewares/Third_Party/FreeRTOS/Source/portable/GCC/ARM_CM4F/port.o
                0x08006410                SVC_Handler
 .text.vPortEnterCritical
                0x08006434       0x40 ./Middlewares/Third_Party/FreeRTOS/Source/portable/GCC/ARM_CM4F/port.o
                0x08006434                vPortEnterCritical
 .text.vPortExitCritical
                0x08006474       0x28 ./Middlewares/Third_Party/FreeRTOS/Source/portable/GCC/ARM_CM4F/port.o
                0x08006474                vPortExitCritical
 *fill*         0x0800649c        0x4 
 .text.PendSV_Handler
                0x080064a0       0x64 ./Middlewares/Third_Party/FreeRTOS/Source/portable/GCC/ARM_CM4F/port.o
                0x080064a0                PendSV_Handler
 .text.xPortSysTickHandler
                0x08006504       0x2c ./Middlewares/Third_Party/FreeRTOS/Source/portable/GCC/ARM_CM4F/port.o
                0x08006504                xPortSysTickHandler
 .text.vPortSetupTimerInterrupt
                0x08006530       0x24 ./Middlewares/Third_Party/FreeRTOS/Source/portable/GCC/ARM_CM4F/port.o
                0x08006530                vPortSetupTimerInterrupt
 .text.xPortStartScheduler
                0x08006554      0x104 ./Middlewares/Third_Party/FreeRTOS/Source/portable/GCC/ARM_CM4F/port.o
                0x08006554                xPortStartScheduler
 .text.vPortValidateInterruptPriority
                0x08006658       0x5c ./Middlewares/Third_Party/FreeRTOS/Source/portable/GCC/ARM_CM4F/port.o
                0x08006658                vPortValidateInterruptPriority
 .text.prvInsertBlockIntoFreeList
                0x080066b4       0x4c ./Middlewares/Third_Party/FreeRTOS/Source/portable/MemMang/heap_4.o
 .text.pvPortMalloc
                0x08006700      0x130 ./Middlewares/Third_Party/FreeRTOS/Source/portable/MemMang/heap_4.o
                0x08006700                pvPortMalloc
 .text.vPortFree
                0x08006830       0x7c ./Middlewares/Third_Party/FreeRTOS/Source/portable/MemMang/heap_4.o
                0x08006830                vPortFree
 .text.usage    0x080068ac       0x38 ./Src/application.o
                0x080068ac                usage
 .text.StartDefaultTask
                0x080068e4       0xdc ./Src/application.o
                0x080068e4                StartDefaultTask
 .text.vPortSuppressTicksAndSleep
                0x080069c0        0x2 ./Src/freertos.o
                0x080069c0                vPortSuppressTicksAndSleep
 *fill*         0x080069c2        0x2 
 .text.led3     0x080069c4       0x1c ./Src/io.o
                0x080069c4                led3
 .text.LL_AHB2_GRP1_EnableClock
                0x080069e0       0x1c ./Src/main.o
 .text.SystemClock_Config
                0x080069fc       0x76 ./Src/main.o
                0x080069fc                SystemClock_Config
 .text.PeriphCommonClock_Config
                0x08006a72       0x4a ./Src/main.o
                0x08006a72                PeriphCommonClock_Config
 .text.startup.main
                0x08006abc      0x398 ./Src/main.o
                0x08006abc                main
 .text.HAL_TIM_PeriodElapsedCallback
                0x08006e54       0x14 ./Src/main.o
                0x08006e54                HAL_TIM_PeriodElapsedCallback
 .text.Error_Handler
                0x08006e68        0x4 ./Src/main.o
                0x08006e68                Error_Handler
 .text.HAL_MspInit
                0x08006e6c       0x50 ./Src/stm32l4xx_hal_msp.o
                0x08006e6c                HAL_MspInit
 .text.HAL_ADC_MspInit
                0x08006ebc       0xc4 ./Src/stm32l4xx_hal_msp.o
                0x08006ebc                HAL_ADC_MspInit
 .text.HAL_COMP_MspInit
                0x08006f80       0x4c ./Src/stm32l4xx_hal_msp.o
                0x08006f80                HAL_COMP_MspInit
 .text.HAL_DAC_MspInit
                0x08006fcc       0x5c ./Src/stm32l4xx_hal_msp.o
                0x08006fcc                HAL_DAC_MspInit
 .text.HAL_LCD_MspInit
                0x08007028       0xe4 ./Src/stm32l4xx_hal_msp.o
                0x08007028                HAL_LCD_MspInit
 .text.HAL_OPAMP_MspInit
                0x0800710c      0x100 ./Src/stm32l4xx_hal_msp.o
                0x0800710c                HAL_OPAMP_MspInit
 .text.HAL_SRAM_MspInit
                0x0800720c       0x9c ./Src/stm32l4xx_hal_msp.o
                0x0800720c                HAL_SRAM_MspInit
 .text.HAL_InitTick
                0x080072a8       0x90 ./Src/stm32l4xx_hal_timebase_tim.o
                0x080072a8                HAL_InitTick
 .text.NMI_Handler
                0x08007338        0x2 ./Src/stm32l4xx_it.o
                0x08007338                NMI_Handler
 .text.HardFault_Handler
                0x0800733a        0x2 ./Src/stm32l4xx_it.o
                0x0800733a                HardFault_Handler
 .text.MemManage_Handler
                0x0800733c        0x2 ./Src/stm32l4xx_it.o
                0x0800733c                MemManage_Handler
 .text.BusFault_Handler
                0x0800733e        0x2 ./Src/stm32l4xx_it.o
                0x0800733e                BusFault_Handler
 .text.UsageFault_Handler
                0x08007340        0x2 ./Src/stm32l4xx_it.o
                0x08007340                UsageFault_Handler
 .text.DebugMon_Handler
                0x08007342        0x2 ./Src/stm32l4xx_it.o
                0x08007342                DebugMon_Handler
 .text.TIM1_UP_TIM16_IRQHandler
                0x08007344        0xc ./Src/stm32l4xx_it.o
                0x08007344                TIM1_UP_TIM16_IRQHandler
 .text.OTG_FS_IRQHandler
                0x08007350        0xc ./Src/stm32l4xx_it.o
                0x08007350                OTG_FS_IRQHandler
 .text._sbrk    0x0800735c       0x40 ./Src/sysmem.o
                0x0800735c                _sbrk
 .text.SystemInit
                0x0800739c       0x14 ./Src/system_stm32l4xx.o
                0x0800739c                SystemInit
 .text.MX_USB_DEVICE_Init
                0x080073b0       0x50 ./Src/usb_device.o
                0x080073b0                MX_USB_DEVICE_Init
 .text.CDC_DeInit_FS
                0x08007400        0x4 ./Src/usbd_cdc_if.o
 .text.CDC_TransmitCplt_FS
                0x08007404        0xa ./Src/usbd_cdc_if.o
 *fill*         0x0800740e        0x2 
 .text.CDC_Receive_FS
                0x08007410       0x28 ./Src/usbd_cdc_if.o
 .text.CDC_Init_FS
                0x08007438       0x28 ./Src/usbd_cdc_if.o
 .text.CDC_Control_FS
                0x08007460       0x30 ./Src/usbd_cdc_if.o
 .text.CDC_Transmit_FS
                0x08007490       0x2c ./Src/usbd_cdc_if.o
                0x08007490                CDC_Transmit_FS
 .text.HAL_PCD_MspInit
                0x080074bc       0xbc ./Src/usbd_conf.o
                0x080074bc                HAL_PCD_MspInit
 .text.HAL_PCD_SetupStageCallback
                0x08007578        0xc ./Src/usbd_conf.o
                0x08007578                HAL_PCD_SetupStageCallback
 .text.HAL_PCD_DataOutStageCallback
                0x08007584       0x12 ./Src/usbd_conf.o
                0x08007584                HAL_PCD_DataOutStageCallback
 .text.HAL_PCD_DataInStageCallback
                0x08007596       0x10 ./Src/usbd_conf.o
                0x08007596                HAL_PCD_DataInStageCallback
 .text.HAL_PCD_SOFCallback
                0x080075a6        0x8 ./Src/usbd_conf.o
                0x080075a6                HAL_PCD_SOFCallback
 .text.HAL_PCD_ResetCallback
                0x080075ae       0x24 ./Src/usbd_conf.o
                0x080075ae                HAL_PCD_ResetCallback
 *fill*         0x080075d2        0x2 
 .text.HAL_PCD_SuspendCallback
                0x080075d4       0x30 ./Src/usbd_conf.o
                0x080075d4                HAL_PCD_SuspendCallback
 .text.HAL_PCD_ResumeCallback
                0x08007604       0x34 ./Src/usbd_conf.o
                0x08007604                HAL_PCD_ResumeCallback
 .text.HAL_PCD_ISOOUTIncompleteCallback
                0x08007638        0x8 ./Src/usbd_conf.o
                0x08007638                HAL_PCD_ISOOUTIncompleteCallback
 .text.HAL_PCD_ISOINIncompleteCallback
                0x08007640        0x8 ./Src/usbd_conf.o
                0x08007640                HAL_PCD_ISOINIncompleteCallback
 .text.HAL_PCD_ConnectCallback
                0x08007648        0x8 ./Src/usbd_conf.o
                0x08007648                HAL_PCD_ConnectCallback
 .text.HAL_PCD_DisconnectCallback
                0x08007650        0x8 ./Src/usbd_conf.o
                0x08007650                HAL_PCD_DisconnectCallback
 .text.USBD_LL_Init
                0x08007658       0x54 ./Src/usbd_conf.o
                0x08007658                USBD_LL_Init
 .text.USBD_LL_Start
                0x080076ac       0x16 ./Src/usbd_conf.o
                0x080076ac                USBD_LL_Start
 .text.USBD_LL_OpenEP
                0x080076c2       0x1c ./Src/usbd_conf.o
                0x080076c2                USBD_LL_OpenEP
 .text.USBD_LL_CloseEP
                0x080076de       0x16 ./Src/usbd_conf.o
                0x080076de                USBD_LL_CloseEP
 .text.USBD_LL_StallEP
                0x080076f4       0x16 ./Src/usbd_conf.o
                0x080076f4                USBD_LL_StallEP
 .text.USBD_LL_ClearStallEP
                0x0800770a       0x16 ./Src/usbd_conf.o
                0x0800770a                USBD_LL_ClearStallEP
 .text.USBD_LL_IsStallEP
                0x08007720       0x24 ./Src/usbd_conf.o
                0x08007720                USBD_LL_IsStallEP
 .text.USBD_LL_SetUSBAddress
                0x08007744       0x16 ./Src/usbd_conf.o
                0x08007744                USBD_LL_SetUSBAddress
 .text.USBD_LL_Transmit
                0x0800775a       0x16 ./Src/usbd_conf.o
                0x0800775a                USBD_LL_Transmit
 .text.USBD_LL_PrepareReceive
                0x08007770       0x16 ./Src/usbd_conf.o
                0x08007770                USBD_LL_PrepareReceive
 .text.USBD_LL_GetRxDataSize
                0x08007786        0x8 ./Src/usbd_conf.o
                0x08007786                USBD_LL_GetRxDataSize
 *fill*         0x0800778e        0x2 
 .text.USBD_static_malloc
                0x08007790        0x8 ./Src/usbd_conf.o
                0x08007790                USBD_static_malloc
 .text.USBD_static_free
                0x08007798        0x2 ./Src/usbd_conf.o
                0x08007798                USBD_static_free
 *fill*         0x0800779a        0x2 
 .text.USBD_FS_DeviceDescriptor
                0x0800779c        0xc ./Src/usbd_desc.o
                0x0800779c                USBD_FS_DeviceDescriptor
 .text.USBD_FS_LangIDStrDescriptor
                0x080077a8        0xc ./Src/usbd_desc.o
                0x080077a8                USBD_FS_LangIDStrDescriptor
 .text.IntToUnicode
                0x080077b4       0x2a ./Src/usbd_desc.o
 *fill*         0x080077de        0x2 
 .text.USBD_FS_SerialStrDescriptor
                0x080077e0       0x3c ./Src/usbd_desc.o
                0x080077e0                USBD_FS_SerialStrDescriptor
 .text.USBD_FS_ManufacturerStrDescriptor
                0x0800781c       0x1c ./Src/usbd_desc.o
                0x0800781c                USBD_FS_ManufacturerStrDescriptor
 .text.USBD_FS_ProductStrDescriptor
                0x08007838       0x1c ./Src/usbd_desc.o
                0x08007838                USBD_FS_ProductStrDescriptor
 .text.USBD_FS_ConfigStrDescriptor
                0x08007854       0x1c ./Src/usbd_desc.o
                0x08007854                USBD_FS_ConfigStrDescriptor
 .text.USBD_FS_InterfaceStrDescriptor
                0x08007870       0x1c ./Src/usbd_desc.o
                0x08007870                USBD_FS_InterfaceStrDescriptor
 .text.usbserialInit
                0x0800788c       0x58 ./Src/usbserial.o
                0x0800788c                usbserialInit
 .text.usbserialQueue
                0x080078e4       0x3c ./Src/usbserial.o
                0x080078e4                usbserialQueue
 .text.usbserialGetByte
                0x08007920       0x40 ./Src/usbserial.o
                0x08007920                usbserialGetByte
 .text.usbserialPutByte
                0x08007960       0x24 ./Src/usbserial.o
                0x08007960                usbserialPutByte
 .text.usbserialWriteData
                0x08007984       0x14 ./Src/usbserial.o
                0x08007984                usbserialWriteData
 .text.usbserialPrint
                0x08007998       0x14 ./Src/usbserial.o
                0x08007998                usbserialPrint
 .text.usbserialEchoOn
                0x080079ac        0xc ./Src/usbserial.o
                0x080079ac                usbserialEchoOn
 .text.usbserialReadChar
                0x080079b8       0x1c ./Src/usbserial.o
                0x080079b8                usbserialReadChar
 .text.usbserialReadHexNibble
                0x080079d4       0x38 ./Src/usbserial.o
                0x080079d4                usbserialReadHexNibble
 .text.usbserialReadHexWord16
                0x08007a0c       0x24 ./Src/usbserial.o
                0x08007a0c                usbserialReadHexWord16
 .text.usbserialPrintf
                0x08007a30       0x26 ./Src/usbserial.o
                0x08007a30                usbserialPrintf
 *fill*         0x08007a56        0x2 
 .text.usbserialTxWakeup
                0x08007a58       0x10 ./Src/usbserial.o
                0x08007a58                usbserialTxWakeup
 .text.StartUsbTxTask
                0x08007a68       0x44 ./Src/usbserial.o
                0x08007a68                StartUsbTxTask
 .text.Reset_Handler
                0x08007aac       0x50 ./Startup/startup_stm32l496vetx.o
                0x08007aac                Reset_Handler
 .text.Default_Handler
                0x08007afc        0x2 ./Startup/startup_stm32l496vetx.o
                0x08007afc                RTC_Alarm_IRQHandler
                0x08007afc                EXTI2_IRQHandler
                0x08007afc                TIM8_TRG_COM_IRQHandler
                0x08007afc                TIM8_CC_IRQHandler
                0x08007afc                TIM1_CC_IRQHandler
                0x08007afc                TSC_IRQHandler
                0x08007afc                TAMP_STAMP_IRQHandler
                0x08007afc                CAN2_RX1_IRQHandler
                0x08007afc                EXTI3_IRQHandler
                0x08007afc                LPTIM2_IRQHandler
                0x08007afc                DFSDM1_FLT1_IRQHandler
                0x08007afc                I2C3_ER_IRQHandler
                0x08007afc                DFSDM1_FLT2_IRQHandler
                0x08007afc                EXTI0_IRQHandler
                0x08007afc                I2C2_EV_IRQHandler
                0x08007afc                CAN1_RX0_IRQHandler
                0x08007afc                FPU_IRQHandler
                0x08007afc                CAN2_SCE_IRQHandler
                0x08007afc                ADC1_2_IRQHandler
                0x08007afc                SPI1_IRQHandler
                0x08007afc                TIM6_DAC_IRQHandler
                0x08007afc                DCMI_IRQHandler
                0x08007afc                CAN2_RX0_IRQHandler
                0x08007afc                TIM8_UP_IRQHandler
                0x08007afc                DMA2_Channel2_IRQHandler
                0x08007afc                DMA1_Channel4_IRQHandler
                0x08007afc                SAI2_IRQHandler
                0x08007afc                DFSDM1_FLT3_IRQHandler
                0x08007afc                USART3_IRQHandler
                0x08007afc                DMA1_Channel7_IRQHandler
                0x08007afc                CAN1_RX1_IRQHandler
                0x08007afc                LCD_IRQHandler
                0x08007afc                UART5_IRQHandler
                0x08007afc                ADC3_IRQHandler
                0x08007afc                TIM4_IRQHandler
                0x08007afc                DMA2_Channel1_IRQHandler
                0x08007afc                QUADSPI_IRQHandler
                0x08007afc                I2C1_EV_IRQHandler
                0x08007afc                DMA1_Channel6_IRQHandler
                0x08007afc                UART4_IRQHandler
                0x08007afc                DMA2_Channel4_IRQHandler
                0x08007afc                TIM3_IRQHandler
                0x08007afc                RCC_IRQHandler
                0x08007afc                DMA1_Channel1_IRQHandler
                0x08007afc                Default_Handler
                0x08007afc                DMA2_Channel7_IRQHandler
                0x08007afc                EXTI15_10_IRQHandler
                0x08007afc                TIM7_IRQHandler
                0x08007afc                SDMMC1_IRQHandler
                0x08007afc                CAN2_TX_IRQHandler
                0x08007afc                TIM5_IRQHandler
                0x08007afc                I2C3_EV_IRQHandler
                0x08007afc                EXTI9_5_IRQHandler
                0x08007afc                RTC_WKUP_IRQHandler
                0x08007afc                PVD_PVM_IRQHandler
                0x08007afc                SPI2_IRQHandler
                0x08007afc                CAN1_TX_IRQHandler
                0x08007afc                DMA2_Channel5_IRQHandler
                0x08007afc                CRS_IRQHandler
                0x08007afc                DMA1_Channel5_IRQHandler
                0x08007afc                EXTI4_IRQHandler
                0x08007afc                RNG_IRQHandler
                0x08007afc                TIM1_TRG_COM_TIM17_IRQHandler
                0x08007afc                DMA1_Channel3_IRQHandler
                0x08007afc                COMP_IRQHandler
                0x08007afc                WWDG_IRQHandler
                0x08007afc                I2C4_EV_IRQHandler
                0x08007afc                LPUART1_IRQHandler
                0x08007afc                DMA2_Channel6_IRQHandler
                0x08007afc                TIM2_IRQHandler
                0x08007afc                EXTI1_IRQHandler
                0x08007afc                USART2_IRQHandler
                0x08007afc                DFSDM1_FLT0_IRQHandler
                0x08007afc                I2C2_ER_IRQHandler
                0x08007afc                DMA1_Channel2_IRQHandler
                0x08007afc                TIM8_BRK_IRQHandler
                0x08007afc                CAN1_SCE_IRQHandler
                0x08007afc                FLASH_IRQHandler
                0x08007afc                USART1_IRQHandler
                0x08007afc                SPI3_IRQHandler
                0x08007afc                I2C1_ER_IRQHandler
                0x08007afc                FMC_IRQHandler
                0x08007afc                SWPMI1_IRQHandler
                0x08007afc                LPTIM1_IRQHandler
                0x08007afc                I2C4_ER_IRQHandler
                0x08007afc                SAI1_IRQHandler
                0x08007afc                DMA2_Channel3_IRQHandler
                0x08007afc                TIM1_BRK_TIM15_IRQHandler
 .text.stm32_lock_acquire.part.0
                0x08007afe        0xa ./ThreadSafe/newlib_lock_glue.o
 .text.stm32_lock_acquire
                0x08007b08       0x2e ./ThreadSafe/newlib_lock_glue.o
 .text.stm32_lock_release
                0x08007b36       0x20 ./ThreadSafe/newlib_lock_glue.o
 .text.__retarget_lock_acquire
                0x08007b56       0x10 ./ThreadSafe/newlib_lock_glue.o
                0x08007b56                __retarget_lock_acquire
 .text.__retarget_lock_acquire_recursive
                0x08007b66        0x4 ./ThreadSafe/newlib_lock_glue.o
                0x08007b66                __retarget_lock_acquire_recursive
 .text.__retarget_lock_release
                0x08007b6a       0x14 ./ThreadSafe/newlib_lock_glue.o
                0x08007b6a                __retarget_lock_release
 .text.__retarget_lock_release_recursive
                0x08007b7e        0x4 ./ThreadSafe/newlib_lock_glue.o
                0x08007b7e                __retarget_lock_release_recursive
 *fill*         0x08007b82        0x2 
 .text.sbrk_aligned
                0x08007b84       0x44 /opt/st/stm32cubeide_1.16.1/plugins/com.st.stm32cube.ide.mcu.externaltools.gnu-tools-for-stm32.12.3.rel1.linux64_1.0.200.202406132123/tools/bin/../lib/gcc/arm-none-eabi/12.3.1/../../../../arm-none-eabi/lib/thumb/v7e-m+fp/hard/libc_nano.a(libc_a-mallocr.o)
 .text._malloc_r
                0x08007bc8      0x100 /opt/st/stm32cubeide_1.16.1/plugins/com.st.stm32cube.ide.mcu.externaltools.gnu-tools-for-stm32.12.3.rel1.linux64_1.0.200.202406132123/tools/bin/../lib/gcc/arm-none-eabi/12.3.1/../../../../arm-none-eabi/lib/thumb/v7e-m+fp/hard/libc_nano.a(libc_a-mallocr.o)
                0x08007bc8                _malloc_r
 .text.__malloc_lock
                0x08007cc8        0xc /opt/st/stm32cubeide_1.16.1/plugins/com.st.stm32cube.ide.mcu.externaltools.gnu-tools-for-stm32.12.3.rel1.linux64_1.0.200.202406132123/tools/bin/../lib/gcc/arm-none-eabi/12.3.1/../../../../arm-none-eabi/lib/thumb/v7e-m+fp/hard/libc_nano.a(libc_a-mlock.o)
                0x08007cc8                __malloc_lock
 .text.__malloc_unlock
                0x08007cd4        0xc /opt/st/stm32cubeide_1.16.1/plugins/com.st.stm32cube.ide.mcu.externaltools.gnu-tools-for-stm32.12.3.rel1.linux64_1.0.200.202406132123/tools/bin/../lib/gcc/arm-none-eabi/12.3.1/../../../../arm-none-eabi/lib/thumb/v7e-m+fp/hard/libc_nano.a(libc_a-mlock.o)
                0x08007cd4                __malloc_unlock
 .text._vsnprintf_r
                0x08007ce0       0x56 /opt/st/stm32cubeide_1.16.1/plugins/com.st.stm32cube.ide.mcu.externaltools.gnu-tools-for-stm32.12.3.rel1.linux64_1.0.200.202406132123/tools/bin/../lib/gcc/arm-none-eabi/12.3.1/../../../../arm-none-eabi/lib/thumb/v7e-m+fp/hard/libc_nano.a(libc_a-vsnprintf.o)
                0x08007ce0                _vsnprintf_r
                0x08007ce0                _vsniprintf_r
 *fill*         0x08007d36        0x2 
 .text.vsnprintf
                0x08007d38       0x1c /opt/st/stm32cubeide_1.16.1/plugins/com.st.stm32cube.ide.mcu.externaltools.gnu-tools-for-stm32.12.3.rel1.linux64_1.0.200.202406132123/tools/bin/../lib/gcc/arm-none-eabi/12.3.1/../../../../arm-none-eabi/lib/thumb/v7e-m+fp/hard/libc_nano.a(libc_a-vsnprintf.o)
                0x08007d38                vsnprintf
                0x08007d38                vsniprintf
 .text.memset   0x08007d54       0x10 /opt/st/stm32cubeide_1.16.1/plugins/com.st.stm32cube.ide.mcu.externaltools.gnu-tools-for-stm32.12.3.rel1.linux64_1.0.200.202406132123/tools/bin/../lib/gcc/arm-none-eabi/12.3.1/../../../../arm-none-eabi/lib/thumb/v7e-m+fp/hard/libc_nano.a(libc_a-memset.o)
                0x08007d54                memset
 .text._reclaim_reent
                0x08007d64       0xac /opt/st/stm32cubeide_1.16.1/plugins/com.st.stm32cube.ide.mcu.externaltools.gnu-tools-for-stm32.12.3.rel1.linux64_1.0.200.202406132123/tools/bin/../lib/gcc/arm-none-eabi/12.3.1/../../../../arm-none-eabi/lib/thumb/v7e-m+fp/hard/libc_nano.a(libc_a-reent.o)
                0x08007d64                _reclaim_reent
 .text._sbrk_r  0x08007e10       0x20 /opt/st/stm32cubeide_1.16.1/plugins/com.st.stm32cube.ide.mcu.externaltools.gnu-tools-for-stm32.12.3.rel1.linux64_1.0.200.202406132123/tools/bin/../lib/gcc/arm-none-eabi/12.3.1/../../../../arm-none-eabi/lib/thumb/v7e-m+fp/hard/libc_nano.a(libc_a-sbrkr.o)
                0x08007e10                _sbrk_r
 .text.__errno  0x08007e30        0xc /opt/st/stm32cubeide_1.16.1/plugins/com.st.stm32cube.ide.mcu.externaltools.gnu-tools-for-stm32.12.3.rel1.linux64_1.0.200.202406132123/tools/bin/../lib/gcc/arm-none-eabi/12.3.1/../../../../arm-none-eabi/lib/thumb/v7e-m+fp/hard/libc_nano.a(libc_a-errno.o)
                0x08007e30                __errno
 .text.__libc_init_array
                0x08007e3c       0x48 /opt/st/stm32cubeide_1.16.1/plugins/com.st.stm32cube.ide.mcu.externaltools.gnu-tools-for-stm32.12.3.rel1.linux64_1.0.200.202406132123/tools/bin/../lib/gcc/arm-none-eabi/12.3.1/../../../../arm-none-eabi/lib/thumb/v7e-m+fp/hard/libc_nano.a(libc_a-init.o)
                0x08007e3c                __libc_init_array
 .text.memcpy   0x08007e84       0x1c /opt/st/stm32cubeide_1.16.1/plugins/com.st.stm32cube.ide.mcu.externaltools.gnu-tools-for-stm32.12.3.rel1.linux64_1.0.200.202406132123/tools/bin/../lib/gcc/arm-none-eabi/12.3.1/../../../../arm-none-eabi/lib/thumb/v7e-m+fp/hard/libc_nano.a(libc_a-memcpy-stub.o)
                0x08007e84                memcpy
 .text._free_r  0x08007ea0       0x94 /opt/st/stm32cubeide_1.16.1/plugins/com.st.stm32cube.ide.mcu.externaltools.gnu-tools-for-stm32.12.3.rel1.linux64_1.0.200.202406132123/tools/bin/../lib/gcc/arm-none-eabi/12.3.1/../../../../arm-none-eabi/lib/thumb/v7e-m+fp/hard/libc_nano.a(libc_a-freer.o)
                0x08007ea0                _free_r
 .text.__ssputs_r
                0x08007f34       0xb6 /opt/st/stm32cubeide_1.16.1/plugins/com.st.stm32cube.ide.mcu.externaltools.gnu-tools-for-stm32.12.3.rel1.linux64_1.0.200.202406132123/tools/bin/../lib/gcc/arm-none-eabi/12.3.1/../../../../arm-none-eabi/lib/thumb/v7e-m+fp/hard/libc_nano.a(libc_a-nano-svfprintf.o)
                0x08007f34                __ssputs_r
 *fill*         0x08007fea        0x2 
 .text._svfprintf_r
                0x08007fec      0x1f8 /opt/st/stm32cubeide_1.16.1/plugins/com.st.stm32cube.ide.mcu.externaltools.gnu-tools-for-stm32.12.3.rel1.linux64_1.0.200.202406132123/tools/bin/../lib/gcc/arm-none-eabi/12.3.1/../../../../arm-none-eabi/lib/thumb/v7e-m+fp/hard/libc_nano.a(libc_a-nano-svfprintf.o)
                0x08007fec                _svfprintf_r
                0x08007fec                _svfiprintf_r
 .text._printf_common
                0x080081e4       0xda /opt/st/stm32cubeide_1.16.1/plugins/com.st.stm32cube.ide.mcu.externaltools.gnu-tools-for-stm32.12.3.rel1.linux64_1.0.200.202406132123/tools/bin/../lib/gcc/arm-none-eabi/12.3.1/../../../../arm-none-eabi/lib/thumb/v7e-m+fp/hard/libc_nano.a(libc_a-nano-vfprintf_i.o)
                0x080081e4                _printf_common
 *fill*         0x080082be        0x2 
 .text._printf_i
                0x080082c0      0x240 /opt/st/stm32cubeide_1.16.1/plugins/com.st.stm32cube.ide.mcu.externaltools.gnu-tools-for-stm32.12.3.rel1.linux64_1.0.200.202406132123/tools/bin/../lib/gcc/arm-none-eabi/12.3.1/../../../../arm-none-eabi/lib/thumb/v7e-m+fp/hard/libc_nano.a(libc_a-nano-vfprintf_i.o)
                0x080082c0                _printf_i
 .text.memmove  0x08008500       0x34 /opt/st/stm32cubeide_1.16.1/plugins/com.st.stm32cube.ide.mcu.externaltools.gnu-tools-for-stm32.12.3.rel1.linux64_1.0.200.202406132123/tools/bin/../lib/gcc/arm-none-eabi/12.3.1/../../../../arm-none-eabi/lib/thumb/v7e-m+fp/hard/libc_nano.a(libc_a-memmove.o)
                0x08008500                memmove
 .text._realloc_r
                0x08008534       0x5c /opt/st/stm32cubeide_1.16.1/plugins/com.st.stm32cube.ide.mcu.externaltools.gnu-tools-for-stm32.12.3.rel1.linux64_1.0.200.202406132123/tools/bin/../lib/gcc/arm-none-eabi/12.3.1/../../../../arm-none-eabi/lib/thumb/v7e-m+fp/hard/libc_nano.a(libc_a-reallocr.o)
                0x08008534                _realloc_r
 .text._malloc_usable_size_r
                0x08008590       0x10 /opt/st/stm32cubeide_1.16.1/plugins/com.st.stm32cube.ide.mcu.externaltools.gnu-tools-for-stm32.12.3.rel1.linux64_1.0.200.202406132123/tools/bin/../lib/gcc/arm-none-eabi/12.3.1/../../../../arm-none-eabi/lib/thumb/v7e-m+fp/hard/libc_nano.a(libc_a-msizer.o)
                0x08008590                _malloc_usable_size_r
 *(.glue_7)
 .glue_7        0x080085a0        0x0 linker stubs
 *(.glue_7t)
 .glue_7t       0x080085a0        0x0 linker stubs
 *(.eh_frame)
 .eh_frame      0x080085a0        0x0 /opt/st/stm32cubeide_1.16.1/plugins/com.st.stm32cube.ide.mcu.externaltools.gnu-tools-for-stm32.12.3.rel1.linux64_1.0.200.202406132123/tools/bin/../lib/gcc/arm-none-eabi/12.3.1/thumb/v7e-m+fp/hard/crtbegin.o
 *(.init)
 .init          0x080085a0        0x4 /opt/st/stm32cubeide_1.16.1/plugins/com.st.stm32cube.ide.mcu.externaltools.gnu-tools-for-stm32.12.3.rel1.linux64_1.0.200.202406132123/tools/bin/../lib/gcc/arm-none-eabi/12.3.1/thumb/v7e-m+fp/hard/crti.o
                0x080085a0                _init
 .init          0x080085a4        0x8 /opt/st/stm32cubeide_1.16.1/plugins/com.st.stm32cube.ide.mcu.externaltools.gnu-tools-for-stm32.12.3.rel1.linux64_1.0.200.202406132123/tools/bin/../lib/gcc/arm-none-eabi/12.3.1/thumb/v7e-m+fp/hard/crtn.o
 *(.fini)
 .fini          0x080085ac        0x4 /opt/st/stm32cubeide_1.16.1/plugins/com.st.stm32cube.ide.mcu.externaltools.gnu-tools-for-stm32.12.3.rel1.linux64_1.0.200.202406132123/tools/bin/../lib/gcc/arm-none-eabi/12.3.1/thumb/v7e-m+fp/hard/crti.o
                0x080085ac                _fini
 .fini          0x080085b0        0x8 /opt/st/stm32cubeide_1.16.1/plugins/com.st.stm32cube.ide.mcu.externaltools.gnu-tools-for-stm32.12.3.rel1.linux64_1.0.200.202406132123/tools/bin/../lib/gcc/arm-none-eabi/12.3.1/thumb/v7e-m+fp/hard/crtn.o
                0x080085b8                        . = ALIGN (0x4)
                0x080085b8                        _etext = .

.vfp11_veneer   0x080085b8        0x0
 .vfp11_veneer  0x080085b8        0x0 linker stubs

.v4_bx          0x080085b8        0x0
 .v4_bx         0x080085b8        0x0 linker stubs

.iplt           0x080085b8        0x0
 .iplt          0x080085b8        0x0 /opt/st/stm32cubeide_1.16.1/plugins/com.st.stm32cube.ide.mcu.externaltools.gnu-tools-for-stm32.12.3.rel1.linux64_1.0.200.202406132123/tools/bin/../lib/gcc/arm-none-eabi/12.3.1/thumb/v7e-m+fp/hard/crtbegin.o

.rodata         0x080085b8      0x3b4
                0x080085b8                        . = ALIGN (0x4)
 *(.rodata)
 *(.rodata*)
 .rodata.CSWTCH.108
                0x080085b8        0x8 ./Drivers/STM32L4xx_HAL_Driver/Src/stm32l4xx_hal_adc.o
 .rodata.vTaskStartScheduler.str1.1
                0x080085c0        0x5 ./Middlewares/Third_Party/FreeRTOS/Source/tasks.o
 .rodata.prvCheckForValidListAndQueue.str1.1
                0x080085c5        0x5 ./Middlewares/Third_Party/FreeRTOS/Source/timers.o
 .rodata.xTimerCreateTimerTask.str1.1
                0x080085ca        0x8 ./Middlewares/Third_Party/FreeRTOS/Source/timers.o
 .rodata.usage.str1.1
                0x080085d2       0xf6 ./Src/application.o
 .rodata.StartDefaultTask.str1.1
                0x080086c8       0x98 ./Src/application.o
                                 0xa2 (size before relaxing)
 .rodata.str1.1
                0x08008760       0x16 ./Src/main.o
 *fill*         0x08008776        0x2 
 .rodata.usbTxTask_attributes
                0x08008778       0x24 ./Src/main.o
                0x08008778                usbTxTask_attributes
 .rodata.defaultTask_attributes
                0x0800879c       0x24 ./Src/main.o
                0x0800879c                defaultTask_attributes
 .rodata.MSIRangeTable
                0x080087c0       0x30 ./Src/system_stm32l4xx.o
                0x080087c0                MSIRangeTable
 .rodata.APBPrescTable
                0x080087f0        0x8 ./Src/system_stm32l4xx.o
                0x080087f0                APBPrescTable
 .rodata.AHBPrescTable
                0x080087f8       0x10 ./Src/system_stm32l4xx.o
                0x080087f8                AHBPrescTable
 .rodata.USBD_FS_ManufacturerStrDescriptor.str1.1
                0x08008808        0x4 ./Src/usbd_desc.o
 .rodata.USBD_FS_ProductStrDescriptor.str1.1
                0x0800880c       0x10 ./Src/usbd_desc.o
 .rodata.USBD_FS_ConfigStrDescriptor.str1.1
                0x0800881c        0xb ./Src/usbd_desc.o
 .rodata.USBD_FS_InterfaceStrDescriptor.str1.1
                0x08008827        0xe ./Src/usbd_desc.o
 .rodata._ctype_
                0x08008835      0x101 /opt/st/stm32cubeide_1.16.1/plugins/com.st.stm32cube.ide.mcu.externaltools.gnu-tools-for-stm32.12.3.rel1.linux64_1.0.200.202406132123/tools/bin/../lib/gcc/arm-none-eabi/12.3.1/../../../../arm-none-eabi/lib/thumb/v7e-m+fp/hard/libc_nano.a(libc_a-ctype_.o)
                0x08008835                _ctype_
 .rodata._svfprintf_r.str1.1
                0x08008936       0x11 /opt/st/stm32cubeide_1.16.1/plugins/com.st.stm32cube.ide.mcu.externaltools.gnu-tools-for-stm32.12.3.rel1.linux64_1.0.200.202406132123/tools/bin/../lib/gcc/arm-none-eabi/12.3.1/../../../../arm-none-eabi/lib/thumb/v7e-m+fp/hard/libc_nano.a(libc_a-nano-svfprintf.o)
 .rodata._printf_i.str1.1
                0x08008947       0x22 /opt/st/stm32cubeide_1.16.1/plugins/com.st.stm32cube.ide.mcu.externaltools.gnu-tools-for-stm32.12.3.rel1.linux64_1.0.200.202406132123/tools/bin/../lib/gcc/arm-none-eabi/12.3.1/../../../../arm-none-eabi/lib/thumb/v7e-m+fp/hard/libc_nano.a(libc_a-nano-vfprintf_i.o)
                0x0800896c                        . = ALIGN (0x4)
 *fill*         0x08008969        0x3 

.ARM.extab      0x0800896c        0x0
                0x0800896c                        . = ALIGN (0x4)
 *(.ARM.extab* .gnu.linkonce.armextab.*)
                0x0800896c                        . = ALIGN (0x4)

.ARM            0x0800896c        0x8
                0x0800896c                        . = ALIGN (0x4)
                0x0800896c                        __exidx_start = .
 *(.ARM.exidx*)
 .ARM.exidx     0x0800896c        0x8 /opt/st/stm32cubeide_1.16.1/plugins/com.st.stm32cube.ide.mcu.externaltools.gnu-tools-for-stm32.12.3.rel1.linux64_1.0.200.202406132123/tools/bin/../lib/gcc/arm-none-eabi/12.3.1/../../../../arm-none-eabi/lib/thumb/v7e-m+fp/hard/libc_nano.a(libc_a-strlen.o)
 .ARM.exidx     0x08008974        0x0 /opt/st/stm32cubeide_1.16.1/plugins/com.st.stm32cube.ide.mcu.externaltools.gnu-tools-for-stm32.12.3.rel1.linux64_1.0.200.202406132123/tools/bin/../lib/gcc/arm-none-eabi/12.3.1/../../../../arm-none-eabi/lib/thumb/v7e-m+fp/hard/libc_nano.a(libc_a-memchr.o)
                                  0x8 (size before relaxing)
                0x08008974                        __exidx_end = .
                0x08008974                        . = ALIGN (0x4)

.rel.dyn        0x08008974        0x0
 .rel.iplt      0x08008974        0x0 /opt/st/stm32cubeide_1.16.1/plugins/com.st.stm32cube.ide.mcu.externaltools.gnu-tools-for-stm32.12.3.rel1.linux64_1.0.200.202406132123/tools/bin/../lib/gcc/arm-none-eabi/12.3.1/thumb/v7e-m+fp/hard/crtbegin.o

.preinit_array  0x08008974        0x0
                0x08008974                        . = ALIGN (0x4)
                0x08008974                        PROVIDE (__preinit_array_start = .)
 *(.preinit_array*)
                0x08008974                        PROVIDE (__preinit_array_end = .)
                0x08008974                        . = ALIGN (0x4)

.init_array     0x08008974        0x4
                0x08008974                        . = ALIGN (0x4)
                0x08008974                        PROVIDE (__init_array_start = .)
 *(SORT_BY_NAME(.init_array.*))
 *(.init_array*)
 .init_array    0x08008974        0x4 /opt/st/stm32cubeide_1.16.1/plugins/com.st.stm32cube.ide.mcu.externaltools.gnu-tools-for-stm32.12.3.rel1.linux64_1.0.200.202406132123/tools/bin/../lib/gcc/arm-none-eabi/12.3.1/thumb/v7e-m+fp/hard/crtbegin.o
                0x08008978                        PROVIDE (__init_array_end = .)
                0x08008978                        . = ALIGN (0x4)

.fini_array     0x08008978        0x4
                0x08008978                        . = ALIGN (0x4)
                [!provide]                        PROVIDE (__fini_array_start = .)
 *(SORT_BY_NAME(.fini_array.*))
 *(.fini_array*)
 .fini_array    0x08008978        0x4 /opt/st/stm32cubeide_1.16.1/plugins/com.st.stm32cube.ide.mcu.externaltools.gnu-tools-for-stm32.12.3.rel1.linux64_1.0.200.202406132123/tools/bin/../lib/gcc/arm-none-eabi/12.3.1/thumb/v7e-m+fp/hard/crtbegin.o
                [!provide]                        PROVIDE (__fini_array_end = .)
                0x0800897c                        . = ALIGN (0x4)
                0x0800897c                        _sidata = LOADADDR (.data)

.data           0x20000000      0x154 load address 0x0800897c
                0x20000000                        . = ALIGN (0x4)
                0x20000000                        _sdata = .
 *(.data)
 *(.data*)
 .data.uwTickFreq
                0x20000000        0x1 ./Drivers/STM32L4xx_HAL_Driver/Src/stm32l4xx_hal.o
                0x20000000                uwTickFreq
 *fill*         0x20000001        0x3 
 .data.uwTickPrio
                0x20000004        0x4 ./Drivers/STM32L4xx_HAL_Driver/Src/stm32l4xx_hal.o
                0x20000004                uwTickPrio
 .data.USBD_CDC_CfgDesc
                0x20000008       0x43 ./Middlewares/ST/STM32_USB_Device_Library/Class/CDC/Src/usbd_cdc.o
 *fill*         0x2000004b        0x1 
 .data.USBD_CDC
                0x2000004c       0x38 ./Middlewares/ST/STM32_USB_Device_Library/Class/CDC/Src/usbd_cdc.o
                0x2000004c                USBD_CDC
 .data.USBD_CDC_DeviceQualifierDesc
                0x20000084        0xa ./Middlewares/ST/STM32_USB_Device_Library/Class/CDC/Src/usbd_cdc.o
 *fill*         0x2000008e        0x2 
 .data.uxCriticalNesting
                0x20000090        0x4 ./Middlewares/Third_Party/FreeRTOS/Source/portable/GCC/ARM_CM4F/port.o
 .data.SystemCoreClock
                0x20000094        0x4 ./Src/system_stm32l4xx.o
                0x20000094                SystemCoreClock
 .data.USBD_Interface_fops_FS
                0x20000098       0x14 ./Src/usbd_cdc_if.o
                0x20000098                USBD_Interface_fops_FS
 .data.lineCoding
                0x200000ac        0x7 ./Src/usbd_cdc_if.o
 *fill*         0x200000b3        0x1 
 .data.USBD_StringSerial
                0x200000b4       0x1a ./Src/usbd_desc.o
                0x200000b4                USBD_StringSerial
 *fill*         0x200000ce        0x2 
 .data.USBD_LangIDDesc
                0x200000d0        0x4 ./Src/usbd_desc.o
                0x200000d0                USBD_LangIDDesc
 .data.USBD_FS_DeviceDesc
                0x200000d4       0x12 ./Src/usbd_desc.o
                0x200000d4                USBD_FS_DeviceDesc
 *fill*         0x200000e6        0x2 
 .data.FS_Desc  0x200000e8       0x1c ./Src/usbd_desc.o
                0x200000e8                FS_Desc
 .data._impure_ptr
                0x20000104        0x4 /opt/st/stm32cubeide_1.16.1/plugins/com.st.stm32cube.ide.mcu.externaltools.gnu-tools-for-stm32.12.3.rel1.linux64_1.0.200.202406132123/tools/bin/../lib/gcc/arm-none-eabi/12.3.1/../../../../arm-none-eabi/lib/thumb/v7e-m+fp/hard/libc_nano.a(libc_a-impure.o)
                0x20000104                _impure_ptr
 .data._impure_data
                0x20000108       0x4c /opt/st/stm32cubeide_1.16.1/plugins/com.st.stm32cube.ide.mcu.externaltools.gnu-tools-for-stm32.12.3.rel1.linux64_1.0.200.202406132123/tools/bin/../lib/gcc/arm-none-eabi/12.3.1/../../../../arm-none-eabi/lib/thumb/v7e-m+fp/hard/libc_nano.a(libc_a-impure.o)
                0x20000108                _impure_data
 *(.RamFunc)
 *(.RamFunc*)
                0x20000154                        . = ALIGN (0x4)
                0x20000154                        _edata = .

.igot.plt       0x20000154        0x0 load address 0x08008ad0
 .igot.plt      0x20000154        0x0 /opt/st/stm32cubeide_1.16.1/plugins/com.st.stm32cube.ide.mcu.externaltools.gnu-tools-for-stm32.12.3.rel1.linux64_1.0.200.202406132123/tools/bin/../lib/gcc/arm-none-eabi/12.3.1/thumb/v7e-m+fp/hard/crtbegin.o
                0x20000154                        . = ALIGN (0x4)

.bss            0x20000154     0x6b08 load address 0x08008ad0
                0x20000154                        _sbss = .
                0x20000154                        __bss_start__ = _sbss
 *(.bss)
 .bss           0x20000154       0x1c /opt/st/stm32cubeide_1.16.1/plugins/com.st.stm32cube.ide.mcu.externaltools.gnu-tools-for-stm32.12.3.rel1.linux64_1.0.200.202406132123/tools/bin/../lib/gcc/arm-none-eabi/12.3.1/thumb/v7e-m+fp/hard/crtbegin.o
 *(.bss*)
 .bss.uwTick    0x20000170        0x4 ./Drivers/STM32L4xx_HAL_Driver/Src/stm32l4xx_hal.o
                0x20000170                uwTick
 .bss.cfgidx.0  0x20000174        0x1 ./Middlewares/ST/STM32_USB_Device_Library/Core/Src/usbd_ctlreq.o
 *fill*         0x20000175        0x3 
 .bss.Timer_Stack.0
                0x20000178      0x400 ./Middlewares/Third_Party/FreeRTOS/Source/CMSIS_RTOS_V2/cmsis_os2.o
 .bss.Timer_TCB.1
                0x20000578       0xa8 ./Middlewares/Third_Party/FreeRTOS/Source/CMSIS_RTOS_V2/cmsis_os2.o
 .bss.Idle_Stack.2
                0x20000620      0x200 ./Middlewares/Third_Party/FreeRTOS/Source/CMSIS_RTOS_V2/cmsis_os2.o
 .bss.Idle_TCB.3
                0x20000820       0xa8 ./Middlewares/Third_Party/FreeRTOS/Source/CMSIS_RTOS_V2/cmsis_os2.o
 .bss.KernelState
                0x200008c8        0x4 ./Middlewares/Third_Party/FreeRTOS/Source/CMSIS_RTOS_V2/cmsis_os2.o
 .bss.xQueueRegistry
                0x200008cc       0x40 ./Middlewares/Third_Party/FreeRTOS/Source/queue.o
                0x200008cc                xQueueRegistry
 .bss.uxSchedulerSuspended
                0x2000090c        0x4 ./Middlewares/Third_Party/FreeRTOS/Source/tasks.o
 .bss.xNextTaskUnblockTime
                0x20000910        0x4 ./Middlewares/Third_Party/FreeRTOS/Source/tasks.o
 .bss.uxTaskNumber
                0x20000914        0x4 ./Middlewares/Third_Party/FreeRTOS/Source/tasks.o
 .bss.xNumOfOverflows
                0x20000918        0x4 ./Middlewares/Third_Party/FreeRTOS/Source/tasks.o
 .bss.xYieldPending
                0x2000091c        0x4 ./Middlewares/Third_Party/FreeRTOS/Source/tasks.o
 .bss.xPendedTicks
                0x20000920        0x4 ./Middlewares/Third_Party/FreeRTOS/Source/tasks.o
 .bss.xSchedulerRunning
                0x20000924        0x4 ./Middlewares/Third_Party/FreeRTOS/Source/tasks.o
 .bss.uxTopReadyPriority
                0x20000928        0x4 ./Middlewares/Third_Party/FreeRTOS/Source/tasks.o
 .bss.xTickCount
                0x2000092c        0x4 ./Middlewares/Third_Party/FreeRTOS/Source/tasks.o
 .bss.uxCurrentNumberOfTasks
                0x20000930        0x4 ./Middlewares/Third_Party/FreeRTOS/Source/tasks.o
 .bss.xSuspendedTaskList
                0x20000934       0x14 ./Middlewares/Third_Party/FreeRTOS/Source/tasks.o
 .bss.uxDeletedTasksWaitingCleanUp
                0x20000948        0x4 ./Middlewares/Third_Party/FreeRTOS/Source/tasks.o
 .bss.xTasksWaitingTermination
                0x2000094c       0x14 ./Middlewares/Third_Party/FreeRTOS/Source/tasks.o
 .bss.xPendingReadyList
                0x20000960       0x14 ./Middlewares/Third_Party/FreeRTOS/Source/tasks.o
 .bss.pxOverflowDelayedTaskList
                0x20000974        0x4 ./Middlewares/Third_Party/FreeRTOS/Source/tasks.o
 .bss.pxDelayedTaskList
                0x20000978        0x4 ./Middlewares/Third_Party/FreeRTOS/Source/tasks.o
 .bss.xDelayedTaskList2
                0x2000097c       0x14 ./Middlewares/Third_Party/FreeRTOS/Source/tasks.o
 .bss.xDelayedTaskList1
                0x20000990       0x14 ./Middlewares/Third_Party/FreeRTOS/Source/tasks.o
 .bss.pxReadyTasksLists
                0x200009a4      0x460 ./Middlewares/Third_Party/FreeRTOS/Source/tasks.o
 .bss.pxCurrentTCB
                0x20000e04        0x4 ./Middlewares/Third_Party/FreeRTOS/Source/tasks.o
                0x20000e04                pxCurrentTCB
 .bss.xStaticTimerQueue.0
                0x20000e08       0x50 ./Middlewares/Third_Party/FreeRTOS/Source/timers.o
 .bss.ucStaticTimerQueueStorage.1
                0x20000e58       0xa0 ./Middlewares/Third_Party/FreeRTOS/Source/timers.o
 .bss.xLastTime.2
                0x20000ef8        0x4 ./Middlewares/Third_Party/FreeRTOS/Source/timers.o
 .bss.xTimerTaskHandle
                0x20000efc        0x4 ./Middlewares/Third_Party/FreeRTOS/Source/timers.o
 .bss.xTimerQueue
                0x20000f00        0x4 ./Middlewares/Third_Party/FreeRTOS/Source/timers.o
 .bss.pxOverflowTimerList
                0x20000f04        0x4 ./Middlewares/Third_Party/FreeRTOS/Source/timers.o
 .bss.pxCurrentTimerList
                0x20000f08        0x4 ./Middlewares/Third_Party/FreeRTOS/Source/timers.o
 .bss.xActiveTimerList2
                0x20000f0c       0x14 ./Middlewares/Third_Party/FreeRTOS/Source/timers.o
 .bss.xActiveTimerList1
                0x20000f20       0x14 ./Middlewares/Third_Party/FreeRTOS/Source/timers.o
 .bss.ulMaxPRIGROUPValue
                0x20000f34        0x4 ./Middlewares/Third_Party/FreeRTOS/Source/portable/GCC/ARM_CM4F/port.o
 .bss.ucMaxSysCallPriority
                0x20000f38        0x1 ./Middlewares/Third_Party/FreeRTOS/Source/portable/GCC/ARM_CM4F/port.o
 *fill*         0x20000f39        0x3 
 .bss.xBlockAllocatedBit
                0x20000f3c        0x4 ./Middlewares/Third_Party/FreeRTOS/Source/portable/MemMang/heap_4.o
 .bss.xNumberOfSuccessfulFrees
                0x20000f40        0x4 ./Middlewares/Third_Party/FreeRTOS/Source/portable/MemMang/heap_4.o
 .bss.xNumberOfSuccessfulAllocations
                0x20000f44        0x4 ./Middlewares/Third_Party/FreeRTOS/Source/portable/MemMang/heap_4.o
 .bss.xMinimumEverFreeBytesRemaining
                0x20000f48        0x4 ./Middlewares/Third_Party/FreeRTOS/Source/portable/MemMang/heap_4.o
 .bss.xFreeBytesRemaining
                0x20000f4c        0x4 ./Middlewares/Third_Party/FreeRTOS/Source/portable/MemMang/heap_4.o
 .bss.pxEnd     0x20000f50        0x4 ./Middlewares/Third_Party/FreeRTOS/Source/portable/MemMang/heap_4.o
 .bss.xStart    0x20000f54        0x8 ./Middlewares/Third_Party/FreeRTOS/Source/portable/MemMang/heap_4.o
 .bss.ucHeap    0x20000f5c      0xbb8 ./Middlewares/Third_Party/FreeRTOS/Source/portable/MemMang/heap_4.o
 .bss.usbTxTaskControlBlock
                0x20001b14       0xa8 ./Src/main.o
                0x20001b14                usbTxTaskControlBlock
 .bss.usbTxTaskBuffer
                0x20001bbc     0x1000 ./Src/main.o
                0x20001bbc                usbTxTaskBuffer
 .bss.usbTxTaskHandle
                0x20002bbc        0x4 ./Src/main.o
                0x20002bbc                usbTxTaskHandle
 .bss.defaultTaskControlBlock
                0x20002bc0       0xa8 ./Src/main.o
                0x20002bc0                defaultTaskControlBlock
 .bss.defaultTaskBuffer
                0x20002c68     0x1000 ./Src/main.o
                0x20002c68                defaultTaskBuffer
 .bss.defaultTaskHandle
                0x20003c68        0x4 ./Src/main.o
                0x20003c68                defaultTaskHandle
 .bss.hsram1    0x20003c6c       0x50 ./Src/main.o
                0x20003c6c                hsram1
 .bss.hopamp2   0x20003cbc       0x34 ./Src/main.o