Archive member included to satisfy reference by file (symbol)

/opt/st/stm32cubeide_1.16.1/plugins/com.st.stm32cube.ide.mcu.externaltools.gnu-tools-for-stm32.12.3.rel1.linux64_1.0.200.202406132123/tools/bin/../lib/gcc/arm-none-eabi/12.3.1/../../../../arm-none-eabi/lib/thumb/v7e-m+fp/hard/libc_nano.a(libc_a-exit.o)
                              /opt/st/stm32cubeide_1.16.1/plugins/com.st.stm32cube.ide.mcu.externaltools.gnu-tools-for-stm32.12.3.rel1.linux64_1.0.200.202406132123/tools/bin/../lib/gcc/arm-none-eabi/12.3.1/../../../../arm-none-eabi/lib/thumb/v7e-m+fp/hard/crt0.o (exit)
/opt/st/stm32cubeide_1.16.1/plugins/com.st.stm32cube.ide.mcu.externaltools.gnu-tools-for-stm32.12.3.rel1.linux64_1.0.200.202406132123/tools/bin/../lib/gcc/arm-none-eabi/12.3.1/../../../../arm-none-eabi/lib/thumb/v7e-m+fp/hard/libc_nano.a(libc_a-malloc.o)
                              ./ThreadSafe/newlib_lock_glue.o (malloc)
/opt/st/stm32cubeide_1.16.1/plugins/com.st.stm32cube.ide.mcu.externaltools.gnu-tools-for-stm32.12.3.rel1.linux64_1.0.200.202406132123/tools/bin/../lib/gcc/arm-none-eabi/12.3.1/../../../../arm-none-eabi/lib/thumb/v7e-m+fp/hard/libc_nano.a(libc_a-mallocr.o)
                              /opt/st/stm32cubeide_1.16.1/plugins/com.st.stm32cube.ide.mcu.externaltools.gnu-tools-for-stm32.12.3.rel1.linux64_1.0.200.202406132123/tools/bin/../lib/gcc/arm-none-eabi/12.3.1/../../../../arm-none-eabi/lib/thumb/v7e-m+fp/hard/libc_nano.a(libc_a-malloc.o) (_malloc_r)
/opt/st/stm32cubeide_1.16.1/plugins/com.st.stm32cube.ide.mcu.externaltools.gnu-tools-for-stm32.12.3.rel1.linux64_1.0.200.202406132123/tools/bin/../lib/gcc/arm-none-eabi/12.3.1/../../../../arm-none-eabi/lib/thumb/v7e-m+fp/hard/libc_nano.a(libc_a-mlock.o)
                              /opt/st/stm32cubeide_1.16.1/plugins/com.st.stm32cube.ide.mcu.externaltools.gnu-tools-for-stm32.12.3.rel1.linux64_1.0.200.202406132123/tools/bin/../lib/gcc/arm-none-eabi/12.3.1/../../../../arm-none-eabi/lib/thumb/v7e-m+fp/hard/libc_nano.a(libc_a-mallocr.o) (__malloc_lock)
/opt/st/stm32cubeide_1.16.1/plugins/com.st.stm32cube.ide.mcu.externaltools.gnu-tools-for-stm32.12.3.rel1.linux64_1.0.200.202406132123/tools/bin/../lib/gcc/arm-none-eabi/12.3.1/../../../../arm-none-eabi/lib/thumb/v7e-m+fp/hard/libc_nano.a(libc_a-ctype_.o)
                              ./Src/usbserial.o (_ctype_)
/opt/st/stm32cubeide_1.16.1/plugins/com.st.stm32cube.ide.mcu.externaltools.gnu-tools-for-stm32.12.3.rel1.linux64_1.0.200.202406132123/tools/bin/../lib/gcc/arm-none-eabi/12.3.1/../../../../arm-none-eabi/lib/thumb/v7e-m+fp/hard/libc_nano.a(libc_a-findfp.o)
                              ./Middlewares/Third_Party/FreeRTOS/Source/tasks.o (__sf)
/opt/st/stm32cubeide_1.16.1/plugins/com.st.stm32cube.ide.mcu.externaltools.gnu-tools-for-stm32.12.3.rel1.linux64_1.0.200.202406132123/tools/bin/../lib/gcc/arm-none-eabi/12.3.1/../../../../arm-none-eabi/lib/thumb/v7e-m+fp/hard/libc_nano.a(libc_a-fwalk.o)
                              /opt/st/stm32cubeide_1.16.1/plugins/com.st.stm32cube.ide.mcu.externaltools.gnu-tools-for-stm32.12.3.rel1.linux64_1.0.200.202406132123/tools/bin/../lib/gcc/arm-none-eabi/12.3.1/../../../../arm-none-eabi/lib/thumb/v7e-m+fp/hard/libc_nano.a(libc_a-findfp.o) (_fwalk_sglue)
/opt/st/stm32cubeide_1.16.1/plugins/com.st.stm32cube.ide.mcu.externaltools.gnu-tools-for-stm32.12.3.rel1.linux64_1.0.200.202406132123/tools/bin/../lib/gcc/arm-none-eabi/12.3.1/../../../../arm-none-eabi/lib/thumb/v7e-m+fp/hard/libc_nano.a(libc_a-stdio.o)
                              /opt/st/stm32cubeide_1.16.1/plugins/com.st.stm32cube.ide.mcu.externaltools.gnu-tools-for-stm32.12.3.rel1.linux64_1.0.200.202406132123/tools/bin/../lib/gcc/arm-none-eabi/12.3.1/../../../../arm-none-eabi/lib/thumb/v7e-m+fp/hard/libc_nano.a(libc_a-findfp.o) (__sread)
/opt/st/stm32cubeide_1.16.1/plugins/com.st.stm32cube.ide.mcu.externaltools.gnu-tools-for-stm32.12.3.rel1.linux64_1.0.200.202406132123/tools/bin/../lib/gcc/arm-none-eabi/12.3.1/../../../../arm-none-eabi/lib/thumb/v7e-m+fp/hard/libc_nano.a(libc_a-vsnprintf.o)
                              ./Src/usbserial.o (vsnprintf)
/opt/st/stm32cubeide_1.16.1/plugins/com.st.stm32cube.ide.mcu.externaltools.gnu-tools-for-stm32.12.3.rel1.linux64_1.0.200.202406132123/tools/bin/../lib/gcc/arm-none-eabi/12.3.1/../../../../arm-none-eabi/lib/thumb/v7e-m+fp/hard/libc_nano.a(libc_a-memset.o)
                              /opt/st/stm32cubeide_1.16.1/plugins/com.st.stm32cube.ide.mcu.externaltools.gnu-tools-for-stm32.12.3.rel1.linux64_1.0.200.202406132123/tools/bin/../lib/gcc/arm-none-eabi/12.3.1/../../../../arm-none-eabi/lib/thumb/v7e-m+fp/hard/crt0.o (memset)
/opt/st/stm32cubeide_1.16.1/plugins/com.st.stm32cube.ide.mcu.externaltools.gnu-tools-for-stm32.12.3.rel1.linux64_1.0.200.202406132123/tools/bin/../lib/gcc/arm-none-eabi/12.3.1/../../../../arm-none-eabi/lib/thumb/v7e-m+fp/hard/libc_nano.a(libc_a-closer.o)
[...]
Memory Configuration

Name             Origin             Length             Attributes
RAM              0x20000000         0x00050000         xrw
RAM2             0x10000000         0x00010000         xrw
FLASH            0x08000000         0x00080000         xr
*default*        0x00000000         0xffffffff

Linker script and memory map

LOAD /opt/st/stm32cubeide_1.16.1/plugins/com.st.stm32cube.ide.mcu.externaltools.gnu-tools-for-stm32.12.3.rel1.linux64_1.0.200.202406132123/tools/bin/../lib/gcc/arm-none-eabi/12.3.1/thumb/v7e-m+fp/hard/crti.o
LOAD /opt/st/stm32cubeide_1.16.1/plugins/com.st.stm32cube.ide.mcu.externaltools.gnu-tools-for-stm32.12.3.rel1.linux64_1.0.200.202406132123/tools/bin/../lib/gcc/arm-none-eabi/12.3.1/thumb/v7e-m+fp/hard/crtbegin.o
LOAD /opt/st/stm32cubeide_1.16.1/plugins/com.st.stm32cube.ide.mcu.externaltools.gnu-tools-for-stm32.12.3.rel1.linux64_1.0.200.202406132123/tools/bin/../lib/gcc/arm-none-eabi/12.3.1/../../../../arm-none-eabi/lib/thumb/v7e-m+fp/hard/crt0.o
LOAD ./Drivers/STM32L4xx_HAL_Driver/Src/stm32l4xx_hal.o
LOAD ./Drivers/STM32L4xx_HAL_Driver/Src/stm32l4xx_hal_adc.o
LOAD ./Drivers/STM32L4xx_HAL_Driver/Src/stm32l4xx_hal_adc_ex.o
LOAD ./Drivers/STM32L4xx_HAL_Driver/Src/stm32l4xx_hal_comp.o
LOAD ./Drivers/STM32L4xx_HAL_Driver/Src/stm32l4xx_hal_cortex.o
LOAD ./Drivers/STM32L4xx_HAL_Driver/Src/stm32l4xx_hal_dac.o
LOAD ./Drivers/STM32L4xx_HAL_Driver/Src/stm32l4xx_hal_dac_ex.o
LOAD ./Drivers/STM32L4xx_HAL_Driver/Src/stm32l4xx_hal_dma.o
LOAD ./Drivers/STM32L4xx_HAL_Driver/Src/stm32l4xx_hal_dma_ex.o
LOAD ./Drivers/STM32L4xx_HAL_Driver/Src/stm32l4xx_hal_exti.o
LOAD ./Drivers/STM32L4xx_HAL_Driver/Src/stm32l4xx_hal_flash.o
LOAD ./Drivers/STM32L4xx_HAL_Driver/Src/stm32l4xx_hal_flash_ex.o
LOAD ./Drivers/STM32L4xx_HAL_Driver/Src/stm32l4xx_hal_flash_ramfunc.o
LOAD ./Drivers/STM32L4xx_HAL_Driver/Src/stm32l4xx_hal_gpio.o
LOAD ./Drivers/STM32L4xx_HAL_Driver/Src/stm32l4xx_hal_i2c.o
LOAD ./Drivers/STM32L4xx_HAL_Driver/Src/stm32l4xx_hal_i2c_ex.o
LOAD ./Drivers/STM32L4xx_HAL_Driver/Src/stm32l4xx_hal_lcd.o
LOAD ./Drivers/STM32L4xx_HAL_Driver/Src/stm32l4xx_hal_opamp.o
LOAD ./Drivers/STM32L4xx_HAL_Driver/Src/stm32l4xx_hal_opamp_ex.o
LOAD ./Drivers/STM32L4xx_HAL_Driver/Src/stm32l4xx_hal_pcd.o
LOAD ./Drivers/STM32L4xx_HAL_Driver/Src/stm32l4xx_hal_pcd_ex.o
LOAD ./Drivers/STM32L4xx_HAL_Driver/Src/stm32l4xx_hal_pwr.o
LOAD ./Drivers/STM32L4xx_HAL_Driver/Src/stm32l4xx_hal_pwr_ex.o
LOAD ./Drivers/STM32L4xx_HAL_Driver/Src/stm32l4xx_hal_rcc.o
LOAD ./Drivers/STM32L4xx_HAL_Driver/Src/stm32l4xx_hal_rcc_ex.o
LOAD ./Drivers/STM32L4xx_HAL_Driver/Src/stm32l4xx_hal_sram.o
LOAD ./Drivers/STM32L4xx_HAL_Driver/Src/stm32l4xx_hal_tim.o
LOAD ./Drivers/STM32L4xx_HAL_Driver/Src/stm32l4xx_hal_tim_ex.o
LOAD ./Drivers/STM32L4xx_HAL_Driver/Src/stm32l4xx_ll_exti.o
LOAD ./Drivers/STM32L4xx_HAL_Driver/Src/stm32l4xx_ll_fmc.o
LOAD ./Drivers/STM32L4xx_HAL_Driver/Src/stm32l4xx_ll_gpio.o
LOAD ./Drivers/STM32L4xx_HAL_Driver/Src/stm32l4xx_ll_usb.o
LOAD ./Drivers/STM32L4xx_HAL_Driver/Src/stm32l4xx_ll_utils.o
LOAD ./Middlewares/ST/STM32_USB_Device_Library/Class/CDC/Src/usbd_cdc.o
LOAD ./Middlewares/ST/STM32_USB_Device_Library/Core/Src/usbd_core.o
LOAD ./Middlewares/ST/STM32_USB_Device_Library/Core/Src/usbd_ctlreq.o
LOAD ./Middlewares/ST/STM32_USB_Device_Library/Core/Src/usbd_ioreq.o
LOAD ./Middlewares/Third_Party/FreeRTOS/Source/CMSIS_RTOS_V2/cmsis_os2.o
LOAD ./Middlewares/Third_Party/FreeRTOS/Source/croutine.o
LOAD ./Middlewares/Third_Party/FreeRTOS/Source/event_groups.o
LOAD ./Middlewares/Third_Party/FreeRTOS/Source/list.o
LOAD ./Middlewares/Third_Party/FreeRTOS/Source/queue.o
LOAD ./Middlewares/Third_Party/FreeRTOS/Source/stream_buffer.o
LOAD ./Middlewares/Third_Party/FreeRTOS/Source/tasks.o
LOAD ./Middlewares/Third_Party/FreeRTOS/Source/timers.o
LOAD ./Middlewares/Third_Party/FreeRTOS/Source/portable/GCC/ARM_CM4F/port.o
LOAD ./Middlewares/Third_Party/FreeRTOS/Source/portable/MemMang/heap_4.o
LOAD ./Src/application.o
LOAD ./Src/freertos.o
LOAD ./Src/io.o
LOAD ./Src/main.o
LOAD ./Src/stm32l4xx_hal_msp.o
LOAD ./Src/stm32l4xx_hal_timebase_tim.o
LOAD ./Src/stm32l4xx_it.o
LOAD ./Src/syscalls.o
LOAD ./Src/sysmem.o
LOAD ./Src/system_stm32l4xx.o
LOAD ./Src/usb_device.o
LOAD ./Src/usbd_cdc_if.o
LOAD ./Src/usbd_conf.o
LOAD ./Src/usbd_desc.o
LOAD ./Src/usbserial.o
LOAD ./Startup/startup_stm32l496vetx.o
LOAD ./ThreadSafe/newlib_lock_glue.o
START GROUP
LOAD /opt/st/stm32cubeide_1.16.1/plugins/com.st.stm32cube.ide.mcu.externaltools.gnu-tools-for-stm32.12.3.rel1.linux64_1.0.200.202406132123/tools/bin/../lib/gcc/arm-none-eabi/12.3.1/../../../../arm-none-eabi/lib/thumb/v7e-m+fp/hard/libc_nano.a
LOAD /opt/st/stm32cubeide_1.16.1/plugins/com.st.stm32cube.ide.mcu.externaltools.gnu-tools-for-stm32.12.3.rel1.linux64_1.0.200.202406132123/tools/bin/../lib/gcc/arm-none-eabi/12.3.1/../../../../arm-none-eabi/lib/thumb/v7e-m+fp/hard/libm.a
END GROUP
START GROUP
LOAD /opt/st/stm32cubeide_1.16.1/plugins/com.st.stm32cube.ide.mcu.externaltools.gnu-tools-for-stm32.12.3.rel1.linux64_1.0.200.202406132123/tools/bin/../lib/gcc/arm-none-eabi/12.3.1/thumb/v7e-m+fp/hard/libgcc.a
LOAD /opt/st/stm32cubeide_1.16.1/plugins/com.st.stm32cube.ide.mcu.externaltools.gnu-tools-for-stm32.12.3.rel1.linux64_1.0.200.202406132123/tools/bin/../lib/gcc/arm-none-eabi/12.3.1/../../../../arm-none-eabi/lib/thumb/v7e-m+fp/hard/libc_nano.a
END GROUP
START GROUP
LOAD /opt/st/stm32cubeide_1.16.1/plugins/com.st.stm32cube.ide.mcu.externaltools.gnu-tools-for-stm32.12.3.rel1.linux64_1.0.200.202406132123/tools/bin/../lib/gcc/arm-none-eabi/12.3.1/thumb/v7e-m+fp/hard/libgcc.a
LOAD /opt/st/stm32cubeide_1.16.1/plugins/com.st.stm32cube.ide.mcu.externaltools.gnu-tools-for-stm32.12.3.rel1.linux64_1.0.200.202406132123/tools/bin/../lib/gcc/arm-none-eabi/12.3.1/../../../../arm-none-eabi/lib/thumb/v7e-m+fp/hard/libc_nano.a
LOAD /opt/st/stm32cubeide_1.16.1/plugins/com.st.stm32cube.ide.mcu.externaltools.gnu-tools-for-stm32.12.3.rel1.linux64_1.0.200.202406132123/tools/bin/../lib/gcc/arm-none-eabi/12.3.1/../../../../arm-none-eabi/lib/thumb/v7e-m+fp/hard/libnosys.a
END GROUP
START GROUP
LOAD /opt/st/stm32cubeide_1.16.1/plugins/com.st.stm32cube.ide.mcu.externaltools.gnu-tools-for-stm32.12.3.rel1.linux64_1.0.200.202406132123/tools/bin/../lib/gcc/arm-none-eabi/12.3.1/thumb/v7e-m+fp/hard/libgcc.a
LOAD /opt/st/stm32cubeide_1.16.1/plugins/com.st.stm32cube.ide.mcu.externaltools.gnu-tools-for-stm32.12.3.rel1.linux64_1.0.200.202406132123/tools/bin/../lib/gcc/arm-none-eabi/12.3.1/../../../../arm-none-eabi/lib/thumb/v7e-m+fp/hard/libc_nano.a
LOAD /opt/st/stm32cubeide_1.16.1/plugins/com.st.stm32cube.ide.mcu.externaltools.gnu-tools-for-stm32.12.3.rel1.linux64_1.0.200.202406132123/tools/bin/../lib/gcc/arm-none-eabi/12.3.1/../../../../arm-none-eabi/lib/thumb/v7e-m+fp/hard/libnosys.a
END GROUP
LOAD /opt/st/stm32cubeide_1.16.1/plugins/com.st.stm32cube.ide.mcu.externaltools.gnu-tools-for-stm32.12.3.rel1.linux64_1.0.200.202406132123/tools/bin/../lib/gcc/arm-none-eabi/12.3.1/thumb/v7e-m+fp/hard/crtend.o
LOAD /opt/st/stm32cubeide_1.16.1/plugins/com.st.stm32cube.ide.mcu.externaltools.gnu-tools-for-stm32.12.3.rel1.linux64_1.0.200.202406132123/tools/bin/../lib/gcc/arm-none-eabi/12.3.1/thumb/v7e-m+fp/hard/crtn.o
                0x20050000                        _estack = (ORIGIN (RAM) + LENGTH (RAM))
                0x00000200                        _Min_Heap_Size = 0x200
                0x00000400                        _Min_Stack_Size = 0x400

.isr_vector     0x08000000      0x1ac
                0x08000000                        . = ALIGN (0x4)
 *(.isr_vector)
 .isr_vector    0x08000000      0x1ac ./Startup/startup_stm32l496vetx.o
                0x08000000                g_pfnVectors
                0x080001ac                        . = ALIGN (0x4)

.text           0x080001b0     0xf264
                0x080001b0                        . = ALIGN (0x4)
 *(.text)
 .text          0x080001b0       0x40 /opt/st/stm32cubeide_1.16.1/plugins/com.st.stm32cube.ide.mcu.externaltools.gnu-tools-for-stm32.12.3.rel1.linux64_1.0.200.202406132123/tools/bin/../lib/gcc/arm-none-eabi/12.3.1/thumb/v7e-m+fp/hard/crtbegin.o
 .text          0x080001f0       0x10 /opt/st/stm32cubeide_1.16.1/plugins/com.st.stm32cube.ide.mcu.externaltools.gnu-tools-for-stm32.12.3.rel1.linux64_1.0.200.202406132123/tools/bin/../lib/gcc/arm-none-eabi/12.3.1/../../../../arm-none-eabi/lib/thumb/v7e-m+fp/hard/libc_nano.a(libc_a-strlen.o)
                0x080001f0                strlen
 .text          0x08000200       0xa0 /opt/st/stm32cubeide_1.16.1/plugins/com.st.stm32cube.ide.mcu.externaltools.gnu-tools-for-stm32.12.3.rel1.linux64_1.0.200.202406132123/tools/bin/../lib/gcc/arm-none-eabi/12.3.1/../../../../arm-none-eabi/lib/thumb/v7e-m+fp/hard/libc_nano.a(libc_a-memchr.o)
                0x08000200                memchr
 *(.text*)
 .text.HAL_Init
                0x080002a0       0x30 ./Drivers/STM32L4xx_HAL_Driver/Src/stm32l4xx_hal.o
                0x080002a0                HAL_Init
 .text.HAL_IncTick
                0x080002d0       0x28 ./Drivers/STM32L4xx_HAL_Driver/Src/stm32l4xx_hal.o
                0x080002d0                HAL_IncTick
 .text.HAL_GetTick
                0x080002f8       0x18 ./Drivers/STM32L4xx_HAL_Driver/Src/stm32l4xx_hal.o
                0x080002f8                HAL_GetTick
 .text.HAL_Delay
                0x08000310       0x48 ./Drivers/STM32L4xx_HAL_Driver/Src/stm32l4xx_hal.o
                0x08000310                HAL_Delay
 .text.HAL_SYSCFG_VREFBUF_VoltageScalingConfig
                0x08000358       0x28 ./Drivers/STM32L4xx_HAL_Driver/Src/stm32l4xx_hal.o
                0x08000358                HAL_SYSCFG_VREFBUF_VoltageScalingConfig
 .text.HAL_SYSCFG_VREFBUF_HighImpedanceConfig
                0x08000380       0x28 ./Drivers/STM32L4xx_HAL_Driver/Src/stm32l4xx_hal.o
                0x08000380                HAL_SYSCFG_VREFBUF_HighImpedanceConfig
 .text.HAL_SYSCFG_EnableVREFBUF
                0x080003a8       0x48 ./Drivers/STM32L4xx_HAL_Driver/Src/stm32l4xx_hal.o
                0x080003a8                HAL_SYSCFG_EnableVREFBUF
 .text.LL_ADC_SetCommonClock
                0x080003f0       0x26 ./Drivers/STM32L4xx_HAL_Driver/Src/stm32l4xx_hal_adc.o
 .text.LL_ADC_SetCommonPathInternalCh
                0x08000416       0x26 ./Drivers/STM32L4xx_HAL_Driver/Src/stm32l4xx_hal_adc.o
 .text.LL_ADC_GetCommonPathInternalCh
                0x0800043c       0x1c ./Drivers/STM32L4xx_HAL_Driver/Src/stm32l4xx_hal_adc.o
 .text.LL_ADC_SetOffset
                0x08000458       0x48 ./Drivers/STM32L4xx_HAL_Driver/Src/stm32l4xx_hal_adc.o
 .text.LL_ADC_GetOffsetChannel
                0x080004a0       0x2c ./Drivers/STM32L4xx_HAL_Driver/Src/stm32l4xx_hal_adc.o
 .text.LL_ADC_SetOffsetState
                0x080004cc       0x36 ./Drivers/STM32L4xx_HAL_Driver/Src/stm32l4xx_hal_adc.o
 .text.LL_ADC_SetSamplingTimeCommonConfig
                0x08000502       0x26 ./Drivers/STM32L4xx_HAL_Driver/Src/stm32l4xx_hal_adc.o
 .text.LL_ADC_REG_SetSequencerRanks
                0x08000528       0x58 ./Drivers/STM32L4xx_HAL_Driver/Src/stm32l4xx_hal_adc.o
 .text.LL_ADC_SetChannelSamplingTime
                0x08000580       0x56 ./Drivers/STM32L4xx_HAL_Driver/Src/stm32l4xx_hal_adc.o
 *fill*         0x080005d6        0x2 
 .text.LL_ADC_SetChannelSingleDiff
                0x080005d8       0x48 ./Drivers/STM32L4xx_HAL_Driver/Src/stm32l4xx_hal_adc.o
 .text.LL_ADC_DisableDeepPowerDown
                0x08000620       0x24 ./Drivers/STM32L4xx_HAL_Driver/Src/stm32l4xx_hal_adc.o
 .text.LL_ADC_IsDeepPowerDownEnabled
                0x08000644       0x28 ./Drivers/STM32L4xx_HAL_Driver/Src/stm32l4xx_hal_adc.o
 .text.LL_ADC_EnableInternalRegulator
                0x0800066c       0x28 ./Drivers/STM32L4xx_HAL_Driver/Src/stm32l4xx_hal_adc.o
 .text.LL_ADC_IsInternalRegulatorEnabled
                0x08000694       0x28 ./Drivers/STM32L4xx_HAL_Driver/Src/stm32l4xx_hal_adc.o
 .text.LL_ADC_IsEnabled
                0x080006bc       0x26 ./Drivers/STM32L4xx_HAL_Driver/Src/stm32l4xx_hal_adc.o
 .text.LL_ADC_REG_IsConversionOngoing
                0x080006e2       0x26 ./Drivers/STM32L4xx_HAL_Driver/Src/stm32l4xx_hal_adc.o
 .text.LL_ADC_INJ_IsConversionOngoing
                0x08000708       0x26 ./Drivers/STM32L4xx_HAL_Driver/Src/stm32l4xx_hal_adc.o
 *fill*         0x0800072e        0x2 
 .text.HAL_ADC_Init
                0x08000730      0x2a8 ./Drivers/STM32L4xx_HAL_Driver/Src/stm32l4xx_hal_adc.o
                0x08000730                HAL_ADC_Init
 .text.HAL_ADC_ConfigChannel
                0x080009d8      0x818 ./Drivers/STM32L4xx_HAL_Driver/Src/stm32l4xx_hal_adc.o
                0x080009d8                HAL_ADC_ConfigChannel
 .text.LL_ADC_IsEnabled
                0x080011f0       0x26 ./Drivers/STM32L4xx_HAL_Driver/Src/stm32l4xx_hal_adc_ex.o
 .text.LL_ADC_REG_IsConversionOngoing
                0x08001216       0x26 ./Drivers/STM32L4xx_HAL_Driver/Src/stm32l4xx_hal_adc_ex.o
 .text.HAL_ADCEx_MultiModeConfigChannel
                0x0800123c      0x160 ./Drivers/STM32L4xx_HAL_Driver/Src/stm32l4xx_hal_adc_ex.o
                0x0800123c                HAL_ADCEx_MultiModeConfigChannel
 .text.LL_EXTI_EnableIT_0_31
                0x0800139c       0x24 ./Drivers/STM32L4xx_HAL_Driver/Src/stm32l4xx_hal_comp.o
 .text.LL_EXTI_DisableIT_0_31
                0x080013c0       0x28 ./Drivers/STM32L4xx_HAL_Driver/Src/stm32l4xx_hal_comp.o
 .text.LL_EXTI_EnableEvent_0_31
                0x080013e8       0x24 ./Drivers/STM32L4xx_HAL_Driver/Src/stm32l4xx_hal_comp.o
 .text.LL_EXTI_DisableEvent_0_31
                0x0800140c       0x28 ./Drivers/STM32L4xx_HAL_Driver/Src/stm32l4xx_hal_comp.o
 .text.LL_EXTI_EnableRisingTrig_0_31
                0x08001434       0x24 ./Drivers/STM32L4xx_HAL_Driver/Src/stm32l4xx_hal_comp.o
 .text.LL_EXTI_DisableRisingTrig_0_31
                0x08001458       0x28 ./Drivers/STM32L4xx_HAL_Driver/Src/stm32l4xx_hal_comp.o
 .text.LL_EXTI_EnableFallingTrig_0_31
                0x08001480       0x24 ./Drivers/STM32L4xx_HAL_Driver/Src/stm32l4xx_hal_comp.o
 .text.LL_EXTI_DisableFallingTrig_0_31
                0x080014a4       0x28 ./Drivers/STM32L4xx_HAL_Driver/Src/stm32l4xx_hal_comp.o
 .text.LL_EXTI_ClearFlag_0_31
                0x080014cc       0x20 ./Drivers/STM32L4xx_HAL_Driver/Src/stm32l4xx_hal_comp.o
 .text.HAL_COMP_Init
                0x080014ec      0x1e4 ./Drivers/STM32L4xx_HAL_Driver/Src/stm32l4xx_hal_comp.o
                0x080014ec                HAL_COMP_Init
 .text.__NVIC_SetPriorityGrouping
                0x080016d0       0x48 ./Drivers/STM32L4xx_HAL_Driver/Src/stm32l4xx_hal_cortex.o
 .text.__NVIC_GetPriorityGrouping
                0x08001718       0x1c ./Drivers/STM32L4xx_HAL_Driver/Src/stm32l4xx_hal_cortex.o
 .text.__NVIC_EnableIRQ
                0x08001734       0x3c ./Drivers/STM32L4xx_HAL_Driver/Src/stm32l4xx_hal_cortex.o
 .text.__NVIC_SetPriority
                0x08001770       0x54 ./Drivers/STM32L4xx_HAL_Driver/Src/stm32l4xx_hal_cortex.o
 .text.NVIC_EncodePriority
                0x080017c4       0x66 ./Drivers/STM32L4xx_HAL_Driver/Src/stm32l4xx_hal_cortex.o
 .text.HAL_NVIC_SetPriorityGrouping
                0x0800182a       0x16 ./Drivers/STM32L4xx_HAL_Driver/Src/stm32l4xx_hal_cortex.o
                0x0800182a                HAL_NVIC_SetPriorityGrouping
 .text.HAL_NVIC_SetPriority
                0x08001840       0x38 ./Drivers/STM32L4xx_HAL_Driver/Src/stm32l4xx_hal_cortex.o
                0x08001840                HAL_NVIC_SetPriority
 .text.HAL_NVIC_EnableIRQ
                0x08001878       0x1c ./Drivers/STM32L4xx_HAL_Driver/Src/stm32l4xx_hal_cortex.o
                0x08001878                HAL_NVIC_EnableIRQ
 .text.HAL_DAC_Init
                0x08001894       0x44 ./Drivers/STM32L4xx_HAL_Driver/Src/stm32l4xx_hal_dac.o
                0x08001894                HAL_DAC_Init
 .text.HAL_DAC_ConfigChannel
                0x080018d8      0x24e ./Drivers/STM32L4xx_HAL_Driver/Src/stm32l4xx_hal_dac.o
                0x080018d8                HAL_DAC_ConfigChannel
 *fill*         0x08001b26        0x2 
 .text.HAL_GPIO_Init
                0x08001b28      0x324 ./Drivers/STM32L4xx_HAL_Driver/Src/stm32l4xx_hal_gpio.o
                0x08001b28                HAL_GPIO_Init
 .text.HAL_GPIO_WritePin
                0x08001e4c       0x30 ./Drivers/STM32L4xx_HAL_Driver/Src/stm32l4xx_hal_gpio.o
                0x08001e4c                HAL_GPIO_WritePin
 .text.HAL_LCD_Init
                0x08001e7c      0x180 ./Drivers/STM32L4xx_HAL_Driver/Src/stm32l4xx_hal_lcd.o
                0x08001e7c                HAL_LCD_Init
 .text.LCD_WaitForSynchro
                0x08001ffc       0x42 ./Drivers/STM32L4xx_HAL_Driver/Src/stm32l4xx_hal_lcd.o
                0x08001ffc                LCD_WaitForSynchro
 *fill*         0x0800203e        0x2 
 .text.HAL_OPAMP_Init
                0x08002040      0x1ac ./Drivers/STM32L4xx_HAL_Driver/Src/stm32l4xx_hal_opamp.o
                0x08002040                HAL_OPAMP_Init
 .text.HAL_PCD_Init
                0x080021ec      0x21e ./Drivers/STM32L4xx_HAL_Driver/Src/stm32l4xx_hal_pcd.o
                0x080021ec                HAL_PCD_Init
 .text.HAL_PCD_Start
                0x0800240a       0x5e ./Drivers/STM32L4xx_HAL_Driver/Src/stm32l4xx_hal_pcd.o
                0x0800240a                HAL_PCD_Start
 .text.HAL_PCD_IRQHandler
                0x08002468      0x92c ./Drivers/STM32L4xx_HAL_Driver/Src/stm32l4xx_hal_pcd.o
                0x08002468                HAL_PCD_IRQHandler
 .text.HAL_PCD_SetAddress
                0x08002d94       0x48 ./Drivers/STM32L4xx_HAL_Driver/Src/stm32l4xx_hal_pcd.o
                0x08002d94                HAL_PCD_SetAddress
 .text.HAL_PCD_EP_Open
                0x08002ddc       0xd4 ./Drivers/STM32L4xx_HAL_Driver/Src/stm32l4xx_hal_pcd.o
                0x08002ddc                HAL_PCD_EP_Open
 .text.HAL_PCD_EP_Close
                0x08002eb0       0x94 ./Drivers/STM32L4xx_HAL_Driver/Src/stm32l4xx_hal_pcd.o
                0x08002eb0                HAL_PCD_EP_Close
 .text.HAL_PCD_EP_Receive
                0x08002f44       0x64 ./Drivers/STM32L4xx_HAL_Driver/Src/stm32l4xx_hal_pcd.o
                0x08002f44                HAL_PCD_EP_Receive
 .text.HAL_PCD_EP_GetRxCount
                0x08002fa8       0x30 ./Drivers/STM32L4xx_HAL_Driver/Src/stm32l4xx_hal_pcd.o
                0x08002fa8                HAL_PCD_EP_GetRxCount
 .text.HAL_PCD_EP_Transmit
                0x08002fd8       0x62 ./Drivers/STM32L4xx_HAL_Driver/Src/stm32l4xx_hal_pcd.o
                0x08002fd8                HAL_PCD_EP_Transmit
 .text.HAL_PCD_EP_SetStall
                0x0800303a       0xc4 ./Drivers/STM32L4xx_HAL_Driver/Src/stm32l4xx_hal_pcd.o
                0x0800303a                HAL_PCD_EP_SetStall
 .text.HAL_PCD_EP_ClrStall
                0x080030fe       0xac ./Drivers/STM32L4xx_HAL_Driver/Src/stm32l4xx_hal_pcd.o
                0x080030fe                HAL_PCD_EP_ClrStall
 .text.HAL_PCD_EP_Abort
                0x080031aa       0x62 ./Drivers/STM32L4xx_HAL_Driver/Src/stm32l4xx_hal_pcd.o
                0x080031aa                HAL_PCD_EP_Abort
 .text.PCD_WriteEmptyTxFifo
                0x0800320c      0x110 ./Drivers/STM32L4xx_HAL_Driver/Src/stm32l4xx_hal_pcd.o
 .text.PCD_EP_OutXfrComplete_int
                0x0800331c       0x9c ./Drivers/STM32L4xx_HAL_Driver/Src/stm32l4xx_hal_pcd.o
 .text.PCD_EP_OutSetupPacket_int
                0x080033b8       0x68 ./Drivers/STM32L4xx_HAL_Driver/Src/stm32l4xx_hal_pcd.o
 .text.HAL_PCDEx_SetTxFiFo
                0x08003420       0x8e ./Drivers/STM32L4xx_HAL_Driver/Src/stm32l4xx_hal_pcd_ex.o
                0x08003420                HAL_PCDEx_SetTxFiFo
 .text.HAL_PCDEx_SetRxFiFo
                0x080034ae       0x22 ./Drivers/STM32L4xx_HAL_Driver/Src/stm32l4xx_hal_pcd_ex.o
                0x080034ae                HAL_PCDEx_SetRxFiFo
 .text.HAL_PCDEx_ActivateLPM
                0x080034d0       0x48 ./Drivers/STM32L4xx_HAL_Driver/Src/stm32l4xx_hal_pcd_ex.o
                0x080034d0                HAL_PCDEx_ActivateLPM
 .text.HAL_PCDEx_LPM_Callback
                0x08003518       0x18 ./Drivers/STM32L4xx_HAL_Driver/Src/stm32l4xx_hal_pcd_ex.o
                0x08003518                HAL_PCDEx_LPM_Callback
 .text.HAL_PWREx_GetVoltageRange
                0x08003530       0x1c ./Drivers/STM32L4xx_HAL_Driver/Src/stm32l4xx_hal_pwr_ex.o
                0x08003530                HAL_PWREx_GetVoltageRange
 .text.HAL_PWREx_ControlVoltageScaling
                0x0800354c       0xac ./Drivers/STM32L4xx_HAL_Driver/Src/stm32l4xx_hal_pwr_ex.o
                0x0800354c                HAL_PWREx_ControlVoltageScaling
 .text.HAL_PWREx_EnableVddUSB
                0x080035f8       0x20 ./Drivers/STM32L4xx_HAL_Driver/Src/stm32l4xx_hal_pwr_ex.o
                0x080035f8                HAL_PWREx_EnableVddUSB
 .text.HAL_RCC_OscConfig
                0x08003618      0x834 ./Drivers/STM32L4xx_HAL_Driver/Src/stm32l4xx_hal_rcc.o
                0x08003618                HAL_RCC_OscConfig
 .text.HAL_RCC_ClockConfig
                0x08003e4c      0x200 ./Drivers/STM32L4xx_HAL_Driver/Src/stm32l4xx_hal_rcc.o
                0x08003e4c                HAL_RCC_ClockConfig
 .text.HAL_RCC_GetSysClockFreq
                0x0800404c      0x118 ./Drivers/STM32L4xx_HAL_Driver/Src/stm32l4xx_hal_rcc.o
                0x0800404c                HAL_RCC_GetSysClockFreq
 .text.HAL_RCC_GetHCLKFreq
                0x08004164       0x18 ./Drivers/STM32L4xx_HAL_Driver/Src/stm32l4xx_hal_rcc.o
                0x08004164                HAL_RCC_GetHCLKFreq
 .text.HAL_RCC_GetPCLK2Freq
                0x0800417c       0x2c ./Drivers/STM32L4xx_HAL_Driver/Src/stm32l4xx_hal_rcc.o
                0x0800417c                HAL_RCC_GetPCLK2Freq
 .text.HAL_RCC_GetClockConfig
                0x080041a8       0x64 ./Drivers/STM32L4xx_HAL_Driver/Src/stm32l4xx_hal_rcc.o
                0x080041a8                HAL_RCC_GetClockConfig
 .text.RCC_SetFlashLatencyFromMSIRange
                0x0800420c       0xc0 ./Drivers/STM32L4xx_HAL_Driver/Src/stm32l4xx_hal_rcc.o
 .text.HAL_RCCEx_PeriphCLKConfig
                0x080042cc      0x5f8 ./Drivers/STM32L4xx_HAL_Driver/Src/stm32l4xx_hal_rcc_ex.o
                0x080042cc                HAL_RCCEx_PeriphCLKConfig
 .text.RCCEx_PLLSAI1_Config
                0x080048c4      0x1e4 ./Drivers/STM32L4xx_HAL_Driver/Src/stm32l4xx_hal_rcc_ex.o
 .text.RCCEx_PLLSAI2_Config
                0x08004aa8      0x1b8 ./Drivers/STM32L4xx_HAL_Driver/Src/stm32l4xx_hal_rcc_ex.o
 .text.HAL_SRAM_Init
                0x08004c60       0x90 ./Drivers/STM32L4xx_HAL_Driver/Src/stm32l4xx_hal_sram.o
                0x08004c60                HAL_SRAM_Init
 .text.HAL_TIM_Base_Init
                0x08004cf0       0xae ./Drivers/STM32L4xx_HAL_Driver/Src/stm32l4xx_hal_tim.o
                0x08004cf0                HAL_TIM_Base_Init
 .text.HAL_TIM_Base_MspInit
                0x08004d9e       0x14 ./Drivers/STM32L4xx_HAL_Driver/Src/stm32l4xx_hal_tim.o
                0x08004d9e                HAL_TIM_Base_MspInit
 *fill*         0x08004db2        0x2 
 .text.HAL_TIM_Base_Start_IT
                0x08004db4       0xe0 ./Drivers/STM32L4xx_HAL_Driver/Src/stm32l4xx_hal_tim.o
                0x08004db4                HAL_TIM_Base_Start_IT
 .text.HAL_TIM_IRQHandler
                0x08004e94      0x20e ./Drivers/STM32L4xx_HAL_Driver/Src/stm32l4xx_hal_tim.o
                0x08004e94                HAL_TIM_IRQHandler
 .text.HAL_TIM_OC_DelayElapsedCallback
                0x080050a2       0x14 ./Drivers/STM32L4xx_HAL_Driver/Src/stm32l4xx_hal_tim.o
                0x080050a2                HAL_TIM_OC_DelayElapsedCallback
 .text.HAL_TIM_IC_CaptureCallback
                0x080050b6       0x14 ./Drivers/STM32L4xx_HAL_Driver/Src/stm32l4xx_hal_tim.o
                0x080050b6                HAL_TIM_IC_CaptureCallback
 .text.HAL_TIM_PWM_PulseFinishedCallback
                0x080050ca       0x14 ./Drivers/STM32L4xx_HAL_Driver/Src/stm32l4xx_hal_tim.o
                0x080050ca                HAL_TIM_PWM_PulseFinishedCallback
 .text.HAL_TIM_TriggerCallback
                0x080050de       0x14 ./Drivers/STM32L4xx_HAL_Driver/Src/stm32l4xx_hal_tim.o
                0x080050de                HAL_TIM_TriggerCallback
 *fill*         0x080050f2        0x2 
 .text.TIM_Base_SetConfig
                0x080050f4      0x14c ./Drivers/STM32L4xx_HAL_Driver/Src/stm32l4xx_hal_tim.o
                0x080050f4                TIM_Base_SetConfig
 .text.HAL_TIMEx_CommutCallback
                0x08005240       0x14 ./Drivers/STM32L4xx_HAL_Driver/Src/stm32l4xx_hal_tim_ex.o
                0x08005240                HAL_TIMEx_CommutCallback
 .text.HAL_TIMEx_BreakCallback
                0x08005254       0x14 ./Drivers/STM32L4xx_HAL_Driver/Src/stm32l4xx_hal_tim_ex.o
                0x08005254                HAL_TIMEx_BreakCallback
 .text.HAL_TIMEx_Break2Callback
                0x08005268       0x14 ./Drivers/STM32L4xx_HAL_Driver/Src/stm32l4xx_hal_tim_ex.o
                0x08005268                HAL_TIMEx_Break2Callback
 .text.FMC_NORSRAM_Init
                0x0800527c      0x120 ./Drivers/STM32L4xx_HAL_Driver/Src/stm32l4xx_ll_fmc.o
                0x0800527c                FMC_NORSRAM_Init
 .text.FMC_NORSRAM_Timing_Init
                0x0800539c       0x92 ./Drivers/STM32L4xx_HAL_Driver/Src/stm32l4xx_ll_fmc.o
                0x0800539c                FMC_NORSRAM_Timing_Init
 *fill*         0x0800542e        0x2 
 .text.FMC_NORSRAM_Extended_Timing_Init
                0x08005430       0x70 ./Drivers/STM32L4xx_HAL_Driver/Src/stm32l4xx_ll_fmc.o
                0x08005430                FMC_NORSRAM_Extended_Timing_Init
 .text.LL_GPIO_SetPinMode
                0x080054a0       0x7a ./Drivers/STM32L4xx_HAL_Driver/Src/stm32l4xx_ll_gpio.o
 .text.LL_GPIO_SetPinOutputType
                0x0800551a       0x30 ./Drivers/STM32L4xx_HAL_Driver/Src/stm32l4xx_ll_gpio.o
 .text.LL_GPIO_SetPinSpeed
                0x0800554a       0x7a ./Drivers/STM32L4xx_HAL_Driver/Src/stm32l4xx_ll_gpio.o
 .text.LL_GPIO_SetPinPull
                0x080055c4       0x7a ./Drivers/STM32L4xx_HAL_Driver/Src/stm32l4xx_ll_gpio.o
 .text.LL_GPIO_SetAFPin_0_7
                0x0800563e       0x7a ./Drivers/STM32L4xx_HAL_Driver/Src/stm32l4xx_ll_gpio.o
 .text.LL_GPIO_SetAFPin_8_15
                0x080056b8       0x7e ./Drivers/STM32L4xx_HAL_Driver/Src/stm32l4xx_ll_gpio.o
 .text.LL_GPIO_Init
                0x08005736       0xdc ./Drivers/STM32L4xx_HAL_Driver/Src/stm32l4xx_ll_gpio.o
                0x08005736                LL_GPIO_Init
 .text.USB_CoreInit
                0x08005812       0x5a ./Drivers/STM32L4xx_HAL_Driver/Src/stm32l4xx_ll_usb.o
                0x08005812                USB_CoreInit
 .text.USB_SetTurnaroundTime
                0x0800586c      0x138 ./Drivers/STM32L4xx_HAL_Driver/Src/stm32l4xx_ll_usb.o
                0x0800586c                USB_SetTurnaroundTime
 .text.USB_EnableGlobalInt
                0x080059a4       0x22 ./Drivers/STM32L4xx_HAL_Driver/Src/stm32l4xx_ll_usb.o
                0x080059a4                USB_EnableGlobalInt
 .text.USB_DisableGlobalInt
                0x080059c6       0x22 ./Drivers/STM32L4xx_HAL_Driver/Src/stm32l4xx_ll_usb.o
                0x080059c6                USB_DisableGlobalInt
 .text.USB_SetCurrentMode
                0x080059e8       0x98 ./Drivers/STM32L4xx_HAL_Driver/Src/stm32l4xx_ll_usb.o
                0x080059e8                USB_SetCurrentMode
 .text.USB_DevInit
                0x08005a80      0x290 ./Drivers/STM32L4xx_HAL_Driver/Src/stm32l4xx_ll_usb.o
                0x08005a80                USB_DevInit
 .text.USB_FlushTxFifo
                0x08005d10       0x64 ./Drivers/STM32L4xx_HAL_Driver/Src/stm32l4xx_ll_usb.o
                0x08005d10                USB_FlushTxFifo
 .text.USB_FlushRxFifo
                0x08005d74       0x5c ./Drivers/STM32L4xx_HAL_Driver/Src/stm32l4xx_ll_usb.o
                0x08005d74                USB_FlushRxFifo
 .text.USB_SetDevSpeed
                0x08005dd0       0x32 ./Drivers/STM32L4xx_HAL_Driver/Src/stm32l4xx_ll_usb.o
                0x08005dd0                USB_SetDevSpeed
 .text.USB_GetDevSpeed
                0x08005e02       0x3e ./Drivers/STM32L4xx_HAL_Driver/Src/stm32l4xx_ll_usb.o
                0x08005e02                USB_GetDevSpeed
 .text.USB_ActivateEndpoint
                0x08005e40      0x10e ./Drivers/STM32L4xx_HAL_Driver/Src/stm32l4xx_ll_usb.o
                0x08005e40                USB_ActivateEndpoint
 *fill*         0x08005f4e        0x2 
 .text.USB_DeactivateEndpoint
                0x08005f50      0x1b8 ./Drivers/STM32L4xx_HAL_Driver/Src/stm32l4xx_ll_usb.o
                0x08005f50                USB_DeactivateEndpoint
 .text.USB_EPStartXfer
                0x08006108      0x470 ./Drivers/STM32L4xx_HAL_Driver/Src/stm32l4xx_ll_usb.o
                0x08006108                USB_EPStartXfer
 .text.USB_EPStopXfer
                0x08006578      0x154 ./Drivers/STM32L4xx_HAL_Driver/Src/stm32l4xx_ll_usb.o
                0x08006578                USB_EPStopXfer
 .text.USB_WritePacket
                0x080066cc       0x74 ./Drivers/STM32L4xx_HAL_Driver/Src/stm32l4xx_ll_usb.o
                0x080066cc                USB_WritePacket
 .text.USB_ReadPacket
                0x08006740       0xb0 ./Drivers/STM32L4xx_HAL_Driver/Src/stm32l4xx_ll_usb.o
                0x08006740                USB_ReadPacket
 .text.USB_EPSetStall
                0x080067f0       0xdc ./Drivers/STM32L4xx_HAL_Driver/Src/stm32l4xx_ll_usb.o
                0x080067f0                USB_EPSetStall
 .text.USB_EPClearStall
                0x080068cc       0xcc ./Drivers/STM32L4xx_HAL_Driver/Src/stm32l4xx_ll_usb.o
                0x080068cc                USB_EPClearStall
 .text.USB_SetDevAddress
                0x08006998       0x4c ./Drivers/STM32L4xx_HAL_Driver/Src/stm32l4xx_ll_usb.o
                0x08006998                USB_SetDevAddress
 .text.USB_DevConnect
                0x080069e4       0x42 ./Drivers/STM32L4xx_HAL_Driver/Src/stm32l4xx_ll_usb.o
                0x080069e4                USB_DevConnect
 .text.USB_DevDisconnect
                0x08006a26       0x42 ./Drivers/STM32L4xx_HAL_Driver/Src/stm32l4xx_ll_usb.o
                0x08006a26                USB_DevDisconnect
 .text.USB_ReadInterrupts
                0x08006a68       0x26 ./Drivers/STM32L4xx_HAL_Driver/Src/stm32l4xx_ll_usb.o
                0x08006a68                USB_ReadInterrupts
 .text.USB_ReadDevAllOutEpInterrupt
                0x08006a8e       0x34 ./Drivers/STM32L4xx_HAL_Driver/Src/stm32l4xx_ll_usb.o
                0x08006a8e                USB_ReadDevAllOutEpInterrupt
 .text.USB_ReadDevAllInEpInterrupt
                0x08006ac2       0x34 ./Drivers/STM32L4xx_HAL_Driver/Src/stm32l4xx_ll_usb.o
                0x08006ac2                USB_ReadDevAllInEpInterrupt
 .text.USB_ReadDevOutEPInterrupt
                0x08006af6       0x3c ./Drivers/STM32L4xx_HAL_Driver/Src/stm32l4xx_ll_usb.o
                0x08006af6                USB_ReadDevOutEPInterrupt
 .text.USB_ReadDevInEPInterrupt
                0x08006b32       0x5c ./Drivers/STM32L4xx_HAL_Driver/Src/stm32l4xx_ll_usb.o
                0x08006b32                USB_ReadDevInEPInterrupt
 .text.USB_GetMode
                0x08006b8e       0x1c ./Drivers/STM32L4xx_HAL_Driver/Src/stm32l4xx_ll_usb.o
                0x08006b8e                USB_GetMode
 .text.USB_ActivateSetup
                0x08006baa       0x46 ./Drivers/STM32L4xx_HAL_Driver/Src/stm32l4xx_ll_usb.o
                0x08006baa                USB_ActivateSetup
 .text.USB_EP0_OutStart
                0x08006bf0       0x90 ./Drivers/STM32L4xx_HAL_Driver/Src/stm32l4xx_ll_usb.o
                0x08006bf0                USB_EP0_OutStart
 .text.USB_CoreReset
                0x08006c80       0x62 ./Drivers/STM32L4xx_HAL_Driver/Src/stm32l4xx_ll_usb.o
 *fill*         0x08006ce2        0x2 
 .text.USBD_CDC_Init
                0x08006ce4      0x1f0 ./Middlewares/ST/STM32_USB_Device_Library/Class/CDC/Src/usbd_cdc.o
 .text.USBD_CDC_DeInit
                0x08006ed4      0x104 ./Middlewares/ST/STM32_USB_Device_Library/Class/CDC/Src/usbd_cdc.o
 .text.USBD_CDC_Setup
                0x08006fd8      0x1b8 ./Middlewares/ST/STM32_USB_Device_Library/Class/CDC/Src/usbd_cdc.o
 .text.USBD_CDC_DataIn
                0x08007190       0xfe ./Middlewares/ST/STM32_USB_Device_Library/Class/CDC/Src/usbd_cdc.o
 .text.USBD_CDC_DataOut
                0x0800728e       0x70 ./Middlewares/ST/STM32_USB_Device_Library/Class/CDC/Src/usbd_cdc.o
 .text.USBD_CDC_EP0_RxReady
                0x080072fe       0x74 ./Middlewares/ST/STM32_USB_Device_Library/Class/CDC/Src/usbd_cdc.o
 *fill*         0x08007372        0x2 
 .text.USBD_CDC_GetFSCfgDesc
                0x08007374       0x70 ./Middlewares/ST/STM32_USB_Device_Library/Class/CDC/Src/usbd_cdc.o
 .text.USBD_CDC_GetHSCfgDesc
                0x080073e4       0x70 ./Middlewares/ST/STM32_USB_Device_Library/Class/CDC/Src/usbd_cdc.o
 .text.USBD_CDC_GetOtherSpeedCfgDesc
                0x08007454       0x70 ./Middlewares/ST/STM32_USB_Device_Library/Class/CDC/Src/usbd_cdc.o
 .text.USBD_CDC_GetDeviceQualifierDescriptor
                0x080074c4       0x20 ./Middlewares/ST/STM32_USB_Device_Library/Class/CDC/Src/usbd_cdc.o
                0x080074c4                USBD_CDC_GetDeviceQualifierDescriptor
 .text.USBD_CDC_RegisterInterface
                0x080074e4       0x34 ./Middlewares/ST/STM32_USB_Device_Library/Class/CDC/Src/usbd_cdc.o
                0x080074e4                USBD_CDC_RegisterInterface
 .text.USBD_CDC_SetTxBuffer
                0x08007518       0x44 ./Middlewares/ST/STM32_USB_Device_Library/Class/CDC/Src/usbd_cdc.o
                0x08007518                USBD_CDC_SetTxBuffer
 .text.USBD_CDC_SetRxBuffer
                0x0800755c       0x3a ./Middlewares/ST/STM32_USB_Device_Library/Class/CDC/Src/usbd_cdc.o
                0x0800755c                USBD_CDC_SetRxBuffer
 *fill*         0x08007596        0x2 
 .text.USBD_CDC_TransmitPacket
                0x08007598       0x80 ./Middlewares/ST/STM32_USB_Device_Library/Class/CDC/Src/usbd_cdc.o
                0x08007598                USBD_CDC_TransmitPacket
 .text.USBD_CDC_ReceivePacket
                0x08007618       0x6c ./Middlewares/ST/STM32_USB_Device_Library/Class/CDC/Src/usbd_cdc.o
                0x08007618                USBD_CDC_ReceivePacket
 .text.USBD_Init
                0x08007684       0x60 ./Middlewares/ST/STM32_USB_Device_Library/Core/Src/usbd_core.o
                0x08007684                USBD_Init
 .text.USBD_RegisterClass
                0x080076e4       0x6c ./Middlewares/ST/STM32_USB_Device_Library/Core/Src/usbd_core.o
                0x080076e4                USBD_RegisterClass
 .text.USBD_Start
                0x08007750       0x18 ./Middlewares/ST/STM32_USB_Device_Library/Core/Src/usbd_core.o
                0x08007750                USBD_Start
 .text.USBD_RunTestMode
                0x08007768       0x16 ./Middlewares/ST/STM32_USB_Device_Library/Core/Src/usbd_core.o
                0x08007768                USBD_RunTestMode
 .text.USBD_SetClassConfig
                0x0800777e       0x38 ./Middlewares/ST/STM32_USB_Device_Library/Core/Src/usbd_core.o
                0x0800777e                USBD_SetClassConfig
 .text.USBD_ClrClassConfig
                0x080077b6       0x34 ./Middlewares/ST/STM32_USB_Device_Library/Core/Src/usbd_core.o
                0x080077b6                USBD_ClrClassConfig
 .text.USBD_LL_SetupStage
                0x080077ea       0xaa ./Middlewares/ST/STM32_USB_Device_Library/Core/Src/usbd_core.o
                0x080077ea                USBD_LL_SetupStage
 .text.USBD_LL_DataOutStage
                0x08007894      0x166 ./Middlewares/ST/STM32_USB_Device_Library/Core/Src/usbd_core.o
                0x08007894                USBD_LL_DataOutStage
 .text.USBD_LL_DataInStage
                0x080079fa      0x164 ./Middlewares/ST/STM32_USB_Device_Library/Core/Src/usbd_core.o
                0x080079fa                USBD_LL_DataInStage
 .text.USBD_LL_Reset
                0x08007b5e       0xa4 ./Middlewares/ST/STM32_USB_Device_Library/Core/Src/usbd_core.o
                0x08007b5e                USBD_LL_Reset
 .text.USBD_LL_SetSpeed
                0x08007c02       0x20 ./Middlewares/ST/STM32_USB_Device_Library/Core/Src/usbd_core.o
                0x08007c02                USBD_LL_SetSpeed
 .text.USBD_LL_Suspend
                0x08007c22       0x38 ./Middlewares/ST/STM32_USB_Device_Library/Core/Src/usbd_core.o
                0x08007c22                USBD_LL_Suspend
 .text.USBD_LL_Resume
                0x08007c5a       0x30 ./Middlewares/ST/STM32_USB_Device_Library/Core/Src/usbd_core.o
                0x08007c5a                USBD_LL_Resume
 .text.USBD_LL_SOF
                0x08007c8a       0x40 ./Middlewares/ST/STM32_USB_Device_Library/Core/Src/usbd_core.o
                0x08007c8a                USBD_LL_SOF
 .text.USBD_LL_IsoINIncomplete
                0x08007cca       0x64 ./Middlewares/ST/STM32_USB_Device_Library/Core/Src/usbd_core.o
                0x08007cca                USBD_LL_IsoINIncomplete
 .text.USBD_LL_IsoOUTIncomplete
                0x08007d2e       0x64 ./Middlewares/ST/STM32_USB_Device_Library/Core/Src/usbd_core.o
                0x08007d2e                USBD_LL_IsoOUTIncomplete
 .text.USBD_LL_DevConnected
                0x08007d92       0x16 ./Middlewares/ST/STM32_USB_Device_Library/Core/Src/usbd_core.o
                0x08007d92                USBD_LL_DevConnected
 .text.USBD_LL_DevDisconnected
                0x08007da8       0x46 ./Middlewares/ST/STM32_USB_Device_Library/Core/Src/usbd_core.o
                0x08007da8                USBD_LL_DevDisconnected
 .text.USBD_CoreFindIF
                0x08007dee       0x1a ./Middlewares/ST/STM32_USB_Device_Library/Core/Src/usbd_core.o
                0x08007dee                USBD_CoreFindIF
 .text.USBD_CoreFindEP
                0x08007e08       0x1a ./Middlewares/ST/STM32_USB_Device_Library/Core/Src/usbd_core.o
                0x08007e08                USBD_CoreFindEP
 .text.USBD_GetEpDesc
                0x08007e22       0x70 ./Middlewares/ST/STM32_USB_Device_Library/Core/Src/usbd_core.o
                0x08007e22                USBD_GetEpDesc
 .text.USBD_GetNextDesc
                0x08007e92       0x38 ./Middlewares/ST/STM32_USB_Device_Library/Core/Src/usbd_core.o
                0x08007e92                USBD_GetNextDesc
 .text.SWAPBYTE
                0x08007eca       0x3c ./Middlewares/ST/STM32_USB_Device_Library/Core/Src/usbd_ctlreq.o
 *fill*         0x08007f06        0x2 
 .text.USBD_StdDevReq
                0x08007f08       0xe4 ./Middlewares/ST/STM32_USB_Device_Library/Core/Src/usbd_ctlreq.o
                0x08007f08                USBD_StdDevReq
 .text.USBD_StdItfReq
                0x08007fec       0xd8 ./Middlewares/ST/STM32_USB_Device_Library/Core/Src/usbd_ctlreq.o
                0x08007fec                USBD_StdItfReq
 .text.USBD_StdEPReq
                0x080080c4      0x33a ./Middlewares/ST/STM32_USB_Device_Library/Core/Src/usbd_ctlreq.o
                0x080080c4                USBD_StdEPReq
 *fill*         0x080083fe        0x2 
 .text.USBD_GetDescriptor
                0x08008400      0x2d4 ./Middlewares/ST/STM32_USB_Device_Library/Core/Src/usbd_ctlreq.o
 .text.USBD_SetAddress
                0x080086d4       0x88 ./Middlewares/ST/STM32_USB_Device_Library/Core/Src/usbd_ctlreq.o
 .text.USBD_SetConfig
                0x0800875c      0x154 ./Middlewares/ST/STM32_USB_Device_Library/Core/Src/usbd_ctlreq.o
 .text.USBD_GetConfig
                0x080088b0       0x6c ./Middlewares/ST/STM32_USB_Device_Library/Core/Src/usbd_ctlreq.o
 .text.USBD_GetStatus
                0x0800891c       0x68 ./Middlewares/ST/STM32_USB_Device_Library/Core/Src/usbd_ctlreq.o
 .text.USBD_SetFeature
                0x08008984       0x52 ./Middlewares/ST/STM32_USB_Device_Library/Core/Src/usbd_ctlreq.o
 .text.USBD_ClrFeature
                0x080089d6       0x44 ./Middlewares/ST/STM32_USB_Device_Library/Core/Src/usbd_ctlreq.o
 .text.USBD_ParseSetupRequest
                0x08008a1a       0x74 ./Middlewares/ST/STM32_USB_Device_Library/Core/Src/usbd_ctlreq.o
                0x08008a1a                USBD_ParseSetupRequest
 .text.USBD_CtlError
                0x08008a8e       0x22 ./Middlewares/ST/STM32_USB_Device_Library/Core/Src/usbd_ctlreq.o
                0x08008a8e                USBD_CtlError
 .text.USBD_GetString
                0x08008ab0       0xa4 ./Middlewares/ST/STM32_USB_Device_Library/Core/Src/usbd_ctlreq.o
                0x08008ab0                USBD_GetString
 .text.USBD_GetLen
                0x08008b54       0x34 ./Middlewares/ST/STM32_USB_Device_Library/Core/Src/usbd_ctlreq.o
 .text.USBD_CtlSendData
                0x08008b88       0x36 ./Middlewares/ST/STM32_USB_Device_Library/Core/Src/usbd_ioreq.o
                0x08008b88                USBD_CtlSendData
 .text.USBD_CtlContinueSendData
                0x08008bbe       0x22 ./Middlewares/ST/STM32_USB_Device_Library/Core/Src/usbd_ioreq.o
                0x08008bbe                USBD_CtlContinueSendData
 .text.USBD_CtlPrepareRx
                0x08008be0       0x3a ./Middlewares/ST/STM32_USB_Device_Library/Core/Src/usbd_ioreq.o
                0x08008be0                USBD_CtlPrepareRx
 .text.USBD_CtlContinueRx
                0x08008c1a       0x22 ./Middlewares/ST/STM32_USB_Device_Library/Core/Src/usbd_ioreq.o
                0x08008c1a                USBD_CtlContinueRx
 .text.USBD_CtlSendStatus
                0x08008c3c       0x26 ./Middlewares/ST/STM32_USB_Device_Library/Core/Src/usbd_ioreq.o
                0x08008c3c                USBD_CtlSendStatus
 .text.USBD_CtlReceiveStatus
                0x08008c62       0x26 ./Middlewares/ST/STM32_USB_Device_Library/Core/Src/usbd_ioreq.o
                0x08008c62                USBD_CtlReceiveStatus
 .text.__NVIC_SetPriority
                0x08008c88       0x54 ./Middlewares/Third_Party/FreeRTOS/Source/CMSIS_RTOS_V2/cmsis_os2.o
 .text.SysTick_Handler
                0x08008cdc       0x20 ./Middlewares/Third_Party/FreeRTOS/Source/CMSIS_RTOS_V2/cmsis_os2.o
                0x08008cdc                SysTick_Handler
 .text.SVC_Setup
                0x08008cfc       0x12 ./Middlewares/Third_Party/FreeRTOS/Source/CMSIS_RTOS_V2/cmsis_os2.o
 *fill*         0x08008d0e        0x2 
 .text.osKernelInitialize
                0x08008d10       0x48 ./Middlewares/Third_Party/FreeRTOS/Source/CMSIS_RTOS_V2/cmsis_os2.o
                0x08008d10                osKernelInitialize
 .text.osKernelStart
                0x08008d58       0x4c ./Middlewares/Third_Party/FreeRTOS/Source/CMSIS_RTOS_V2/cmsis_os2.o
                0x08008d58                osKernelStart
 .text.osThreadNew
                0x08008da4      0x124 ./Middlewares/Third_Party/FreeRTOS/Source/CMSIS_RTOS_V2/cmsis_os2.o
                0x08008da4                osThreadNew
 .text.osThreadFlagsSet
                0x08008ec8       0x9c ./Middlewares/Third_Party/FreeRTOS/Source/CMSIS_RTOS_V2/cmsis_os2.o
                0x08008ec8                osThreadFlagsSet
 .text.osThreadFlagsWait
                0x08008f64      0x102 ./Middlewares/Third_Party/FreeRTOS/Source/CMSIS_RTOS_V2/cmsis_os2.o
                0x08008f64                osThreadFlagsWait
 .text.osDelay  0x08009066       0x36 ./Middlewares/Third_Party/FreeRTOS/Source/CMSIS_RTOS_V2/cmsis_os2.o
                0x08009066                osDelay
 .text.vApplicationGetIdleTaskMemory
                0x0800909c       0x34 ./Middlewares/Third_Party/FreeRTOS/Source/CMSIS_RTOS_V2/cmsis_os2.o
                0x0800909c                vApplicationGetIdleTaskMemory
 .text.vApplicationGetTimerTaskMemory
                0x080090d0       0x34 ./Middlewares/Third_Party/FreeRTOS/Source/CMSIS_RTOS_V2/cmsis_os2.o
                0x080090d0                vApplicationGetTimerTaskMemory
 .text.vListInitialise
                0x08009104       0x40 ./Middlewares/Third_Party/FreeRTOS/Source/list.o
                0x08009104                vListInitialise
 .text.vListInitialiseItem
                0x08009144       0x1a ./Middlewares/Third_Party/FreeRTOS/Source/list.o
                0x08009144                vListInitialiseItem
 .text.vListInsertEnd
                0x0800915e       0x48 ./Middlewares/Third_Party/FreeRTOS/Source/list.o
                0x0800915e                vListInsertEnd
 .text.vListInsert
                0x080091a6       0x72 ./Middlewares/Third_Party/FreeRTOS/Source/list.o
                0x080091a6                vListInsert
 .text.uxListRemove
                0x08009218       0x54 ./Middlewares/Third_Party/FreeRTOS/Source/list.o
                0x08009218                uxListRemove
 .text.xQueueGenericReset
                0x0800926c       0xd4 ./Middlewares/Third_Party/FreeRTOS/Source/queue.o
                0x0800926c                xQueueGenericReset
 .text.xQueueGenericCreateStatic
                0x08009340       0xfa ./Middlewares/Third_Party/FreeRTOS/Source/queue.o
                0x08009340                xQueueGenericCreateStatic
 .text.prvInitialiseNewQueue
                0x0800943a       0x46 ./Middlewares/Third_Party/FreeRTOS/Source/queue.o
 .text.xQueueGenericSend
                0x08009480      0x204 ./Middlewares/Third_Party/FreeRTOS/Source/queue.o
                0x08009480                xQueueGenericSend
 .text.xQueueGenericSendFromISR
                0x08009684      0x13c ./Middlewares/Third_Party/FreeRTOS/Source/queue.o
                0x08009684                xQueueGenericSendFromISR
 .text.xQueueReceive
                0x080097c0      0x1c4 ./Middlewares/Third_Party/FreeRTOS/Source/queue.o
                0x080097c0                xQueueReceive
 .text.prvCopyDataToQueue
                0x08009984       0xd4 ./Middlewares/Third_Party/FreeRTOS/Source/queue.o
 .text.prvCopyDataFromQueue
                0x08009a58       0x4c ./Middlewares/Third_Party/FreeRTOS/Source/queue.o
 .text.prvUnlockQueue
                0x08009aa4       0xa4 ./Middlewares/Third_Party/FreeRTOS/Source/queue.o
 .text.prvIsQueueEmpty
                0x08009b48       0x2c ./Middlewares/Third_Party/FreeRTOS/Source/queue.o
 .text.prvIsQueueFull
                0x08009b74       0x30 ./Middlewares/Third_Party/FreeRTOS/Source/queue.o
 .text.vQueueAddToRegistry
                0x08009ba4       0x54 ./Middlewares/Third_Party/FreeRTOS/Source/queue.o
                0x08009ba4                vQueueAddToRegistry
 .text.vQueueWaitForMessageRestricted
                0x08009bf8       0x68 ./Middlewares/Third_Party/FreeRTOS/Source/queue.o
                0x08009bf8                vQueueWaitForMessageRestricted
 .text.xStreamBufferGenericCreateStatic
                0x08009c60      0x10c ./Middlewares/Third_Party/FreeRTOS/Source/stream_buffer.o
                0x08009c60                xStreamBufferGenericCreateStatic
 .text.xStreamBufferSpacesAvailable
                0x08009d6c       0x68 ./Middlewares/Third_Party/FreeRTOS/Source/stream_buffer.o
                0x08009d6c                xStreamBufferSpacesAvailable
 .text.xStreamBufferSend
                0x08009dd4      0x172 ./Middlewares/Third_Party/FreeRTOS/Source/stream_buffer.o
                0x08009dd4                xStreamBufferSend
 .text.xStreamBufferSendFromISR
                0x08009f46       0xe6 ./Middlewares/Third_Party/FreeRTOS/Source/stream_buffer.o
                0x08009f46                xStreamBufferSendFromISR
 .text.prvWriteMessageToBuffer
                0x0800a02c       0x7a ./Middlewares/Third_Party/FreeRTOS/Source/stream_buffer.o
 .text.xStreamBufferReceive
                0x0800a0a6      0x130 ./Middlewares/Third_Party/FreeRTOS/Source/stream_buffer.o
                0x0800a0a6                xStreamBufferReceive
 .text.prvReadMessageFromBuffer
                0x0800a1d6       0x64 ./Middlewares/Third_Party/FreeRTOS/Source/stream_buffer.o
 .text.prvWriteBytesToBuffer
                0x0800a23a       0xea ./Middlewares/Third_Party/FreeRTOS/Source/stream_buffer.o
 .text.prvReadBytesFromBuffer
                0x0800a324       0xfa ./Middlewares/Third_Party/FreeRTOS/Source/stream_buffer.o
 .text.prvBytesInBuffer
                0x0800a41e       0x40 ./Middlewares/Third_Party/FreeRTOS/Source/stream_buffer.o
 .text.prvInitialiseNewStreamBuffer
                0x0800a45e       0x68 ./Middlewares/Third_Party/FreeRTOS/Source/stream_buffer.o
 .text.xTaskCreateStatic
                0x0800a4c6       0xc0 ./Middlewares/Third_Party/FreeRTOS/Source/tasks.o
                0x0800a4c6                xTaskCreateStatic
 .text.xTaskCreate
                0x0800a586       0x8a ./Middlewares/Third_Party/FreeRTOS/Source/tasks.o
                0x0800a586                xTaskCreate
 .text.prvInitialiseNewTask
                0x0800a610      0x150 ./Middlewares/Third_Party/FreeRTOS/Source/tasks.o
 .text.prvAddNewTaskToReadyList
                0x0800a760       0xe0 ./Middlewares/Third_Party/FreeRTOS/Source/tasks.o
 .text.vTaskDelay
                0x0800a840       0x6c ./Middlewares/Third_Party/FreeRTOS/Source/tasks.o
                0x0800a840                vTaskDelay
 .text.vTaskStartScheduler
                0x0800a8ac       0xe0 ./Middlewares/Third_Party/FreeRTOS/Source/tasks.o
                0x0800a8ac                vTaskStartScheduler
 .text.vTaskSuspendAll
                0x0800a98c       0x1c ./Middlewares/Third_Party/FreeRTOS/Source/tasks.o
                0x0800a98c                vTaskSuspendAll
 .text.prvGetExpectedIdleTime
                0x0800a9a8       0x70 ./Middlewares/Third_Party/FreeRTOS/Source/tasks.o
 .text.xTaskResumeAll
                0x0800aa18      0x13c ./Middlewares/Third_Party/FreeRTOS/Source/tasks.o
                0x0800aa18                xTaskResumeAll
 .text.xTaskGetTickCount
                0x0800ab54       0x20 ./Middlewares/Third_Party/FreeRTOS/Source/tasks.o
                0x0800ab54                xTaskGetTickCount
 .text.xTaskIncrementTick
                0x0800ab74      0x174 ./Middlewares/Third_Party/FreeRTOS/Source/tasks.o
                0x0800ab74                xTaskIncrementTick
 .text.vTaskSwitchContext
                0x0800ace8       0xcc ./Middlewares/Third_Party/FreeRTOS/Source/tasks.o
                0x0800ace8                vTaskSwitchContext
 .text.vTaskPlaceOnEventList
                0x0800adb4       0x4c ./Middlewares/Third_Party/FreeRTOS/Source/tasks.o
                0x0800adb4                vTaskPlaceOnEventList
 .text.vTaskPlaceOnEventListRestricted
                0x0800ae00       0x58 ./Middlewares/Third_Party/FreeRTOS/Source/tasks.o
                0x0800ae00                vTaskPlaceOnEventListRestricted
 .text.xTaskRemoveFromEventList
                0x0800ae58       0xcc ./Middlewares/Third_Party/FreeRTOS/Source/tasks.o
                0x0800ae58                xTaskRemoveFromEventList
 .text.vTaskSetTimeOutState
                0x0800af24       0x50 ./Middlewares/Third_Party/FreeRTOS/Source/tasks.o
                0x0800af24                vTaskSetTimeOutState
 .text.vTaskInternalSetTimeOutState
                0x0800af74       0x2c ./Middlewares/Third_Party/FreeRTOS/Source/tasks.o
                0x0800af74                vTaskInternalSetTimeOutState
 .text.xTaskCheckForTimeOut
                0x0800afa0       0xc8 ./Middlewares/Third_Party/FreeRTOS/Source/tasks.o
                0x0800afa0                xTaskCheckForTimeOut
 .text.vTaskMissedYield
                0x0800b068       0x18 ./Middlewares/Third_Party/FreeRTOS/Source/tasks.o
                0x0800b068                vTaskMissedYield
 .text.prvIdleTask
                0x0800b080       0x80 ./Middlewares/Third_Party/FreeRTOS/Source/tasks.o
 .text.prvInitialiseTaskLists
                0x0800b100       0x80 ./Middlewares/Third_Party/FreeRTOS/Source/tasks.o
 .text.prvCheckTasksWaitingTermination
                0x0800b180       0x5c ./Middlewares/Third_Party/FreeRTOS/Source/tasks.o
 .text.prvDeleteTCB
                0x0800b1dc       0x6a ./Middlewares/Third_Party/FreeRTOS/Source/tasks.o
 *fill*         0x0800b246        0x2 
 .text.prvResetNextTaskUnblockTime
                0x0800b248       0x40 ./Middlewares/Third_Party/FreeRTOS/Source/tasks.o
 .text.xTaskGetCurrentTaskHandle
                0x0800b288       0x20 ./Middlewares/Third_Party/FreeRTOS/Source/tasks.o
                0x0800b288                xTaskGetCurrentTaskHandle
 .text.xTaskGetSchedulerState
                0x0800b2a8       0x3c ./Middlewares/Third_Party/FreeRTOS/Source/tasks.o
                0x0800b2a8                xTaskGetSchedulerState
 .text.xTaskPriorityDisinherit
                0x0800b2e4       0xe0 ./Middlewares/Third_Party/FreeRTOS/Source/tasks.o
                0x0800b2e4                xTaskPriorityDisinherit
 .text.xTaskNotifyWait
                0x0800b3c4       0xc0 ./Middlewares/Third_Party/FreeRTOS/Source/tasks.o
                0x0800b3c4                xTaskNotifyWait
 .text.xTaskGenericNotify
                0x0800b484      0x188 ./Middlewares/Third_Party/FreeRTOS/Source/tasks.o
                0x0800b484                xTaskGenericNotify
 .text.xTaskGenericNotifyFromISR
                0x0800b60c      0x1cc ./Middlewares/Third_Party/FreeRTOS/Source/tasks.o
                0x0800b60c                xTaskGenericNotifyFromISR
 .text.xTaskNotifyStateClear
                0x0800b7d8       0x4c ./Middlewares/Third_Party/FreeRTOS/Source/tasks.o
                0x0800b7d8                xTaskNotifyStateClear
 .text.prvAddCurrentTaskToDelayedList
                0x0800b824       0xa8 ./Middlewares/Third_Party/FreeRTOS/Source/tasks.o
 .text.xTimerCreateTimerTask
                0x0800b8cc       0x94 ./Middlewares/Third_Party/FreeRTOS/Source/timers.o
                0x0800b8cc                xTimerCreateTimerTask
 .text.xTimerGenericCommand
                0x0800b960       0x9c ./Middlewares/Third_Party/FreeRTOS/Source/timers.o
                0x0800b960                xTimerGenericCommand
 .text.prvProcessExpiredTimer
                0x0800b9fc       0x9c ./Middlewares/Third_Party/FreeRTOS/Source/timers.o
 .text.prvTimerTask
                0x0800ba98       0x26 ./Middlewares/Third_Party/FreeRTOS/Source/timers.o
 *fill*         0x0800babe        0x2 
 .text.prvProcessTimerOrBlockTask
                0x0800bac0       0x9c ./Middlewares/Third_Party/FreeRTOS/Source/timers.o
 .text.prvGetNextExpireTime
                0x0800bb5c       0x48 ./Middlewares/Third_Party/FreeRTOS/Source/timers.o
 .text.prvSampleTimeNow
                0x0800bba4       0x40 ./Middlewares/Third_Party/FreeRTOS/Source/timers.o
 .text.prvInsertTimerInActiveList
                0x0800bbe4       0x84 ./Middlewares/Third_Party/FreeRTOS/Source/timers.o
 .text.prvProcessReceivedCommands
                0x0800bc68      0x1cc ./Middlewares/Third_Party/FreeRTOS/Source/timers.o
 .text.prvSwitchTimerLists
                0x0800be34       0xcc ./Middlewares/Third_Party/FreeRTOS/Source/timers.o
 .text.prvCheckForValidListAndQueue
                0x0800bf00       0x80 ./Middlewares/Third_Party/FreeRTOS/Source/timers.o
 .text.pxPortInitialiseStack
                0x0800bf80       0x68 ./Middlewares/Third_Party/FreeRTOS/Source/portable/GCC/ARM_CM4F/port.o
                0x0800bf80                pxPortInitialiseStack
 .text.prvTaskExitError
                0x0800bfe8       0x5c ./Middlewares/Third_Party/FreeRTOS/Source/portable/GCC/ARM_CM4F/port.o
 *fill*         0x0800c044        0xc 
 .text.SVC_Handler
                0x0800c050       0x28 ./Middlewares/Third_Party/FreeRTOS/Source/portable/GCC/ARM_CM4F/port.o
                0x0800c050                SVC_Handler
 .text.prvPortStartFirstTask
                0x0800c078       0x28 ./Middlewares/Third_Party/FreeRTOS/Source/portable/GCC/ARM_CM4F/port.o
 .text.xPortStartScheduler
                0x0800c0a0      0x148 ./Middlewares/Third_Party/FreeRTOS/Source/portable/GCC/ARM_CM4F/port.o
                0x0800c0a0                xPortStartScheduler
 .text.vPortEnterCritical
                0x0800c1e8       0x64 ./Middlewares/Third_Party/FreeRTOS/Source/portable/GCC/ARM_CM4F/port.o
                0x0800c1e8                vPortEnterCritical
 .text.vPortExitCritical
                0x0800c24c       0x54 ./Middlewares/Third_Party/FreeRTOS/Source/portable/GCC/ARM_CM4F/port.o
                0x0800c24c                vPortExitCritical
 .text.PendSV_Handler
                0x0800c2a0       0x68 ./Middlewares/Third_Party/FreeRTOS/Source/portable/GCC/ARM_CM4F/port.o
                0x0800c2a0                PendSV_Handler
 .text.xPortSysTickHandler
                0x0800c308       0x44 ./Middlewares/Third_Party/FreeRTOS/Source/portable/GCC/ARM_CM4F/port.o
                0x0800c308                xPortSysTickHandler
 .text.vPortSetupTimerInterrupt
                0x0800c34c       0x48 ./Middlewares/Third_Party/FreeRTOS/Source/portable/GCC/ARM_CM4F/port.o
                0x0800c34c                vPortSetupTimerInterrupt
 .text.vPortEnableVFP
                0x0800c394       0x14 ./Middlewares/Third_Party/FreeRTOS/Source/portable/GCC/ARM_CM4F/port.o
 .text.vPortValidateInterruptPriority
                0x0800c3a8       0x84 ./Middlewares/Third_Party/FreeRTOS/Source/portable/GCC/ARM_CM4F/port.o
                0x0800c3a8                vPortValidateInterruptPriority
 .text.pvPortMalloc
                0x0800c42c      0x19c ./Middlewares/Third_Party/FreeRTOS/Source/portable/MemMang/heap_4.o
                0x0800c42c                pvPortMalloc
 .text.vPortFree
                0x0800c5c8       0xc8 ./Middlewares/Third_Party/FreeRTOS/Source/portable/MemMang/heap_4.o
                0x0800c5c8                vPortFree
 .text.prvHeapInit
                0x0800c690       0xc4 ./Middlewares/Third_Party/FreeRTOS/Source/portable/MemMang/heap_4.o
 .text.prvInsertBlockIntoFreeList
                0x0800c754       0xb4 ./Middlewares/Third_Party/FreeRTOS/Source/portable/MemMang/heap_4.o
 .text.usage    0x0800c808       0x3c ./Src/application.o
                0x0800c808                usage
 .text.StartDefaultTask
                0x0800c844      0x1c0 ./Src/application.o
                0x0800c844                StartDefaultTask
 .text.vPortSuppressTicksAndSleep
                0x0800ca04       0x14 ./Src/freertos.o
                0x0800ca04                vPortSuppressTicksAndSleep
 .text.led3     0x0800ca18       0x3c ./Src/io.o
                0x0800ca18                led3
 .text.LL_GPIO_ResetOutputPin
                0x0800ca54       0x1c ./Src/main.o
 .text.LL_AHB2_GRP1_EnableClock
                0x0800ca70       0x30 ./Src/main.o
 .text.main     0x0800caa0       0x78 ./Src/main.o
                0x0800caa0                main
 .text.SystemClock_Config
                0x0800cb18       0xa6 ./Src/main.o
                0x0800cb18                SystemClock_Config
 .text.PeriphCommonClock_Config
                0x0800cbbe       0x58 ./Src/main.o
                0x0800cbbe                PeriphCommonClock_Config
 *fill*         0x0800cc16        0x2 
 .text.MX_ADC1_Init
                0x0800cc18       0xf0 ./Src/main.o
 .text.MX_ADC3_Init
                0x0800cd08       0xc8 ./Src/main.o
 .text.MX_COMP1_Init
                0x0800cdd0       0x58 ./Src/main.o
 .text.MX_DAC1_Init
                0x0800ce28       0x78 ./Src/main.o
 .text.MX_LCD_Init
                0x0800cea0       0x70 ./Src/main.o
 .text.MX_OPAMP1_Init
                0x0800cf10       0x50 ./Src/main.o
 .text.MX_OPAMP2_Init
                0x0800cf60       0x50 ./Src/main.o
 .text.MX_FMC_Init
                0x0800cfb0       0xc8 ./Src/main.o
 .text.MX_GPIO_Init
                0x0800d078      0x124 ./Src/main.o
 .text.HAL_TIM_PeriodElapsedCallback
                0x0800d19c       0x24 ./Src/main.o
                0x0800d19c                HAL_TIM_PeriodElapsedCallback
 .text.Error_Handler
                0x0800d1c0        0xc ./Src/main.o
                0x0800d1c0                Error_Handler
 .text.HAL_MspInit
                0x0800d1cc       0x60 ./Src/stm32l4xx_hal_msp.o
                0x0800d1cc                HAL_MspInit
 .text.HAL_ADC_MspInit
                0x0800d22c      0x100 ./Src/stm32l4xx_hal_msp.o
                0x0800d22c                HAL_ADC_MspInit
 .text.HAL_COMP_MspInit
                0x0800d32c       0x68 ./Src/stm32l4xx_hal_msp.o
                0x0800d32c                HAL_COMP_MspInit
 .text.HAL_DAC_MspInit
                0x0800d394       0x7c ./Src/stm32l4xx_hal_msp.o
                0x0800d394                HAL_DAC_MspInit
 .text.HAL_LCD_MspInit
                0x0800d410      0x154 ./Src/stm32l4xx_hal_msp.o
                0x0800d410                HAL_LCD_MspInit
 .text.HAL_OPAMP_MspInit
                0x0800d564      0x158 ./Src/stm32l4xx_hal_msp.o
                0x0800d564                HAL_OPAMP_MspInit
 .text.HAL_FMC_MspInit
                0x0800d6bc       0xd4 ./Src/stm32l4xx_hal_msp.o
 .text.HAL_SRAM_MspInit
                0x0800d790       0x14 ./Src/stm32l4xx_hal_msp.o
                0x0800d790                HAL_SRAM_MspInit
 .text.HAL_InitTick
                0x0800d7a4       0xdc ./Src/stm32l4xx_hal_timebase_tim.o
                0x0800d7a4                HAL_InitTick
 .text.NMI_Handler
                0x0800d880        0x8 ./Src/stm32l4xx_it.o
                0x0800d880                NMI_Handler
 .text.HardFault_Handler
                0x0800d888        0x8 ./Src/stm32l4xx_it.o
                0x0800d888                HardFault_Handler
 .text.MemManage_Handler
                0x0800d890        0x8 ./Src/stm32l4xx_it.o
                0x0800d890                MemManage_Handler
 .text.BusFault_Handler
                0x0800d898        0x8 ./Src/stm32l4xx_it.o
                0x0800d898                BusFault_Handler
 .text.UsageFault_Handler
                0x0800d8a0        0x8 ./Src/stm32l4xx_it.o
                0x0800d8a0                UsageFault_Handler
 .text.DebugMon_Handler
                0x0800d8a8        0xe ./Src/stm32l4xx_it.o
                0x0800d8a8                DebugMon_Handler
 *fill*         0x0800d8b6        0x2 
 .text.TIM1_UP_TIM16_IRQHandler
                0x0800d8b8       0x14 ./Src/stm32l4xx_it.o
                0x0800d8b8                TIM1_UP_TIM16_IRQHandler
 .text.OTG_FS_IRQHandler
                0x0800d8cc       0x14 ./Src/stm32l4xx_it.o
                0x0800d8cc                OTG_FS_IRQHandler
 .text._sbrk    0x0800d8e0       0x6c ./Src/sysmem.o
                0x0800d8e0                _sbrk
 .text.SystemInit
                0x0800d94c       0x24 ./Src/system_stm32l4xx.o
                0x0800d94c                SystemInit
 .text.MX_USB_DEVICE_Init
                0x0800d970       0x60 ./Src/usb_device.o
                0x0800d970                MX_USB_DEVICE_Init
 .text.CDC_Init_FS
                0x0800d9d0       0x28 ./Src/usbd_cdc_if.o
 .text.CDC_DeInit_FS
                0x0800d9f8       0x10 ./Src/usbd_cdc_if.o
 .text.CDC_Control_FS
                0x0800da08       0xe4 ./Src/usbd_cdc_if.o
 .text.CDC_Receive_FS
                0x0800daec       0x3c ./Src/usbd_cdc_if.o
 .text.CDC_Transmit_FS
                0x0800db28       0x4c ./Src/usbd_cdc_if.o
                0x0800db28                CDC_Transmit_FS
 .text.CDC_TransmitCplt_FS
                0x0800db74       0x22 ./Src/usbd_cdc_if.o
 *fill*         0x0800db96        0x2 
 .text.HAL_PCD_MspInit
                0x0800db98      0x104 ./Src/usbd_conf.o
                0x0800db98                HAL_PCD_MspInit
 .text.HAL_PCD_SetupStageCallback
                0x0800dc9c       0x24 ./Src/usbd_conf.o
                0x0800dc9c                HAL_PCD_SetupStageCallback
 .text.HAL_PCD_DataOutStageCallback
                0x0800dcc0       0x36 ./Src/usbd_conf.o
                0x0800dcc0                HAL_PCD_DataOutStageCallback
 .text.HAL_PCD_DataInStageCallback
                0x0800dcf6       0x34 ./Src/usbd_conf.o
                0x0800dcf6                HAL_PCD_DataInStageCallback
 .text.HAL_PCD_SOFCallback
                0x0800dd2a       0x1c ./Src/usbd_conf.o
                0x0800dd2a                HAL_PCD_SOFCallback
 .text.HAL_PCD_ResetCallback
                0x0800dd46       0x3c ./Src/usbd_conf.o
                0x0800dd46                HAL_PCD_ResetCallback
 *fill*         0x0800dd82        0x2 
 .text.HAL_PCD_SuspendCallback
                0x0800dd84       0x4c ./Src/usbd_conf.o
                0x0800dd84                HAL_PCD_SuspendCallback
 .text.HAL_PCD_ResumeCallback
                0x0800ddd0       0x50 ./Src/usbd_conf.o
                0x0800ddd0                HAL_PCD_ResumeCallback
 .text.HAL_PCD_ISOOUTIncompleteCallback
                0x0800de20       0x24 ./Src/usbd_conf.o
                0x0800de20                HAL_PCD_ISOOUTIncompleteCallback
 .text.HAL_PCD_ISOINIncompleteCallback
                0x0800de44       0x24 ./Src/usbd_conf.o
                0x0800de44                HAL_PCD_ISOINIncompleteCallback
 .text.HAL_PCD_ConnectCallback
                0x0800de68       0x1c ./Src/usbd_conf.o
                0x0800de68                HAL_PCD_ConnectCallback
 .text.HAL_PCD_DisconnectCallback
                0x0800de84       0x1c ./Src/usbd_conf.o
                0x0800de84                HAL_PCD_DisconnectCallback
 .text.USBD_LL_Init
                0x0800dea0       0x98 ./Src/usbd_conf.o
                0x0800dea0                USBD_LL_Init
 .text.USBD_LL_Start
                0x0800df38       0x64 ./Src/usbd_conf.o
                0x0800df38                USBD_LL_Start
 .text.USBD_LL_OpenEP
                0x0800df9c       0x7c ./Src/usbd_conf.o
                0x0800df9c                USBD_LL_OpenEP
 .text.USBD_LL_CloseEP
                0x0800e018       0x6c ./Src/usbd_conf.o
                0x0800e018                USBD_LL_CloseEP
 .text.USBD_LL_StallEP
                0x0800e084       0x6c ./Src/usbd_conf.o
                0x0800e084                USBD_LL_StallEP
 .text.USBD_LL_ClearStallEP
                0x0800e0f0       0x6c ./Src/usbd_conf.o
                0x0800e0f0                USBD_LL_ClearStallEP
 .text.USBD_LL_IsStallEP
                0x0800e15c       0x58 ./Src/usbd_conf.o
                0x0800e15c                USBD_LL_IsStallEP
 .text.USBD_LL_SetUSBAddress
                0x0800e1b4       0x6c ./Src/usbd_conf.o
                0x0800e1b4                USBD_LL_SetUSBAddress
 .text.USBD_LL_Transmit
                0x0800e220       0x70 ./Src/usbd_conf.o
                0x0800e220                USBD_LL_Transmit
 .text.USBD_LL_PrepareReceive
                0x0800e290       0x70 ./Src/usbd_conf.o
                0x0800e290                USBD_LL_PrepareReceive
 .text.USBD_LL_GetRxDataSize
                0x0800e300       0x26 ./Src/usbd_conf.o
                0x0800e300                USBD_LL_GetRxDataSize
 *fill*         0x0800e326        0x2 
 .text.USBD_static_malloc
                0x0800e328       0x1c ./Src/usbd_conf.o
                0x0800e328                USBD_static_malloc
 .text.USBD_static_free
                0x0800e344       0x14 ./Src/usbd_conf.o
                0x0800e344                USBD_static_free
 .text.SystemClockConfig_Resume
                0x0800e358        0xc ./Src/usbd_conf.o
 .text.USBD_FS_DeviceDescriptor
                0x0800e364       0x24 ./Src/usbd_desc.o
                0x0800e364                USBD_FS_DeviceDescriptor
 .text.USBD_FS_LangIDStrDescriptor
                0x0800e388       0x24 ./Src/usbd_desc.o
                0x0800e388                USBD_FS_LangIDStrDescriptor
 .text.USBD_FS_ProductStrDescriptor
                0x0800e3ac       0x3c ./Src/usbd_desc.o
                0x0800e3ac                USBD_FS_ProductStrDescriptor
 .text.USBD_FS_ManufacturerStrDescriptor
                0x0800e3e8       0x28 ./Src/usbd_desc.o
                0x0800e3e8                USBD_FS_ManufacturerStrDescriptor
 .text.USBD_FS_SerialStrDescriptor
                0x0800e410       0x24 ./Src/usbd_desc.o
                0x0800e410                USBD_FS_SerialStrDescriptor
 .text.USBD_FS_ConfigStrDescriptor
                0x0800e434       0x3c ./Src/usbd_desc.o
                0x0800e434                USBD_FS_ConfigStrDescriptor
 .text.USBD_FS_InterfaceStrDescriptor
                0x0800e470       0x3c ./Src/usbd_desc.o
                0x0800e470                USBD_FS_InterfaceStrDescriptor
 .text.Get_SerialNum
                0x0800e4ac       0x58 ./Src/usbd_desc.o
 .text.IntToUnicode
                0x0800e504       0x7e ./Src/usbd_desc.o
 *fill*         0x0800e582        0x2 
 .text.usbserialInit
                0x0800e584       0x60 ./Src/usbserial.o
                0x0800e584                usbserialInit
 .text.usbserialQueue
                0x0800e5e4       0x5c ./Src/usbserial.o
                0x0800e5e4                usbserialQueue
 .text.usbserialGetByte
                0x0800e640       0x50 ./Src/usbserial.o
                0x0800e640                usbserialGetByte
 .text.usbserialPutByte
                0x0800e690       0x28 ./Src/usbserial.o
                0x0800e690                usbserialPutByte
 .text.usbserialWriteData
                0x0800e6b8       0x28 ./Src/usbserial.o
                0x0800e6b8                usbserialWriteData
 .text.usbserialPrint
                0x0800e6e0       0x20 ./Src/usbserial.o
                0x0800e6e0                usbserialPrint
 .text.usbserialReadHexNibble
                0x0800e700       0x60 ./Src/usbserial.o
                0x0800e700                usbserialReadHexNibble
 .text.usbserialReadHexWord16
                0x0800e760       0x2c ./Src/usbserial.o
                0x0800e760                usbserialReadHexWord16
 .text.usbserialEchoOn
                0x0800e78c       0x18 ./Src/usbserial.o
                0x0800e78c                usbserialEchoOn
 .text.usbserialReadChar
                0x0800e7a4       0x2c ./Src/usbserial.o
                0x0800e7a4                usbserialReadChar
 .text.usbserialPrintf
                0x0800e7d0       0x36 ./Src/usbserial.o
                0x0800e7d0                usbserialPrintf
 *fill*         0x0800e806        0x2 
 .text.usbserialTxWakeup
                0x0800e808       0x18 ./Src/usbserial.o
                0x0800e808                usbserialTxWakeup
 .text.StartUsbTxTask
                0x0800e820       0x5c ./Src/usbserial.o
                0x0800e820                StartUsbTxTask
 .text.Reset_Handler
                0x0800e87c       0x50 ./Startup/startup_stm32l496vetx.o
                0x0800e87c                Reset_Handler
 .text.Default_Handler
                0x0800e8cc        0x2 ./Startup/startup_stm32l496vetx.o
                0x0800e8cc                RTC_Alarm_IRQHandler
                0x0800e8cc                EXTI2_IRQHandler
                0x0800e8cc                TIM8_TRG_COM_IRQHandler
                0x0800e8cc                TIM8_CC_IRQHandler
                0x0800e8cc                TIM1_CC_IRQHandler
                0x0800e8cc                TSC_IRQHandler
                0x0800e8cc                TAMP_STAMP_IRQHandler
                0x0800e8cc                CAN2_RX1_IRQHandler
                0x0800e8cc                EXTI3_IRQHandler
                0x0800e8cc                LPTIM2_IRQHandler
                0x0800e8cc                DFSDM1_FLT1_IRQHandler
                0x0800e8cc                I2C3_ER_IRQHandler
                0x0800e8cc                DFSDM1_FLT2_IRQHandler
                0x0800e8cc                EXTI0_IRQHandler
                0x0800e8cc                I2C2_EV_IRQHandler
                0x0800e8cc                CAN1_RX0_IRQHandler
                0x0800e8cc                FPU_IRQHandler
                0x0800e8cc                CAN2_SCE_IRQHandler
                0x0800e8cc                ADC1_2_IRQHandler
                0x0800e8cc                SPI1_IRQHandler
                0x0800e8cc                TIM6_DAC_IRQHandler
                0x0800e8cc                DCMI_IRQHandler
                0x0800e8cc                CAN2_RX0_IRQHandler
                0x0800e8cc                TIM8_UP_IRQHandler
                0x0800e8cc                DMA2_Channel2_IRQHandler
                0x0800e8cc                DMA1_Channel4_IRQHandler
                0x0800e8cc                SAI2_IRQHandler
                0x0800e8cc                DFSDM1_FLT3_IRQHandler
                0x0800e8cc                USART3_IRQHandler
                0x0800e8cc                DMA1_Channel7_IRQHandler
                0x0800e8cc                CAN1_RX1_IRQHandler
                0x0800e8cc                LCD_IRQHandler
                0x0800e8cc                UART5_IRQHandler
                0x0800e8cc                ADC3_IRQHandler
                0x0800e8cc                TIM4_IRQHandler
                0x0800e8cc                DMA2_Channel1_IRQHandler
                0x0800e8cc                QUADSPI_IRQHandler
                0x0800e8cc                I2C1_EV_IRQHandler
                0x0800e8cc                DMA1_Channel6_IRQHandler
                0x0800e8cc                UART4_IRQHandler
                0x0800e8cc                DMA2_Channel4_IRQHandler
                0x0800e8cc                TIM3_IRQHandler
                0x0800e8cc                RCC_IRQHandler
                0x0800e8cc                DMA1_Channel1_IRQHandler
                0x0800e8cc                Default_Handler
                0x0800e8cc                DMA2_Channel7_IRQHandler
                0x0800e8cc                EXTI15_10_IRQHandler
                0x0800e8cc                TIM7_IRQHandler
                0x0800e8cc                SDMMC1_IRQHandler
                0x0800e8cc                CAN2_TX_IRQHandler
                0x0800e8cc                TIM5_IRQHandler
                0x0800e8cc                I2C3_EV_IRQHandler
                0x0800e8cc                EXTI9_5_IRQHandler
                0x0800e8cc                RTC_WKUP_IRQHandler
                0x0800e8cc                PVD_PVM_IRQHandler
                0x0800e8cc                SPI2_IRQHandler
                0x0800e8cc                CAN1_TX_IRQHandler
                0x0800e8cc                DMA2_Channel5_IRQHandler
                0x0800e8cc                CRS_IRQHandler
                0x0800e8cc                DMA1_Channel5_IRQHandler
                0x0800e8cc                EXTI4_IRQHandler
                0x0800e8cc                RNG_IRQHandler
                0x0800e8cc                TIM1_TRG_COM_TIM17_IRQHandler
                0x0800e8cc                DMA1_Channel3_IRQHandler
                0x0800e8cc                COMP_IRQHandler
                0x0800e8cc                WWDG_IRQHandler
                0x0800e8cc                I2C4_EV_IRQHandler
                0x0800e8cc                LPUART1_IRQHandler
                0x0800e8cc                DMA2_Channel6_IRQHandler
                0x0800e8cc                TIM2_IRQHandler
                0x0800e8cc                EXTI1_IRQHandler
                0x0800e8cc                USART2_IRQHandler
                0x0800e8cc                DFSDM1_FLT0_IRQHandler
                0x0800e8cc                I2C2_ER_IRQHandler
                0x0800e8cc                DMA1_Channel2_IRQHandler
                0x0800e8cc                TIM8_BRK_IRQHandler
                0x0800e8cc                CAN1_SCE_IRQHandler
                0x0800e8cc                FLASH_IRQHandler
                0x0800e8cc                USART1_IRQHandler
                0x0800e8cc                SPI3_IRQHandler
                0x0800e8cc                I2C1_ER_IRQHandler
                0x0800e8cc                FMC_IRQHandler
                0x0800e8cc                SWPMI1_IRQHandler
                0x0800e8cc                LPTIM1_IRQHandler
                0x0800e8cc                I2C4_ER_IRQHandler
                0x0800e8cc                SAI1_IRQHandler
                0x0800e8cc                DMA2_Channel3_IRQHandler
                0x0800e8cc                TIM1_BRK_TIM15_IRQHandler
 .text.stm32_lock_acquire
                0x0800e8ce       0x64 ./ThreadSafe/newlib_lock_glue.o
 .text.stm32_lock_release
                0x0800e932       0x58 ./ThreadSafe/newlib_lock_glue.o
 .text.__retarget_lock_acquire_recursive
                0x0800e98a       0x2a ./ThreadSafe/newlib_lock_glue.o
                0x0800e98a                __retarget_lock_acquire_recursive
 .text.__retarget_lock_release_recursive
                0x0800e9b4       0x2a ./ThreadSafe/newlib_lock_glue.o
                0x0800e9b4                __retarget_lock_release_recursive
 *fill*         0x0800e9de        0x2 
 .text.sbrk_aligned
                0x0800e9e0       0x44 /opt/st/stm32cubeide_1.16.1/plugins/com.st.stm32cube.ide.mcu.externaltools.gnu-tools-for-stm32.12.3.rel1.linux64_1.0.200.202406132123/tools/bin/../lib/gcc/arm-none-eabi/12.3.1/../../../../arm-none-eabi/lib/thumb/v7e-m+fp/hard/libc_nano.a(libc_a-mallocr.o)
 .text._malloc_r
                0x0800ea24      0x100 /opt/st/stm32cubeide_1.16.1/plugins/com.st.stm32cube.ide.mcu.externaltools.gnu-tools-for-stm32.12.3.rel1.linux64_1.0.200.202406132123/tools/bin/../lib/gcc/arm-none-eabi/12.3.1/../../../../arm-none-eabi/lib/thumb/v7e-m+fp/hard/libc_nano.a(libc_a-mallocr.o)
                0x0800ea24                _malloc_r
 .text.__malloc_lock
                0x0800eb24        0xc /opt/st/stm32cubeide_1.16.1/plugins/com.st.stm32cube.ide.mcu.externaltools.gnu-tools-for-stm32.12.3.rel1.linux64_1.0.200.202406132123/tools/bin/../lib/gcc/arm-none-eabi/12.3.1/../../../../arm-none-eabi/lib/thumb/v7e-m+fp/hard/libc_nano.a(libc_a-mlock.o)
                0x0800eb24                __malloc_lock
 .text.__malloc_unlock
                0x0800eb30        0xc /opt/st/stm32cubeide_1.16.1/plugins/com.st.stm32cube.ide.mcu.externaltools.gnu-tools-for-stm32.12.3.rel1.linux64_1.0.200.202406132123/tools/bin/../lib/gcc/arm-none-eabi/12.3.1/../../../../arm-none-eabi/lib/thumb/v7e-m+fp/hard/libc_nano.a(libc_a-mlock.o)
                0x0800eb30                __malloc_unlock
 .text._vsnprintf_r
                0x0800eb3c       0x56 /opt/st/stm32cubeide_1.16.1/plugins/com.st.stm32cube.ide.mcu.externaltools.gnu-tools-for-stm32.12.3.rel1.linux64_1.0.200.202406132123/tools/bin/../lib/gcc/arm-none-eabi/12.3.1/../../../../arm-none-eabi/lib/thumb/v7e-m+fp/hard/libc_nano.a(libc_a-vsnprintf.o)
                0x0800eb3c                _vsnprintf_r
                0x0800eb3c                _vsniprintf_r
 *fill*         0x0800eb92        0x2 
 .text.vsnprintf
                0x0800eb94       0x1c /opt/st/stm32cubeide_1.16.1/plugins/com.st.stm32cube.ide.mcu.externaltools.gnu-tools-for-stm32.12.3.rel1.linux64_1.0.200.202406132123/tools/bin/../lib/gcc/arm-none-eabi/12.3.1/../../../../arm-none-eabi/lib/thumb/v7e-m+fp/hard/libc_nano.a(libc_a-vsnprintf.o)
                0x0800eb94                vsnprintf
                0x0800eb94                vsniprintf
 .text.memset   0x0800ebb0       0x10 /opt/st/stm32cubeide_1.16.1/plugins/com.st.stm32cube.ide.mcu.externaltools.gnu-tools-for-stm32.12.3.rel1.linux64_1.0.200.202406132123/tools/bin/../lib/gcc/arm-none-eabi/12.3.1/../../../../arm-none-eabi/lib/thumb/v7e-m+fp/hard/libc_nano.a(libc_a-memset.o)
                0x0800ebb0                memset
 .text._reclaim_reent
                0x0800ebc0       0xac /opt/st/stm32cubeide_1.16.1/plugins/com.st.stm32cube.ide.mcu.externaltools.gnu-tools-for-stm32.12.3.rel1.linux64_1.0.200.202406132123/tools/bin/../lib/gcc/arm-none-eabi/12.3.1/../../../../arm-none-eabi/lib/thumb/v7e-m+fp/hard/libc_nano.a(libc_a-reent.o)
                0x0800ebc0                _reclaim_reent
 .text._sbrk_r  0x0800ec6c       0x20 /opt/st/stm32cubeide_1.16.1/plugins/com.st.stm32cube.ide.mcu.externaltools.gnu-tools-for-stm32.12.3.rel1.linux64_1.0.200.202406132123/tools/bin/../lib/gcc/arm-none-eabi/12.3.1/../../../../arm-none-eabi/lib/thumb/v7e-m+fp/hard/libc_nano.a(libc_a-sbrkr.o)
                0x0800ec6c                _sbrk_r
 .text.__errno  0x0800ec8c        0xc /opt/st/stm32cubeide_1.16.1/plugins/com.st.stm32cube.ide.mcu.externaltools.gnu-tools-for-stm32.12.3.rel1.linux64_1.0.200.202406132123/tools/bin/../lib/gcc/arm-none-eabi/12.3.1/../../../../arm-none-eabi/lib/thumb/v7e-m+fp/hard/libc_nano.a(libc_a-errno.o)
                0x0800ec8c                __errno
 .text.__libc_init_array
                0x0800ec98       0x48 /opt/st/stm32cubeide_1.16.1/plugins/com.st.stm32cube.ide.mcu.externaltools.gnu-tools-for-stm32.12.3.rel1.linux64_1.0.200.202406132123/tools/bin/../lib/gcc/arm-none-eabi/12.3.1/../../../../arm-none-eabi/lib/thumb/v7e-m+fp/hard/libc_nano.a(libc_a-init.o)
                0x0800ec98                __libc_init_array
 .text.memcpy   0x0800ece0       0x1c /opt/st/stm32cubeide_1.16.1/plugins/com.st.stm32cube.ide.mcu.externaltools.gnu-tools-for-stm32.12.3.rel1.linux64_1.0.200.202406132123/tools/bin/../lib/gcc/arm-none-eabi/12.3.1/../../../../arm-none-eabi/lib/thumb/v7e-m+fp/hard/libc_nano.a(libc_a-memcpy-stub.o)
                0x0800ece0                memcpy
 .text._free_r  0x0800ecfc       0x94 /opt/st/stm32cubeide_1.16.1/plugins/com.st.stm32cube.ide.mcu.externaltools.gnu-tools-for-stm32.12.3.rel1.linux64_1.0.200.202406132123/tools/bin/../lib/gcc/arm-none-eabi/12.3.1/../../../../arm-none-eabi/lib/thumb/v7e-m+fp/hard/libc_nano.a(libc_a-freer.o)
                0x0800ecfc                _free_r
 .text.__ssputs_r
                0x0800ed90       0xb6 /opt/st/stm32cubeide_1.16.1/plugins/com.st.stm32cube.ide.mcu.externaltools.gnu-tools-for-stm32.12.3.rel1.linux64_1.0.200.202406132123/tools/bin/../lib/gcc/arm-none-eabi/12.3.1/../../../../arm-none-eabi/lib/thumb/v7e-m+fp/hard/libc_nano.a(libc_a-nano-svfprintf.o)
                0x0800ed90                __ssputs_r
 *fill*         0x0800ee46        0x2 
 .text._svfprintf_r
                0x0800ee48      0x1f8 /opt/st/stm32cubeide_1.16.1/plugins/com.st.stm32cube.ide.mcu.externaltools.gnu-tools-for-stm32.12.3.rel1.linux64_1.0.200.202406132123/tools/bin/../lib/gcc/arm-none-eabi/12.3.1/../../../../arm-none-eabi/lib/thumb/v7e-m+fp/hard/libc_nano.a(libc_a-nano-svfprintf.o)
                0x0800ee48                _svfprintf_r
                0x0800ee48                _svfiprintf_r
 .text._printf_common
                0x0800f040       0xda /opt/st/stm32cubeide_1.16.1/plugins/com.st.stm32cube.ide.mcu.externaltools.gnu-tools-for-stm32.12.3.rel1.linux64_1.0.200.202406132123/tools/bin/../lib/gcc/arm-none-eabi/12.3.1/../../../../arm-none-eabi/lib/thumb/v7e-m+fp/hard/libc_nano.a(libc_a-nano-vfprintf_i.o)
                0x0800f040                _printf_common
 *fill*         0x0800f11a        0x2 
 .text._printf_i
                0x0800f11c      0x240 /opt/st/stm32cubeide_1.16.1/plugins/com.st.stm32cube.ide.mcu.externaltools.gnu-tools-for-stm32.12.3.rel1.linux64_1.0.200.202406132123/tools/bin/../lib/gcc/arm-none-eabi/12.3.1/../../../../arm-none-eabi/lib/thumb/v7e-m+fp/hard/libc_nano.a(libc_a-nano-vfprintf_i.o)
                0x0800f11c                _printf_i
 .text.memmove  0x0800f35c       0x34 /opt/st/stm32cubeide_1.16.1/plugins/com.st.stm32cube.ide.mcu.externaltools.gnu-tools-for-stm32.12.3.rel1.linux64_1.0.200.202406132123/tools/bin/../lib/gcc/arm-none-eabi/12.3.1/../../../../arm-none-eabi/lib/thumb/v7e-m+fp/hard/libc_nano.a(libc_a-memmove.o)
                0x0800f35c                memmove
 .text._realloc_r
                0x0800f390       0x5c /opt/st/stm32cubeide_1.16.1/plugins/com.st.stm32cube.ide.mcu.externaltools.gnu-tools-for-stm32.12.3.rel1.linux64_1.0.200.202406132123/tools/bin/../lib/gcc/arm-none-eabi/12.3.1/../../../../arm-none-eabi/lib/thumb/v7e-m+fp/hard/libc_nano.a(libc_a-reallocr.o)
                0x0800f390                _realloc_r
 .text._malloc_usable_size_r
                0x0800f3ec       0x10 /opt/st/stm32cubeide_1.16.1/plugins/com.st.stm32cube.ide.mcu.externaltools.gnu-tools-for-stm32.12.3.rel1.linux64_1.0.200.202406132123/tools/bin/../lib/gcc/arm-none-eabi/12.3.1/../../../../arm-none-eabi/lib/thumb/v7e-m+fp/hard/libc_nano.a(libc_a-msizer.o)
                0x0800f3ec                _malloc_usable_size_r
 *(.glue_7)
 .glue_7        0x0800f3fc        0x0 linker stubs
 *(.glue_7t)
 .glue_7t       0x0800f3fc        0x0 linker stubs
 *(.eh_frame)
 .eh_frame      0x0800f3fc        0x0 /opt/st/stm32cubeide_1.16.1/plugins/com.st.stm32cube.ide.mcu.externaltools.gnu-tools-for-stm32.12.3.rel1.linux64_1.0.200.202406132123/tools/bin/../lib/gcc/arm-none-eabi/12.3.1/thumb/v7e-m+fp/hard/crtbegin.o
 *(.init)
 .init          0x0800f3fc        0x4 /opt/st/stm32cubeide_1.16.1/plugins/com.st.stm32cube.ide.mcu.externaltools.gnu-tools-for-stm32.12.3.rel1.linux64_1.0.200.202406132123/tools/bin/../lib/gcc/arm-none-eabi/12.3.1/thumb/v7e-m+fp/hard/crti.o
                0x0800f3fc                _init
 .init          0x0800f400        0x8 /opt/st/stm32cubeide_1.16.1/plugins/com.st.stm32cube.ide.mcu.externaltools.gnu-tools-for-stm32.12.3.rel1.linux64_1.0.200.202406132123/tools/bin/../lib/gcc/arm-none-eabi/12.3.1/thumb/v7e-m+fp/hard/crtn.o
 *(.fini)
 .fini          0x0800f408        0x4 /opt/st/stm32cubeide_1.16.1/plugins/com.st.stm32cube.ide.mcu.externaltools.gnu-tools-for-stm32.12.3.rel1.linux64_1.0.200.202406132123/tools/bin/../lib/gcc/arm-none-eabi/12.3.1/thumb/v7e-m+fp/hard/crti.o
                0x0800f408                _fini
 .fini          0x0800f40c        0x8 /opt/st/stm32cubeide_1.16.1/plugins/com.st.stm32cube.ide.mcu.externaltools.gnu-tools-for-stm32.12.3.rel1.linux64_1.0.200.202406132123/tools/bin/../lib/gcc/arm-none-eabi/12.3.1/thumb/v7e-m+fp/hard/crtn.o
                0x0800f414                        . = ALIGN (0x4)
                0x0800f414                        _etext = .

.vfp11_veneer   0x0800f414        0x0
 .vfp11_veneer  0x0800f414        0x0 linker stubs

.v4_bx          0x0800f414        0x0
 .v4_bx         0x0800f414        0x0 linker stubs

.iplt           0x0800f414        0x0
 .iplt          0x0800f414        0x0 /opt/st/stm32cubeide_1.16.1/plugins/com.st.stm32cube.ide.mcu.externaltools.gnu-tools-for-stm32.12.3.rel1.linux64_1.0.200.202406132123/tools/bin/../lib/gcc/arm-none-eabi/12.3.1/thumb/v7e-m+fp/hard/crtbegin.o

.rodata         0x0800f414      0x3d4
                0x0800f414                        . = ALIGN (0x4)
 *(.rodata)
 .rodata        0x0800f414        0x5 ./Middlewares/Third_Party/FreeRTOS/Source/tasks.o
 *fill*         0x0800f419        0x3 
 .rodata        0x0800f41c        0xd ./Middlewares/Third_Party/FreeRTOS/Source/timers.o
 *fill*         0x0800f429        0x3 
 .rodata        0x0800f42c      0x1ad ./Src/application.o
 *fill*         0x0800f5d9        0x3 
 .rodata        0x0800f5dc       0x16 ./Src/main.o
 *fill*         0x0800f5f2        0x2 
 .rodata        0x0800f5f4       0x2e ./Src/usbd_desc.o
 *(.rodata*)
 *fill*         0x0800f622        0x2 
 .rodata.defaultTask_attributes
                0x0800f624       0x24 ./Src/main.o
                0x0800f624                defaultTask_attributes
 .rodata.usbTxTask_attributes
                0x0800f648       0x24 ./Src/main.o
                0x0800f648                usbTxTask_attributes
 .rodata.AHBPrescTable
                0x0800f66c       0x10 ./Src/system_stm32l4xx.o
                0x0800f66c                AHBPrescTable
 .rodata.APBPrescTable
                0x0800f67c        0x8 ./Src/system_stm32l4xx.o
                0x0800f67c                APBPrescTable
 .rodata.MSIRangeTable
                0x0800f684       0x30 ./Src/system_stm32l4xx.o
                0x0800f684                MSIRangeTable
 .rodata._ctype_
                0x0800f6b4      0x101 /opt/st/stm32cubeide_1.16.1/plugins/com.st.stm32cube.ide.mcu.externaltools.gnu-tools-for-stm32.12.3.rel1.linux64_1.0.200.202406132123/tools/bin/../lib/gcc/arm-none-eabi/12.3.1/../../../../arm-none-eabi/lib/thumb/v7e-m+fp/hard/libc_nano.a(libc_a-ctype_.o)
                0x0800f6b4                _ctype_
 .rodata._svfprintf_r.str1.1
                0x0800f7b5       0x11 /opt/st/stm32cubeide_1.16.1/plugins/com.st.stm32cube.ide.mcu.externaltools.gnu-tools-for-stm32.12.3.rel1.linux64_1.0.200.202406132123/tools/bin/../lib/gcc/arm-none-eabi/12.3.1/../../../../arm-none-eabi/lib/thumb/v7e-m+fp/hard/libc_nano.a(libc_a-nano-svfprintf.o)
 .rodata._printf_i.str1.1
                0x0800f7c6       0x22 /opt/st/stm32cubeide_1.16.1/plugins/com.st.stm32cube.ide.mcu.externaltools.gnu-tools-for-stm32.12.3.rel1.linux64_1.0.200.202406132123/tools/bin/../lib/gcc/arm-none-eabi/12.3.1/../../../../arm-none-eabi/lib/thumb/v7e-m+fp/hard/libc_nano.a(libc_a-nano-vfprintf_i.o)
                0x0800f7e8                        . = ALIGN (0x4)

.ARM.extab      0x0800f7e8        0x0
                0x0800f7e8                        . = ALIGN (0x4)
 *(.ARM.extab* .gnu.linkonce.armextab.*)
                0x0800f7e8                        . = ALIGN (0x4)

.ARM            0x0800f7e8        0x8
                0x0800f7e8                        . = ALIGN (0x4)
                0x0800f7e8                        __exidx_start = .
 *(.ARM.exidx*)
 .ARM.exidx     0x0800f7e8        0x8 /opt/st/stm32cubeide_1.16.1/plugins/com.st.stm32cube.ide.mcu.externaltools.gnu-tools-for-stm32.12.3.rel1.linux64_1.0.200.202406132123/tools/bin/../lib/gcc/arm-none-eabi/12.3.1/../../../../arm-none-eabi/lib/thumb/v7e-m+fp/hard/libc_nano.a(libc_a-strlen.o)
 .ARM.exidx     0x0800f7f0        0x0 /opt/st/stm32cubeide_1.16.1/plugins/com.st.stm32cube.ide.mcu.externaltools.gnu-tools-for-stm32.12.3.rel1.linux64_1.0.200.202406132123/tools/bin/../lib/gcc/arm-none-eabi/12.3.1/../../../../arm-none-eabi/lib/thumb/v7e-m+fp/hard/libc_nano.a(libc_a-memchr.o)
                                  0x8 (size before relaxing)
                0x0800f7f0                        __exidx_end = .
                0x0800f7f0                        . = ALIGN (0x4)

.rel.dyn        0x0800f7f0        0x0
 .rel.iplt      0x0800f7f0        0x0 /opt/st/stm32cubeide_1.16.1/plugins/com.st.stm32cube.ide.mcu.externaltools.gnu-tools-for-stm32.12.3.rel1.linux64_1.0.200.202406132123/tools/bin/../lib/gcc/arm-none-eabi/12.3.1/thumb/v7e-m+fp/hard/crtbegin.o

.preinit_array  0x0800f7f0        0x0
                0x0800f7f0                        . = ALIGN (0x4)
                0x0800f7f0                        PROVIDE (__preinit_array_start = .)
 *(.preinit_array*)
                0x0800f7f0                        PROVIDE (__preinit_array_end = .)
                0x0800f7f0                        . = ALIGN (0x4)

.init_array     0x0800f7f0        0x4
                0x0800f7f0                        . = ALIGN (0x4)
                0x0800f7f0                        PROVIDE (__init_array_start = .)
 *(SORT_BY_NAME(.init_array.*))
 *(.init_array*)
 .init_array    0x0800f7f0        0x4 /opt/st/stm32cubeide_1.16.1/plugins/com.st.stm32cube.ide.mcu.externaltools.gnu-tools-for-stm32.12.3.rel1.linux64_1.0.200.202406132123/tools/bin/../lib/gcc/arm-none-eabi/12.3.1/thumb/v7e-m+fp/hard/crtbegin.o
                0x0800f7f4                        PROVIDE (__init_array_end = .)
                0x0800f7f4                        . = ALIGN (0x4)

.fini_array     0x0800f7f4        0x4
                0x0800f7f4                        . = ALIGN (0x4)
                [!provide]                        PROVIDE (__fini_array_start = .)
 *(SORT_BY_NAME(.fini_array.*))
 *(.fini_array*)
 .fini_array    0x0800f7f4        0x4 /opt/st/stm32cubeide_1.16.1/plugins/com.st.stm32cube.ide.mcu.externaltools.gnu-tools-for-stm32.12.3.rel1.linux64_1.0.200.202406132123/tools/bin/../lib/gcc/arm-none-eabi/12.3.1/thumb/v7e-m+fp/hard/crtbegin.o
                [!provide]                        PROVIDE (__fini_array_end = .)
                0x0800f7f8                        . = ALIGN (0x4)
                0x0800f7f8                        _sidata = LOADADDR (.data)

.data           0x20000000      0x158 load address 0x0800f7f8
                0x20000000                        . = ALIGN (0x4)
                0x20000000                        _sdata = .
 *(.data)
 *(.data*)
 .data.uwTickPrio
                0x20000000        0x4 ./Drivers/STM32L4xx_HAL_Driver/Src/stm32l4xx_hal.o
                0x20000000                uwTickPrio
 .data.uwTickFreq
                0x20000004        0x1 ./Drivers/STM32L4xx_HAL_Driver/Src/stm32l4xx_hal.o
                0x20000004                uwTickFreq
 *fill*         0x20000005        0x3 
 .data.USBD_CDC_DeviceQualifierDesc
                0x20000008        0xa ./Middlewares/ST/STM32_USB_Device_Library/Class/CDC/Src/usbd_cdc.o
 *fill*         0x20000012        0x2 
 .data.USBD_CDC
                0x20000014       0x38 ./Middlewares/ST/STM32_USB_Device_Library/Class/CDC/Src/usbd_cdc.o
                0x20000014                USBD_CDC
 .data.USBD_CDC_CfgDesc
                0x2000004c       0x43 ./Middlewares/ST/STM32_USB_Device_Library/Class/CDC/Src/usbd_cdc.o
 .data.CDCInEpAdd
                0x2000008f        0x1 ./Middlewares/ST/STM32_USB_Device_Library/Class/CDC/Src/usbd_cdc.o
 .data.CDCOutEpAdd
                0x20000090        0x1 ./Middlewares/ST/STM32_USB_Device_Library/Class/CDC/Src/usbd_cdc.o
 .data.CDCCmdEpAdd
                0x20000091        0x1 ./Middlewares/ST/STM32_USB_Device_Library/Class/CDC/Src/usbd_cdc.o
 *fill*         0x20000092        0x2 
 .data.uxCriticalNesting
                0x20000094        0x4 ./Middlewares/Third_Party/FreeRTOS/Source/portable/GCC/ARM_CM4F/port.o
 .data.SystemCoreClock
                0x20000098        0x4 ./Src/system_stm32l4xx.o
                0x20000098                SystemCoreClock
 .data.lineCoding
                0x2000009c        0x7 ./Src/usbd_cdc_if.o
 *fill*         0x200000a3        0x1 
 .data.USBD_Interface_fops_FS
                0x200000a4       0x14 ./Src/usbd_cdc_if.o
                0x200000a4                USBD_Interface_fops_FS
 .data.FS_Desc  0x200000b8       0x1c ./Src/usbd_desc.o
                0x200000b8                FS_Desc
 .data.USBD_FS_DeviceDesc
                0x200000d4       0x12 ./Src/usbd_desc.o
                0x200000d4                USBD_FS_DeviceDesc
 *fill*         0x200000e6        0x2 
 .data.USBD_LangIDDesc
                0x200000e8        0x4 ./Src/usbd_desc.o
                0x200000e8                USBD_LangIDDesc
 .data.USBD_StringSerial
                0x200000ec       0x1a ./Src/usbd_desc.o
                0x200000ec                USBD_StringSerial
 *fill*         0x20000106        0x2 
 .data._impure_ptr
                0x20000108        0x4 /opt/st/stm32cubeide_1.16.1/plugins/com.st.stm32cube.ide.mcu.externaltools.gnu-tools-for-stm32.12.3.rel1.linux64_1.0.200.202406132123/tools/bin/../lib/gcc/arm-none-eabi/12.3.1/../../../../arm-none-eabi/lib/thumb/v7e-m+fp/hard/libc_nano.a(libc_a-impure.o)
                0x20000108                _impure_ptr
 .data._impure_data